Archive member included to satisfy reference by file (symbol)

c:/program files (x86)/atollic/truestudio for stm32 9.3.0/armtools/bin/../lib/gcc/arm-atollic-eabi/6.3.1/../../../../arm-atollic-eabi/lib/armv7e-m/fpu\libc_nano.a(lib_a-errno.o)
                              Src\syscalls.o (__errno)
c:/program files (x86)/atollic/truestudio for stm32 9.3.0/armtools/bin/../lib/gcc/arm-atollic-eabi/6.3.1/../../../../arm-atollic-eabi/lib/armv7e-m/fpu\libc_nano.a(lib_a-impure.o)
                              c:/program files (x86)/atollic/truestudio for stm32 9.3.0/armtools/bin/../lib/gcc/arm-atollic-eabi/6.3.1/../../../../arm-atollic-eabi/lib/armv7e-m/fpu\libc_nano.a(lib_a-errno.o) (_impure_ptr)
c:/program files (x86)/atollic/truestudio for stm32 9.3.0/armtools/bin/../lib/gcc/arm-atollic-eabi/6.3.1/../../../../arm-atollic-eabi/lib/armv7e-m/fpu\libc_nano.a(lib_a-init.o)
                              startup\startup_stm32f407xx.o (__libc_init_array)
c:/program files (x86)/atollic/truestudio for stm32 9.3.0/armtools/bin/../lib/gcc/arm-atollic-eabi/6.3.1/../../../../arm-atollic-eabi/lib/armv7e-m/fpu\libc_nano.a(lib_a-malloc.o)
                              Middlewares\ST\STM32_USB_Host_Library\Class\CDC\Src\usbh_cdc.o (malloc)
c:/program files (x86)/atollic/truestudio for stm32 9.3.0/armtools/bin/../lib/gcc/arm-atollic-eabi/6.3.1/../../../../arm-atollic-eabi/lib/armv7e-m/fpu\libc_nano.a(lib_a-memset.o)
                              Src\gpio.o (memset)
c:/program files (x86)/atollic/truestudio for stm32 9.3.0/armtools/bin/../lib/gcc/arm-atollic-eabi/6.3.1/../../../../arm-atollic-eabi/lib/armv7e-m/fpu\libc_nano.a(lib_a-nano-freer.o)
                              c:/program files (x86)/atollic/truestudio for stm32 9.3.0/armtools/bin/../lib/gcc/arm-atollic-eabi/6.3.1/../../../../arm-atollic-eabi/lib/armv7e-m/fpu\libc_nano.a(lib_a-malloc.o) (_free_r)
c:/program files (x86)/atollic/truestudio for stm32 9.3.0/armtools/bin/../lib/gcc/arm-atollic-eabi/6.3.1/../../../../arm-atollic-eabi/lib/armv7e-m/fpu\libc_nano.a(lib_a-nano-mallocr.o)
                              c:/program files (x86)/atollic/truestudio for stm32 9.3.0/armtools/bin/../lib/gcc/arm-atollic-eabi/6.3.1/../../../../arm-atollic-eabi/lib/armv7e-m/fpu\libc_nano.a(lib_a-malloc.o) (_malloc_r)
c:/program files (x86)/atollic/truestudio for stm32 9.3.0/armtools/bin/../lib/gcc/arm-atollic-eabi/6.3.1/../../../../arm-atollic-eabi/lib/armv7e-m/fpu\libc_nano.a(lib_a-printf.o)
                              Src\main.o (printf)
c:/program files (x86)/atollic/truestudio for stm32 9.3.0/armtools/bin/../lib/gcc/arm-atollic-eabi/6.3.1/../../../../arm-atollic-eabi/lib/armv7e-m/fpu\libc_nano.a(lib_a-puts.o)
                              Src\main.o (puts)
c:/program files (x86)/atollic/truestudio for stm32 9.3.0/armtools/bin/../lib/gcc/arm-atollic-eabi/6.3.1/../../../../arm-atollic-eabi/lib/armv7e-m/fpu\libc_nano.a(lib_a-sbrkr.o)
                              c:/program files (x86)/atollic/truestudio for stm32 9.3.0/armtools/bin/../lib/gcc/arm-atollic-eabi/6.3.1/../../../../arm-atollic-eabi/lib/armv7e-m/fpu\libc_nano.a(lib_a-nano-mallocr.o) (_sbrk_r)
c:/program files (x86)/atollic/truestudio for stm32 9.3.0/armtools/bin/../lib/gcc/arm-atollic-eabi/6.3.1/../../../../arm-atollic-eabi/lib/armv7e-m/fpu\libc_nano.a(lib_a-wbuf.o)
                              c:/program files (x86)/atollic/truestudio for stm32 9.3.0/armtools/bin/../lib/gcc/arm-atollic-eabi/6.3.1/../../../../arm-atollic-eabi/lib/armv7e-m/fpu\libc_nano.a(lib_a-puts.o) (__swbuf_r)
c:/program files (x86)/atollic/truestudio for stm32 9.3.0/armtools/bin/../lib/gcc/arm-atollic-eabi/6.3.1/../../../../arm-atollic-eabi/lib/armv7e-m/fpu\libc_nano.a(lib_a-wsetup.o)
                              c:/program files (x86)/atollic/truestudio for stm32 9.3.0/armtools/bin/../lib/gcc/arm-atollic-eabi/6.3.1/../../../../arm-atollic-eabi/lib/armv7e-m/fpu\libc_nano.a(lib_a-puts.o) (__swsetup_r)
c:/program files (x86)/atollic/truestudio for stm32 9.3.0/armtools/bin/../lib/gcc/arm-atollic-eabi/6.3.1/../../../../arm-atollic-eabi/lib/armv7e-m/fpu\libc_nano.a(lib_a-fflush.o)
                              c:/program files (x86)/atollic/truestudio for stm32 9.3.0/armtools/bin/../lib/gcc/arm-atollic-eabi/6.3.1/../../../../arm-atollic-eabi/lib/armv7e-m/fpu\libc_nano.a(lib_a-wbuf.o) (_fflush_r)
c:/program files (x86)/atollic/truestudio for stm32 9.3.0/armtools/bin/../lib/gcc/arm-atollic-eabi/6.3.1/../../../../arm-atollic-eabi/lib/armv7e-m/fpu\libc_nano.a(lib_a-findfp.o)
                              c:/program files (x86)/atollic/truestudio for stm32 9.3.0/armtools/bin/../lib/gcc/arm-atollic-eabi/6.3.1/../../../../arm-atollic-eabi/lib/armv7e-m/fpu\libc_nano.a(lib_a-printf.o) (__sinit)
c:/program files (x86)/atollic/truestudio for stm32 9.3.0/armtools/bin/../lib/gcc/arm-atollic-eabi/6.3.1/../../../../arm-atollic-eabi/lib/armv7e-m/fpu\libc_nano.a(lib_a-fwalk.o)
[...]
Memory Configuration

Name             Origin             Length             Attributes
RAM              0x20000000         0x00020000         xrw
CCMRAM           0x10000000         0x00010000         rw
FLASH            0x08000000         0x00100000         xr
*default*        0x00000000         0xffffffff

Linker script and memory map

LOAD c:/program files (x86)/atollic/truestudio for stm32 9.3.0/armtools/bin/../lib/gcc/arm-atollic-eabi/6.3.1/armv7e-m/fpu/crti.o
LOAD c:/program files (x86)/atollic/truestudio for stm32 9.3.0/armtools/bin/../lib/gcc/arm-atollic-eabi/6.3.1/armv7e-m/fpu/crtbegin.o
LOAD Drivers\STM32F4xx_HAL_Driver\Src\stm32f4xx_hal.o
LOAD Drivers\STM32F4xx_HAL_Driver\Src\stm32f4xx_hal_cortex.o
LOAD Drivers\STM32F4xx_HAL_Driver\Src\stm32f4xx_hal_dma.o
LOAD Drivers\STM32F4xx_HAL_Driver\Src\stm32f4xx_hal_dma_ex.o
LOAD Drivers\STM32F4xx_HAL_Driver\Src\stm32f4xx_hal_exti.o
LOAD Drivers\STM32F4xx_HAL_Driver\Src\stm32f4xx_hal_flash.o
LOAD Drivers\STM32F4xx_HAL_Driver\Src\stm32f4xx_hal_flash_ex.o
LOAD Drivers\STM32F4xx_HAL_Driver\Src\stm32f4xx_hal_flash_ramfunc.o
LOAD Drivers\STM32F4xx_HAL_Driver\Src\stm32f4xx_hal_gpio.o
LOAD Drivers\STM32F4xx_HAL_Driver\Src\stm32f4xx_hal_hcd.o
LOAD Drivers\STM32F4xx_HAL_Driver\Src\stm32f4xx_hal_i2c.o
LOAD Drivers\STM32F4xx_HAL_Driver\Src\stm32f4xx_hal_i2c_ex.o
LOAD Drivers\STM32F4xx_HAL_Driver\Src\stm32f4xx_hal_i2s.o
LOAD Drivers\STM32F4xx_HAL_Driver\Src\stm32f4xx_hal_i2s_ex.o
LOAD Drivers\STM32F4xx_HAL_Driver\Src\stm32f4xx_hal_pwr.o
LOAD Drivers\STM32F4xx_HAL_Driver\Src\stm32f4xx_hal_pwr_ex.o
LOAD Drivers\STM32F4xx_HAL_Driver\Src\stm32f4xx_hal_rcc.o
LOAD Drivers\STM32F4xx_HAL_Driver\Src\stm32f4xx_hal_rcc_ex.o
LOAD Drivers\STM32F4xx_HAL_Driver\Src\stm32f4xx_hal_spi.o
LOAD Drivers\STM32F4xx_HAL_Driver\Src\stm32f4xx_hal_tim.o
LOAD Drivers\STM32F4xx_HAL_Driver\Src\stm32f4xx_hal_tim_ex.o
LOAD Drivers\STM32F4xx_HAL_Driver\Src\stm32f4xx_ll_usb.o
LOAD Middlewares\ST\STM32_USB_Host_Library\Class\CDC\Src\usbh_cdc.o
LOAD Middlewares\ST\STM32_USB_Host_Library\Core\Src\usbh_core.o
LOAD Middlewares\ST\STM32_USB_Host_Library\Core\Src\usbh_ctlreq.o
LOAD Middlewares\ST\STM32_USB_Host_Library\Core\Src\usbh_ioreq.o
LOAD Middlewares\ST\STM32_USB_Host_Library\Core\Src\usbh_pipes.o
LOAD Src\gpio.o
LOAD Src\i2c.o
LOAD Src\i2s.o
LOAD Src\main.o
LOAD Src\spi.o
LOAD Src\stm32f4xx_hal_msp.o
LOAD Src\stm32f4xx_it.o
LOAD Src\sys.o
LOAD Src\syscalls.o
LOAD Src\system_stm32f4xx.o
LOAD Src\tim.o
LOAD Src\usb_host.o
LOAD Src\usbh_conf.o
LOAD Src\usbh_platform.o
LOAD startup\startup_stm32f407xx.o
                0x00000080                malloc_getpagesize_P = 0x80
START GROUP
LOAD c:/program files (x86)/atollic/truestudio for stm32 9.3.0/armtools/bin/../lib/gcc/arm-atollic-eabi/6.3.1/../../../../arm-atollic-eabi/lib/armv7e-m/fpu\libc_nano.a
LOAD c:/program files (x86)/atollic/truestudio for stm32 9.3.0/armtools/bin/../lib/gcc/arm-atollic-eabi/6.3.1/../../../../arm-atollic-eabi/lib/armv7e-m/fpu\libm.a
END GROUP
START GROUP
LOAD c:/program files (x86)/atollic/truestudio for stm32 9.3.0/armtools/bin/../lib/gcc/arm-atollic-eabi/6.3.1/armv7e-m/fpu\libgcc.a
LOAD c:/program files (x86)/atollic/truestudio for stm32 9.3.0/armtools/bin/../lib/gcc/arm-atollic-eabi/6.3.1/../../../../arm-atollic-eabi/lib/armv7e-m/fpu\libc_nano.a
END GROUP
START GROUP
LOAD c:/program files (x86)/atollic/truestudio for stm32 9.3.0/armtools/bin/../lib/gcc/arm-atollic-eabi/6.3.1/armv7e-m/fpu\libgcc.a
LOAD c:/program files (x86)/atollic/truestudio for stm32 9.3.0/armtools/bin/../lib/gcc/arm-atollic-eabi/6.3.1/../../../../arm-atollic-eabi/lib/armv7e-m/fpu\libc_nano.a
LOAD c:/program files (x86)/atollic/truestudio for stm32 9.3.0/armtools/bin/../lib/gcc/arm-atollic-eabi/6.3.1/../../../../arm-atollic-eabi/lib/armv7e-m/fpu\libnosys.a
END GROUP
START GROUP
LOAD c:/program files (x86)/atollic/truestudio for stm32 9.3.0/armtools/bin/../lib/gcc/arm-atollic-eabi/6.3.1/armv7e-m/fpu\libgcc.a
LOAD c:/program files (x86)/atollic/truestudio for stm32 9.3.0/armtools/bin/../lib/gcc/arm-atollic-eabi/6.3.1/../../../../arm-atollic-eabi/lib/armv7e-m/fpu\libc_nano.a
LOAD c:/program files (x86)/atollic/truestudio for stm32 9.3.0/armtools/bin/../lib/gcc/arm-atollic-eabi/6.3.1/../../../../arm-atollic-eabi/lib/armv7e-m/fpu\libnosys.a
END GROUP
LOAD c:/program files (x86)/atollic/truestudio for stm32 9.3.0/armtools/bin/../lib/gcc/arm-atollic-eabi/6.3.1/armv7e-m/fpu/crtend.o
LOAD c:/program files (x86)/atollic/truestudio for stm32 9.3.0/armtools/bin/../lib/gcc/arm-atollic-eabi/6.3.1/armv7e-m/fpu/crtn.o
                0x20020000                _estack = 0x20020000
                0x00000200                _Min_Heap_Size = 0x200
                0x00000400                _Min_Stack_Size = 0x400

.isr_vector     0x08000000      0x188
                0x08000000                . = ALIGN (0x4)
 *(.isr_vector)
 .isr_vector    0x08000000      0x188 startup\startup_stm32f407xx.o
                0x08000000                g_pfnVectors
                0x08000188                . = ALIGN (0x4)

.text           0x08000190     0x4cac
                0x08000190                . = ALIGN (0x4)
 *(.text)
 .text          0x08000190       0x40 c:/program files (x86)/atollic/truestudio for stm32 9.3.0/armtools/bin/../lib/gcc/arm-atollic-eabi/6.3.1/armv7e-m/fpu/crtbegin.o
 .text          0x080001d0       0xa0 c:/program files (x86)/atollic/truestudio for stm32 9.3.0/armtools/bin/../lib/gcc/arm-atollic-eabi/6.3.1/../../../../arm-atollic-eabi/lib/armv7e-m/fpu\libc_nano.a(lib_a-memchr.o)
                0x080001d0                memchr
 .text          0x08000270       0x30 c:/program files (x86)/atollic/truestudio for stm32 9.3.0/armtools/bin/../lib/gcc/arm-atollic-eabi/6.3.1/armv7e-m/fpu\libgcc.a(_aeabi_uldivmod.o)
                0x08000270                __aeabi_uldivmod
 .text          0x080002a0      0x2dc c:/program files (x86)/atollic/truestudio for stm32 9.3.0/armtools/bin/../lib/gcc/arm-atollic-eabi/6.3.1/armv7e-m/fpu\libgcc.a(_udivmoddi4.o)
                0x080002a0                __udivmoddi4
 .text          0x0800057c        0x4 c:/program files (x86)/atollic/truestudio for stm32 9.3.0/armtools/bin/../lib/gcc/arm-atollic-eabi/6.3.1/armv7e-m/fpu\libgcc.a(_dvmd_tls.o)
                0x0800057c                __aeabi_idiv0
                0x0800057c                __aeabi_ldiv0
 *(.text*)
 .text.HAL_InitTick
                0x08000580       0x48 Drivers\STM32F4xx_HAL_Driver\Src\stm32f4xx_hal.o
                0x08000580                HAL_InitTick
 .text.HAL_Init
                0x080005c8       0x34 Drivers\STM32F4xx_HAL_Driver\Src\stm32f4xx_hal.o
                0x080005c8                HAL_Init
 .text.HAL_IncTick
                0x080005fc       0x18 Drivers\STM32F4xx_HAL_Driver\Src\stm32f4xx_hal.o
                0x080005fc                HAL_IncTick
 .text.HAL_GetTick
                0x08000614        0xc Drivers\STM32F4xx_HAL_Driver\Src\stm32f4xx_hal.o
                0x08000614                HAL_GetTick
 .text.HAL_Delay
                0x08000620       0x28 Drivers\STM32F4xx_HAL_Driver\Src\stm32f4xx_hal.o
                0x08000620                HAL_Delay
 .text.HAL_NVIC_SetPriorityGrouping
                0x08000648       0x24 Drivers\STM32F4xx_HAL_Driver\Src\stm32f4xx_hal_cortex.o
                0x08000648                HAL_NVIC_SetPriorityGrouping
 .text.HAL_NVIC_SetPriority
                0x0800066c       0x68 Drivers\STM32F4xx_HAL_Driver\Src\stm32f4xx_hal_cortex.o
                0x0800066c                HAL_NVIC_SetPriority
 .text.HAL_NVIC_EnableIRQ
                0x080006d4       0x1c Drivers\STM32F4xx_HAL_Driver\Src\stm32f4xx_hal_cortex.o
                0x080006d4                HAL_NVIC_EnableIRQ
 .text.HAL_SYSTICK_Config
                0x080006f0       0x2c Drivers\STM32F4xx_HAL_Driver\Src\stm32f4xx_hal_cortex.o
                0x080006f0                HAL_SYSTICK_Config
 .text.HAL_GPIO_Init
                0x0800071c      0x1c0 Drivers\STM32F4xx_HAL_Driver\Src\stm32f4xx_hal_gpio.o
                0x0800071c                HAL_GPIO_Init
 .text.HAL_GPIO_WritePin
                0x080008dc        0xa Drivers\STM32F4xx_HAL_Driver\Src\stm32f4xx_hal_gpio.o
                0x080008dc                HAL_GPIO_WritePin
 .text.HAL_HCD_HC_Init
                0x080008e6       0x70 Drivers\STM32F4xx_HAL_Driver\Src\stm32f4xx_hal_hcd.o
                0x080008e6                HAL_HCD_HC_Init
 .text.HAL_HCD_HC_Halt
                0x08000956       0x24 Drivers\STM32F4xx_HAL_Driver\Src\stm32f4xx_hal_hcd.o
                0x08000956                HAL_HCD_HC_Halt
 .text.HAL_HCD_Init
                0x0800097a       0x94 Drivers\STM32F4xx_HAL_Driver\Src\stm32f4xx_hal_hcd.o
                0x0800097a                HAL_HCD_Init
 *fill*         0x08000a0e        0x2 
 .text.HAL_HCD_HC_SubmitRequest
                0x08000a10       0xc4 Drivers\STM32F4xx_HAL_Driver\Src\stm32f4xx_hal_hcd.o
                0x08000a10                HAL_HCD_HC_SubmitRequest
 .text.HAL_HCD_IRQHandler
                0x08000ad4      0x638 Drivers\STM32F4xx_HAL_Driver\Src\stm32f4xx_hal_hcd.o
                0x08000ad4                HAL_HCD_IRQHandler
 .text.HAL_HCD_Start
                0x0800110c       0x2c Drivers\STM32F4xx_HAL_Driver\Src\stm32f4xx_hal_hcd.o
                0x0800110c                HAL_HCD_Start
 .text.HAL_HCD_Stop
                0x08001138       0x24 Drivers\STM32F4xx_HAL_Driver\Src\stm32f4xx_hal_hcd.o
                0x08001138                HAL_HCD_Stop
 .text.HAL_HCD_ResetPort
                0x0800115c        0x6 Drivers\STM32F4xx_HAL_Driver\Src\stm32f4xx_hal_hcd.o
                0x0800115c                HAL_HCD_ResetPort
 .text.HAL_HCD_HC_GetURBState
                0x08001162        0xc Drivers\STM32F4xx_HAL_Driver\Src\stm32f4xx_hal_hcd.o
                0x08001162                HAL_HCD_HC_GetURBState
 .text.HAL_HCD_HC_GetXferCount
                0x0800116e        0xa Drivers\STM32F4xx_HAL_Driver\Src\stm32f4xx_hal_hcd.o
                0x0800116e                HAL_HCD_HC_GetXferCount
 .text.HAL_HCD_GetCurrentFrame
                0x08001178        0x6 Drivers\STM32F4xx_HAL_Driver\Src\stm32f4xx_hal_hcd.o
                0x08001178                HAL_HCD_GetCurrentFrame
 .text.HAL_HCD_GetCurrentSpeed
                0x0800117e        0x6 Drivers\STM32F4xx_HAL_Driver\Src\stm32f4xx_hal_hcd.o
                0x0800117e                HAL_HCD_GetCurrentSpeed
 .text.HAL_I2C_Init
                0x08001184      0x158 Drivers\STM32F4xx_HAL_Driver\Src\stm32f4xx_hal_i2c.o
                0x08001184                HAL_I2C_Init
 .text.HAL_I2S_Init
                0x080012dc      0x130 Drivers\STM32F4xx_HAL_Driver\Src\stm32f4xx_hal_i2s.o
                0x080012dc                HAL_I2S_Init
 .text.HAL_I2S_TxCpltCallback
                0x0800140c        0x2 Drivers\STM32F4xx_HAL_Driver\Src\stm32f4xx_hal_i2s.o
                0x0800140c                HAL_I2S_TxCpltCallback
 .text.HAL_I2S_RxCpltCallback
                0x0800140e        0x2 Drivers\STM32F4xx_HAL_Driver\Src\stm32f4xx_hal_i2s.o
                0x0800140e                HAL_I2S_RxCpltCallback
 .text.HAL_I2S_ErrorCallback
                0x08001410        0x2 Drivers\STM32F4xx_HAL_Driver\Src\stm32f4xx_hal_i2s.o
                0x08001410                HAL_I2S_ErrorCallback
 .text.I2S_IRQHandler
                0x08001412       0xfa Drivers\STM32F4xx_HAL_Driver\Src\stm32f4xx_hal_i2s.o
 .text.HAL_I2SEx_TxRxCpltCallback
                0x0800150c        0x2 Drivers\STM32F4xx_HAL_Driver\Src\stm32f4xx_hal_i2s_ex.o
                0x0800150c                HAL_I2SEx_TxRxCpltCallback
 *fill*         0x0800150e        0x2 
 .text.HAL_I2SEx_FullDuplex_IRQHandler
                0x08001510      0x23c Drivers\STM32F4xx_HAL_Driver\Src\stm32f4xx_hal_i2s_ex.o
                0x08001510                HAL_I2SEx_FullDuplex_IRQHandler
 .text.HAL_RCC_OscConfig
                0x0800174c      0x34c Drivers\STM32F4xx_HAL_Driver\Src\stm32f4xx_hal_rcc.o
                0x0800174c                HAL_RCC_OscConfig
 .text.HAL_RCC_GetSysClockFreq
                0x08001a98       0x5c Drivers\STM32F4xx_HAL_Driver\Src\stm32f4xx_hal_rcc.o
                0x08001a98                HAL_RCC_GetSysClockFreq
 .text.HAL_RCC_ClockConfig
                0x08001af4      0x138 Drivers\STM32F4xx_HAL_Driver\Src\stm32f4xx_hal_rcc.o
                0x08001af4                HAL_RCC_ClockConfig
 .text.HAL_RCC_GetPCLK1Freq
                0x08001c2c       0x20 Drivers\STM32F4xx_HAL_Driver\Src\stm32f4xx_hal_rcc.o
                0x08001c2c                HAL_RCC_GetPCLK1Freq
 .text.HAL_RCCEx_PeriphCLKConfig
                0x08001c4c      0x130 Drivers\STM32F4xx_HAL_Driver\Src\stm32f4xx_hal_rcc_ex.o
                0x08001c4c                HAL_RCCEx_PeriphCLKConfig
 .text.HAL_RCCEx_GetPeriphCLKFreq
                0x08001d7c       0x5c Drivers\STM32F4xx_HAL_Driver\Src\stm32f4xx_hal_rcc_ex.o
                0x08001d7c                HAL_RCCEx_GetPeriphCLKFreq
 .text.HAL_SPI_Init
                0x08001dd8       0x7a Drivers\STM32F4xx_HAL_Driver\Src\stm32f4xx_hal_spi.o
                0x08001dd8                HAL_SPI_Init
 .text.HAL_TIM_Encoder_Start
                0x08001e52       0x44 Drivers\STM32F4xx_HAL_Driver\Src\stm32f4xx_hal_tim.o
                0x08001e52                HAL_TIM_Encoder_Start
 *fill*         0x08001e96        0x2 
 .text.TIM_Base_SetConfig
                0x08001e98       0xcc Drivers\STM32F4xx_HAL_Driver\Src\stm32f4xx_hal_tim.o
                0x08001e98                TIM_Base_SetConfig
 .text.HAL_TIM_Encoder_Init
                0x08001f64       0x96 Drivers\STM32F4xx_HAL_Driver\Src\stm32f4xx_hal_tim.o
                0x08001f64                HAL_TIM_Encoder_Init
 *fill*         0x08001ffa        0x2 
 .text.HAL_TIMEx_MasterConfigSynchronization
                0x08001ffc       0x84 Drivers\STM32F4xx_HAL_Driver\Src\stm32f4xx_hal_tim_ex.o
                0x08001ffc                HAL_TIMEx_MasterConfigSynchronization
 .text.USB_CoreReset
                0x08002080       0x30 Drivers\STM32F4xx_HAL_Driver\Src\stm32f4xx_ll_usb.o
 .text.USB_CoreInit
                0x080020b0       0x80 Drivers\STM32F4xx_HAL_Driver\Src\stm32f4xx_ll_usb.o
                0x080020b0                USB_CoreInit
 .text.USB_EnableGlobalInt
                0x08002130        0xc Drivers\STM32F4xx_HAL_Driver\Src\stm32f4xx_ll_usb.o
                0x08002130                USB_EnableGlobalInt
 .text.USB_DisableGlobalInt
                0x0800213c        0xc Drivers\STM32F4xx_HAL_Driver\Src\stm32f4xx_ll_usb.o
                0x0800213c                USB_DisableGlobalInt
 .text.USB_SetCurrentMode
                0x08002148       0x2e Drivers\STM32F4xx_HAL_Driver\Src\stm32f4xx_ll_usb.o
                0x08002148                USB_SetCurrentMode
 *fill*         0x08002176        0x2 
 .text.USB_FlushTxFifo
                0x08002178       0x24 Drivers\STM32F4xx_HAL_Driver\Src\stm32f4xx_ll_usb.o
                0x08002178                USB_FlushTxFifo
 .text.USB_FlushRxFifo
                0x0800219c       0x20 Drivers\STM32F4xx_HAL_Driver\Src\stm32f4xx_ll_usb.o
                0x0800219c                USB_FlushRxFifo
 .text.USB_WritePacket
                0x080021bc       0x28 Drivers\STM32F4xx_HAL_Driver\Src\stm32f4xx_ll_usb.o
                0x080021bc                USB_WritePacket
 .text.USB_ReadPacket
                0x080021e4       0x1c Drivers\STM32F4xx_HAL_Driver\Src\stm32f4xx_ll_usb.o
                0x080021e4                USB_ReadPacket
 .text.USB_ReadInterrupts
                0x08002200        0x8 Drivers\STM32F4xx_HAL_Driver\Src\stm32f4xx_ll_usb.o
                0x08002200                USB_ReadInterrupts
 .text.USB_GetMode
                0x08002208        0x8 Drivers\STM32F4xx_HAL_Driver\Src\stm32f4xx_ll_usb.o
                0x08002208                USB_GetMode
 .text.USB_InitFSLSPClkSel
                0x08002210       0x38 Drivers\STM32F4xx_HAL_Driver\Src\stm32f4xx_ll_usb.o
                0x08002210                USB_InitFSLSPClkSel
 .text.USB_ResetPort
                0x08002248       0x3c Drivers\STM32F4xx_HAL_Driver\Src\stm32f4xx_ll_usb.o
                0x08002248                USB_ResetPort
 .text.USB_DriveVbus
                0x08002284       0x40 Drivers\STM32F4xx_HAL_Driver\Src\stm32f4xx_ll_usb.o
                0x08002284                USB_DriveVbus
 .text.USB_HostInit
                0x080022c4       0xe0 Drivers\STM32F4xx_HAL_Driver\Src\stm32f4xx_ll_usb.o
                0x080022c4                USB_HostInit
 .text.USB_GetHostSpeed
                0x080023a4       0x16 Drivers\STM32F4xx_HAL_Driver\Src\stm32f4xx_ll_usb.o
                0x080023a4                USB_GetHostSpeed
 .text.USB_GetCurrentFrame
                0x080023ba        0xa Drivers\STM32F4xx_HAL_Driver\Src\stm32f4xx_ll_usb.o
                0x080023ba                USB_GetCurrentFrame
 .text.USB_HC_Init
                0x080023c4      0x10a Drivers\STM32F4xx_HAL_Driver\Src\stm32f4xx_ll_usb.o
                0x080023c4                USB_HC_Init
 .text.USB_HC_ReadInterrupt
                0x080024ce        0xa Drivers\STM32F4xx_HAL_Driver\Src\stm32f4xx_ll_usb.o
                0x080024ce                USB_HC_ReadInterrupt
 .text.USB_HC_Halt
                0x080024d8       0xa4 Drivers\STM32F4xx_HAL_Driver\Src\stm32f4xx_ll_usb.o
                0x080024d8                USB_HC_Halt
 .text.USB_DoPing
                0x0800257c       0x24 Drivers\STM32F4xx_HAL_Driver\Src\stm32f4xx_ll_usb.o
                0x0800257c                USB_DoPing
 .text.USB_HC_StartXfer
                0x080025a0      0x164 Drivers\STM32F4xx_HAL_Driver\Src\stm32f4xx_ll_usb.o
                0x080025a0                USB_HC_StartXfer
 .text.USB_StopHost
                0x08002704       0x6c Drivers\STM32F4xx_HAL_Driver\Src\stm32f4xx_ll_usb.o
                0x08002704                USB_StopHost
 .text.USBH_CDC_SOFProcess
                0x08002770        0x4 Middlewares\ST\STM32_USB_Host_Library\Class\CDC\Src\usbh_cdc.o
 .text.USBH_CDC_InterfaceDeInit
                0x08002774       0x62 Middlewares\ST\STM32_USB_Host_Library\Class\CDC\Src\usbh_cdc.o
 .text.USBH_CDC_InterfaceInit
                0x080027d6      0x12a Middlewares\ST\STM32_USB_Host_Library\Class\CDC\Src\usbh_cdc.o
 .text.USBH_CDC_ClassRequest
                0x08002900       0x34 Middlewares\ST\STM32_USB_Host_Library\Class\CDC\Src\usbh_cdc.o
 .text.USBH_CDC_TransmitCallback
                0x08002934        0x2 Middlewares\ST\STM32_USB_Host_Library\Class\CDC\Src\usbh_cdc.o
                0x08002934                USBH_CDC_TransmitCallback
 .text.USBH_CDC_ReceiveCallback
                0x08002936        0x2 Middlewares\ST\STM32_USB_Host_Library\Class\CDC\Src\usbh_cdc.o
                0x08002936                USBH_CDC_ReceiveCallback
 .text.USBH_CDC_LineCodingChanged
                0x08002938        0x2 Middlewares\ST\STM32_USB_Host_Library\Class\CDC\Src\usbh_cdc.o
                0x08002938                USBH_CDC_LineCodingChanged
 .text.USBH_CDC_Process
                0x0800293a      0x172 Middlewares\ST\STM32_USB_Host_Library\Class\CDC\Src\usbh_cdc.o
 .text.DeInitStateMachine
                0x08002aac       0x44 Middlewares\ST\STM32_USB_Host_Library\Core\Src\usbh_core.o
 .text.USBH_Init
                0x08002af0       0x2e Middlewares\ST\STM32_USB_Host_Library\Core\Src\usbh_core.o
                0x08002af0                USBH_Init
 .text.USBH_RegisterClass
                0x08002b1e       0x1a Middlewares\ST\STM32_USB_Host_Library\Core\Src\usbh_core.o
                0x08002b1e                USBH_RegisterClass
 .text.USBH_SelectInterface
                0x08002b38       0x12 Middlewares\ST\STM32_USB_Host_Library\Core\Src\usbh_core.o
                0x08002b38                USBH_SelectInterface
 .text.USBH_FindInterface
                0x08002b4a       0x3a Middlewares\ST\STM32_USB_Host_Library\Core\Src\usbh_core.o
                0x08002b4a                USBH_FindInterface
 .text.USBH_Start
                0x08002b84       0x14 Middlewares\ST\STM32_USB_Host_Library\Core\Src\usbh_core.o
                0x08002b84                USBH_Start
 .text.USBH_Process
                0x08002b98      0x28a Middlewares\ST\STM32_USB_Host_Library\Core\Src\usbh_core.o
                0x08002b98                USBH_Process
 .text.USBH_LL_SetTimer
                0x08002e22        0x6 Middlewares\ST\STM32_USB_Host_Library\Core\Src\usbh_core.o
                0x08002e22                USBH_LL_SetTimer
 .text.USBH_LL_IncTimer
                0x08002e28       0x1c Middlewares\ST\STM32_USB_Host_Library\Core\Src\usbh_core.o
                0x08002e28                USBH_LL_IncTimer
 .text.USBH_LL_PortEnabled
                0x08002e44        0x8 Middlewares\ST\STM32_USB_Host_Library\Core\Src\usbh_core.o
                0x08002e44                USBH_LL_PortEnabled
 .text.USBH_LL_PortDisabled
                0x08002e4c        0x8 Middlewares\ST\STM32_USB_Host_Library\Core\Src\usbh_core.o
                0x08002e4c                USBH_LL_PortDisabled
 .text.USBH_LL_Connect
                0x08002e54       0x28 Middlewares\ST\STM32_USB_Host_Library\Core\Src\usbh_core.o
                0x08002e54                USBH_LL_Connect
 .text.USBH_LL_Disconnect
                0x08002e7c       0x38 Middlewares\ST\STM32_USB_Host_Library\Core\Src\usbh_core.o
                0x08002e7c                USBH_LL_Disconnect
 .text.USBH_CtlReq
                0x08002eb4      0x182 Middlewares\ST\STM32_USB_Host_Library\Core\Src\usbh_ctlreq.o
                0x08002eb4                USBH_CtlReq
 .text.USBH_GetDescriptor
                0x08003036       0x38 Middlewares\ST\STM32_USB_Host_Library\Core\Src\usbh_ctlreq.o
                0x08003036                USBH_GetDescriptor
 .text.USBH_Get_DevDesc
                0x0800306e       0x90 Middlewares\ST\STM32_USB_Host_Library\Core\Src\usbh_ctlreq.o
                0x0800306e                USBH_Get_DevDesc
 .text.USBH_Get_CfgDesc
                0x080030fe      0x11c Middlewares\ST\STM32_USB_Host_Library\Core\Src\usbh_ctlreq.o
                0x080030fe                USBH_Get_CfgDesc
 .text.USBH_Get_StringDesc
                0x0800321a       0x4e Middlewares\ST\STM32_USB_Host_Library\Core\Src\usbh_ctlreq.o
                0x0800321a                USBH_Get_StringDesc
 .text.USBH_SetAddress
                0x08003268       0x1c Middlewares\ST\STM32_USB_Host_Library\Core\Src\usbh_ctlreq.o
                0x08003268                USBH_SetAddress
 .text.USBH_SetCfg
                0x08003284       0x1c Middlewares\ST\STM32_USB_Host_Library\Core\Src\usbh_ctlreq.o
                0x08003284                USBH_SetCfg
 .text.USBH_SetFeature
                0x080032a0       0x1c Middlewares\ST\STM32_USB_Host_Library\Core\Src\usbh_ctlreq.o
                0x080032a0                USBH_SetFeature
 .text.USBH_ClrFeature
                0x080032bc       0x1c Middlewares\ST\STM32_USB_Host_Library\Core\Src\usbh_ctlreq.o
                0x080032bc                USBH_ClrFeature
 .text.USBH_CtlSendSetup
                0x080032d8       0x22 Middlewares\ST\STM32_USB_Host_Library\Core\Src\usbh_ioreq.o
                0x080032d8                USBH_CtlSendSetup
 .text.USBH_CtlSendData
                0x080032fa       0x2e Middlewares\ST\STM32_USB_Host_Library\Core\Src\usbh_ioreq.o
                0x080032fa                USBH_CtlSendData
 .text.USBH_CtlReceiveData
                0x08003328       0x20 Middlewares\ST\STM32_USB_Host_Library\Core\Src\usbh_ioreq.o
                0x08003328                USBH_CtlReceiveData
 .text.USBH_BulkSendData
                0x08003348       0x2e Middlewares\ST\STM32_USB_Host_Library\Core\Src\usbh_ioreq.o
                0x08003348                USBH_BulkSendData
 .text.USBH_BulkReceiveData
                0x08003376       0x20 Middlewares\ST\STM32_USB_Host_Library\Core\Src\usbh_ioreq.o
                0x08003376                USBH_BulkReceiveData
 .text.USBH_OpenPipe
                0x08003396       0x1e Middlewares\ST\STM32_USB_Host_Library\Core\Src\usbh_pipes.o
                0x08003396                USBH_OpenPipe
 .text.USBH_ClosePipe
                0x080033b4        0xa Middlewares\ST\STM32_USB_Host_Library\Core\Src\usbh_pipes.o
                0x080033b4                USBH_ClosePipe
 .text.USBH_AllocPipe
                0x080033be       0x2e Middlewares\ST\STM32_USB_Host_Library\Core\Src\usbh_pipes.o
                0x080033be                USBH_AllocPipe
 .text.USBH_FreePipe
                0x080033ec       0x18 Middlewares\ST\STM32_USB_Host_Library\Core\Src\usbh_pipes.o
                0x080033ec                USBH_FreePipe
 .text.MX_GPIO_Init
                0x08003404      0x18c Src\gpio.o
                0x08003404                MX_GPIO_Init
 .text.MX_I2C1_Init
                0x08003590       0x40 Src\i2c.o
                0x08003590                MX_I2C1_Init
 .text.HAL_I2C_MspInit
                0x080035d0       0x70 Src\i2c.o
                0x080035d0                HAL_I2C_MspInit
 .text.MX_I2S3_Init
                0x08003640       0x3c Src\i2s.o
                0x08003640                MX_I2S3_Init
 .text.HAL_I2S_MspInit
                0x0800367c       0x94 Src\i2s.o
                0x0800367c                HAL_I2S_MspInit
 .text.SystemClock_Config
                0x08003710       0xb4 Src\main.o
                0x08003710                SystemClock_Config
 .text.startup.main
                0x080037c4      0x17c Src\main.o
                0x080037c4                main
 .text.Error_Handler
                0x08003940        0x2 Src\main.o
                0x08003940                Error_Handler
 *fill*         0x08003942        0x2 
 .text.MX_SPI1_Init
                0x08003944       0x44 Src\spi.o
                0x08003944                MX_SPI1_Init
 .text.HAL_SPI_MspInit
                0x08003988       0x68 Src\spi.o
                0x08003988                HAL_SPI_MspInit
 .text.HAL_MspInit
                0x080039f0       0x38 Src\stm32f4xx_hal_msp.o
                0x080039f0                HAL_MspInit
 .text.NMI_Handler
                0x08003a28        0x2 Src\stm32f4xx_it.o
                0x08003a28                NMI_Handler
 .text.HardFault_Handler
                0x08003a2a        0x2 Src\stm32f4xx_it.o
                0x08003a2a                HardFault_Handler
 .text.MemManage_Handler
                0x08003a2c        0x2 Src\stm32f4xx_it.o
                0x08003a2c                MemManage_Handler
 .text.BusFault_Handler
                0x08003a2e        0x2 Src\stm32f4xx_it.o
                0x08003a2e                BusFault_Handler
 .text.UsageFault_Handler
                0x08003a30        0x2 Src\stm32f4xx_it.o
                0x08003a30                UsageFault_Handler
 .text.SVC_Handler
                0x08003a32        0x2 Src\stm32f4xx_it.o
                0x08003a32                SVC_Handler
 .text.DebugMon_Handler
                0x08003a34        0x2 Src\stm32f4xx_it.o
                0x08003a34                DebugMon_Handler
 .text.PendSV_Handler
                0x08003a36        0x2 Src\stm32f4xx_it.o
                0x08003a36                PendSV_Handler
 .text.SysTick_Handler
                0x08003a38        0x4 Src\stm32f4xx_it.o
                0x08003a38                SysTick_Handler
 .text.OTG_FS_IRQHandler
                0x08003a3c        0xc Src\stm32f4xx_it.o
                0x08003a3c                OTG_FS_IRQHandler
 .text._read    0x08003a48       0x1c Src\syscalls.o
                0x08003a48                _read
 .text._write   0x08003a64       0x3e Src\syscalls.o
                0x08003a64                _write
 *fill*         0x08003aa2        0x2 
 .text._sbrk    0x08003aa4       0x34 Src\syscalls.o
                0x08003aa4                _sbrk
 .text._close   0x08003ad8        0x6 Src\syscalls.o
                0x08003ad8                _close
 .text._fstat   0x08003ade        0xa Src\syscalls.o
                0x08003ade                _fstat
 .text._isatty  0x08003ae8        0x4 Src\syscalls.o
                0x08003ae8                _isatty
 .text._lseek   0x08003aec        0x4 Src\syscalls.o
                0x08003aec                _lseek
 .text.SystemInit
                0x08003af0       0x1c Src\system_stm32f4xx.o
                0x08003af0                SystemInit
 .text.MX_TIM3_Init
                0x08003b0c       0x5c Src\tim.o
                0x08003b0c                MX_TIM3_Init
 .text.HAL_TIM_Encoder_MspInit
                0x08003b68       0x64 Src\tim.o
                0x08003b68                HAL_TIM_Encoder_MspInit
 .text.USBH_UserProcess
                0x08003bcc       0x24 Src\usb_host.o
 .text.MX_USB_HOST_Init
                0x08003bf0       0x40 Src\usb_host.o
                0x08003bf0                MX_USB_HOST_Init
 .text.MX_USB_HOST_Process
                0x08003c30        0xc Src\usb_host.o
                0x08003c30                MX_USB_HOST_Process
 .text.HAL_HCD_MspInit
                0x08003c3c       0x90 Src\usbh_conf.o
                0x08003c3c                HAL_HCD_MspInit
 .text.HAL_HCD_SOF_Callback
                0x08003ccc        0x8 Src\usbh_conf.o
                0x08003ccc                HAL_HCD_SOF_Callback
 .text.HAL_HCD_Connect_Callback
                0x08003cd4        0x8 Src\usbh_conf.o
                0x08003cd4                HAL_HCD_Connect_Callback
 .text.HAL_HCD_Disconnect_Callback
                0x08003cdc        0x8 Src\usbh_conf.o
                0x08003cdc                HAL_HCD_Disconnect_Callback
 .text.HAL_HCD_HC_NotifyURBChange_Callback
                0x08003ce4        0x2 Src\usbh_conf.o
                0x08003ce4                HAL_HCD_HC_NotifyURBChange_Callback
 .text.HAL_HCD_PortEnabled_Callback
                0x08003ce6        0x8 Src\usbh_conf.o
                0x08003ce6                HAL_HCD_PortEnabled_Callback
 .text.HAL_HCD_PortDisabled_Callback
                0x08003cee        0x8 Src\usbh_conf.o
                0x08003cee                HAL_HCD_PortDisabled_Callback
 *fill*         0x08003cf6        0x2 
 .text.USBH_LL_Init
                0x08003cf8       0x4c Src\usbh_conf.o
                0x08003cf8                USBH_LL_Init
 .text.USBH_LL_Start
                0x08003d44       0x1c Src\usbh_conf.o
                0x08003d44                USBH_LL_Start
 .text.USBH_LL_Stop
                0x08003d60       0x1c Src\usbh_conf.o
                0x08003d60                USBH_LL_Stop
 .text.USBH_LL_GetSpeed
                0x08003d7c       0x1c Src\usbh_conf.o
                0x08003d7c                USBH_LL_GetSpeed
 .text.USBH_LL_ResetPort
                0x08003d98       0x1c Src\usbh_conf.o
                0x08003d98                USBH_LL_ResetPort
 .text.USBH_LL_GetLastXferSize
                0x08003db4        0x8 Src\usbh_conf.o
                0x08003db4                USBH_LL_GetLastXferSize
 .text.USBH_LL_OpenPipe
                0x08003dbc       0x30 Src\usbh_conf.o
                0x08003dbc                USBH_LL_OpenPipe
 .text.USBH_LL_ClosePipe
                0x08003dec       0x1c Src\usbh_conf.o
                0x08003dec                USBH_LL_ClosePipe
 .text.USBH_LL_SubmitURB
                0x08003e08       0x34 Src\usbh_conf.o
                0x08003e08                USBH_LL_SubmitURB
 .text.USBH_LL_GetURBState
                0x08003e3c        0x8 Src\usbh_conf.o
                0x08003e3c                USBH_LL_GetURBState
 .text.USBH_LL_DriverVBUS
                0x08003e44       0x1a Src\usbh_conf.o
                0x08003e44                USBH_LL_DriverVBUS
 .text.USBH_LL_SetToggle
                0x08003e5e       0x1e Src\usbh_conf.o
                0x08003e5e                USBH_LL_SetToggle
 .text.USBH_Delay
                0x08003e7c        0x4 Src\usbh_conf.o
                0x08003e7c                USBH_Delay
 .text.MX_DriverVbusFS
                0x08003e80       0x14 Src\usbh_platform.o
                0x08003e80                MX_DriverVbusFS
 .text.Reset_Handler
                0x08003e94       0x50 startup\startup_stm32f407xx.o
                0x08003e94                Reset_Handler
 .text.Default_Handler
                0x08003ee4        0x2 startup\startup_stm32f407xx.o
                0x08003ee4                RTC_Alarm_IRQHandler
                0x08003ee4                HASH_RNG_IRQHandler
                0x08003ee4                EXTI2_IRQHandler
                0x08003ee4                TIM8_CC_IRQHandler
                0x08003ee4                TIM1_CC_IRQHandler
                0x08003ee4                DMA2_Stream5_IRQHandler
                0x08003ee4                DMA1_Stream5_IRQHandler
                0x08003ee4                PVD_IRQHandler
                0x08003ee4                SDIO_IRQHandler
                0x08003ee4                TAMP_STAMP_IRQHandler
                0x08003ee4                CAN2_RX1_IRQHandler
                0x08003ee4                EXTI3_IRQHandler
                0x08003ee4                TIM8_TRG_COM_TIM14_IRQHandler
                0x08003ee4                TIM1_UP_TIM10_IRQHandler
                0x08003ee4                TIM8_UP_TIM13_IRQHandler
                0x08003ee4                I2C3_ER_IRQHandler
                0x08003ee4                EXTI0_IRQHandler
                0x08003ee4                I2C2_EV_IRQHandler
                0x08003ee4                DMA1_Stream2_IRQHandler
                0x08003ee4                CAN1_RX0_IRQHandler
                0x08003ee4                FPU_IRQHandler
                0x08003ee4                OTG_HS_WKUP_IRQHandler
                0x08003ee4                CAN2_SCE_IRQHandler
                0x08003ee4                DMA2_Stream2_IRQHandler
                0x08003ee4                SPI1_IRQHandler
                0x08003ee4                TIM6_DAC_IRQHandler
                0x08003ee4                TIM1_BRK_TIM9_IRQHandler
                0x08003ee4                DCMI_IRQHandler
                0x08003ee4                CAN2_RX0_IRQHandler
                0x08003ee4                DMA2_Stream3_IRQHandler
                0x08003ee4                USART6_IRQHandler
                0x08003ee4                USART3_IRQHandler
                0x08003ee4                CAN1_RX1_IRQHandler
                0x08003ee4                UART5_IRQHandler
                0x08003ee4                DMA2_Stream0_IRQHandler
                0x08003ee4                TIM4_IRQHandler
                0x08003ee4                I2C1_EV_IRQHandler
                0x08003ee4                DMA1_Stream6_IRQHandler
                0x08003ee4                DMA1_Stream1_IRQHandler
                0x08003ee4                UART4_IRQHandler
                0x08003ee4                TIM3_IRQHandler
                0x08003ee4                RCC_IRQHandler
                0x08003ee4                TIM8_BRK_TIM12_IRQHandler
                0x08003ee4                Default_Handler
                0x08003ee4                EXTI15_10_IRQHandler
                0x08003ee4                ADC_IRQHandler
                0x08003ee4                DMA1_Stream7_IRQHandler
                0x08003ee4                TIM7_IRQHandler
                0x08003ee4                CAN2_TX_IRQHandler
                0x08003ee4                TIM5_IRQHandler
                0x08003ee4                DMA2_Stream7_IRQHandler
                0x08003ee4                I2C3_EV_IRQHandler
                0x08003ee4                EXTI9_5_IRQHandler
                0x08003ee4                RTC_WKUP_IRQHandler
                0x08003ee4                ETH_WKUP_IRQHandler
                0x08003ee4                SPI2_IRQHandler
                0x08003ee4                OTG_HS_EP1_IN_IRQHandler
                0x08003ee4                DMA1_Stream0_IRQHandler
                0x08003ee4                CAN1_TX_IRQHandler
                0x08003ee4                EXTI4_IRQHandler
                0x08003ee4                FSMC_IRQHandler
                0x08003ee4                ETH_IRQHandler
                0x08003ee4                OTG_HS_EP1_OUT_IRQHandler
                0x08003ee4                WWDG_IRQHandler
                0x08003ee4                TIM2_IRQHandler
                0x08003ee4                OTG_FS_WKUP_IRQHandler
                0x08003ee4                TIM1_TRG_COM_TIM11_IRQHandler
                0x08003ee4                OTG_HS_IRQHandler
                0x08003ee4                EXTI1_IRQHandler
                0x08003ee4                USART2_IRQHandler
                0x08003ee4                I2C2_ER_IRQHandler
                0x08003ee4                DMA2_Stream1_IRQHandler
                0x08003ee4                CAN1_SCE_IRQHandler
                0x08003ee4                FLASH_IRQHandler
                0x08003ee4                DMA2_Stream4_IRQHandler
                0x08003ee4                USART1_IRQHandler
                0x08003ee4                SPI3_IRQHandler
                0x08003ee4                DMA1_Stream4_IRQHandler
                0x08003ee4                I2C1_ER_IRQHandler
                0x08003ee4                DMA2_Stream6_IRQHandler
                0x08003ee4                DMA1_Stream3_IRQHandler
 *fill*         0x08003ee6        0x2 
 .text.__errno  0x08003ee8        0xc c:/program files (x86)/atollic/truestudio for stm32 9.3.0/armtools/bin/../lib/gcc/arm-atollic-eabi/6.3.1/../../../../arm-atollic-eabi/lib/armv7e-m/fpu\libc_nano.a(lib_a-errno.o)
                0x08003ee8                __errno
 .text.__libc_init_array
                0x08003ef4       0x48 c:/program files (x86)/atollic/truestudio for stm32 9.3.0/armtools/bin/../lib/gcc/arm-atollic-eabi/6.3.1/../../../../arm-atollic-eabi/lib/armv7e-m/fpu\libc_nano.a(lib_a-init.o)
                0x08003ef4                __libc_init_array
 .text.malloc   0x08003f3c       0x10 c:/program files (x86)/atollic/truestudio for stm32 9.3.0/armtools/bin/../lib/gcc/arm-atollic-eabi/6.3.1/../../../../arm-atollic-eabi/lib/armv7e-m/fpu\libc_nano.a(lib_a-malloc.o)
                0x08003f3c                malloc
 .text.free     0x08003f4c       0x10 c:/program files (x86)/atollic/truestudio for stm32 9.3.0/armtools/bin/../lib/gcc/arm-atollic-eabi/6.3.1/../../../../arm-atollic-eabi/lib/armv7e-m/fpu\libc_nano.a(lib_a-malloc.o)
                0x08003f4c                free
 .text.memset   0x08003f5c       0x10 c:/program files (x86)/atollic/truestudio for stm32 9.3.0/armtools/bin/../lib/gcc/arm-atollic-eabi/6.3.1/../../../../arm-atollic-eabi/lib/armv7e-m/fpu\libc_nano.a(lib_a-memset.o)
                0x08003f5c                memset
 .text._free_r  0x08003f6c       0x9c c:/program files (x86)/atollic/truestudio for stm32 9.3.0/armtools/bin/../lib/gcc/arm-atollic-eabi/6.3.1/../../../../arm-atollic-eabi/lib/armv7e-m/fpu\libc_nano.a(lib_a-nano-freer.o)
                0x08003f6c                _free_r
 .text._malloc_r
                0x08004008       0xbc c:/program files (x86)/atollic/truestudio for stm32 9.3.0/armtools/bin/../lib/gcc/arm-atollic-eabi/6.3.1/../../../../arm-atollic-eabi/lib/armv7e-m/fpu\libc_nano.a(lib_a-nano-mallocr.o)
                0x08004008                _malloc_r
 .text.printf   0x080040c4       0x30 c:/program files (x86)/atollic/truestudio for stm32 9.3.0/armtools/bin/../lib/gcc/arm-atollic-eabi/6.3.1/../../../../arm-atollic-eabi/lib/armv7e-m/fpu\libc_nano.a(lib_a-printf.o)
                0x080040c4                iprintf
                0x080040c4                printf
 .text._puts_r  0x080040f4       0xb8 c:/program files (x86)/atollic/truestudio for stm32 9.3.0/armtools/bin/../lib/gcc/arm-atollic-eabi/6.3.1/../../../../arm-atollic-eabi/lib/armv7e-m/fpu\libc_nano.a(lib_a-puts.o)
                0x080040f4                _puts_r
 .text.puts     0x080041ac       0x10 c:/program files (x86)/atollic/truestudio for stm32 9.3.0/armtools/bin/../lib/gcc/arm-atollic-eabi/6.3.1/../../../../arm-atollic-eabi/lib/armv7e-m/fpu\libc_nano.a(lib_a-puts.o)
                0x080041ac                puts
 .text._sbrk_r  0x080041bc       0x20 c:/program files (x86)/atollic/truestudio for stm32 9.3.0/armtools/bin/../lib/gcc/arm-atollic-eabi/6.3.1/../../../../arm-atollic-eabi/lib/armv7e-m/fpu\libc_nano.a(lib_a-sbrkr.o)
                0x080041bc                _sbrk_r
 .text.__swbuf_r
                0x080041dc       0xa4 c:/program files (x86)/atollic/truestudio for stm32 9.3.0/armtools/bin/../lib/gcc/arm-atollic-eabi/6.3.1/../../../../arm-atollic-eabi/lib/armv7e-m/fpu\libc_nano.a(lib_a-wbuf.o)
                0x080041dc                __swbuf_r
 .text.__swsetup_r
                0x08004280       0xdc c:/program files (x86)/atollic/truestudio for stm32 9.3.0/armtools/bin/../lib/gcc/arm-atollic-eabi/6.3.1/../../../../arm-atollic-eabi/lib/armv7e-m/fpu\libc_nano.a(lib_a-wsetup.o)
                0x08004280                __swsetup_r
 .text.__sflush_r
                0x0800435c      0x110 c:/program files (x86)/atollic/truestudio for stm32 9.3.0/armtools/bin/../lib/gcc/arm-atollic-eabi/6.3.1/../../../../arm-atollic-eabi/lib/armv7e-m/fpu\libc_nano.a(lib_a-fflush.o)
                0x0800435c                __sflush_r
 .text._fflush_r
                0x0800446c       0x54 c:/program files (x86)/atollic/truestudio for stm32 9.3.0/armtools/bin/../lib/gcc/arm-atollic-eabi/6.3.1/../../../../arm-atollic-eabi/lib/armv7e-m/fpu\libc_nano.a(lib_a-fflush.o)
                0x0800446c                _fflush_r
 .text._cleanup_r
                0x080044c0        0xc c:/program files (x86)/atollic/truestudio for stm32 9.3.0/armtools/bin/../lib/gcc/arm-atollic-eabi/6.3.1/../../../../arm-atollic-eabi/lib/armv7e-m/fpu\libc_nano.a(lib_a-findfp.o)
                0x080044c0                _cleanup_r
 .text.std.isra.0
                0x080044cc       0x48 c:/program files (x86)/atollic/truestudio for stm32 9.3.0/armtools/bin/../lib/gcc/arm-atollic-eabi/6.3.1/../../../../arm-atollic-eabi/lib/armv7e-m/fpu\libc_nano.a(lib_a-findfp.o)
 .text.__sfmoreglue
                0x08004514       0x2c c:/program files (x86)/atollic/truestudio for stm32 9.3.0/armtools/bin/../lib/gcc/arm-atollic-eabi/6.3.1/../../../../arm-atollic-eabi/lib/armv7e-m/fpu\libc_nano.a(lib_a-findfp.o)
                0x08004514                __sfmoreglue
 .text.__sinit  0x08004540       0x60 c:/program files (x86)/atollic/truestudio for stm32 9.3.0/armtools/bin/../lib/gcc/arm-atollic-eabi/6.3.1/../../../../arm-atollic-eabi/lib/armv7e-m/fpu\libc_nano.a(lib_a-findfp.o)
                0x08004540                __sinit
 .text.__sfp    0x080045a0       0x78 c:/program files (x86)/atollic/truestudio for stm32 9.3.0/armtools/bin/../lib/gcc/arm-atollic-eabi/6.3.1/../../../../arm-atollic-eabi/lib/armv7e-m/fpu\libc_nano.a(lib_a-findfp.o)
                0x080045a0                __sfp
 .text._fwalk_reent
                0x08004618       0x3c c:/program files (x86)/atollic/truestudio for stm32 9.3.0/armtools/bin/../lib/gcc/arm-atollic-eabi/6.3.1/../../../../arm-atollic-eabi/lib/armv7e-m/fpu\libc_nano.a(lib_a-fwalk.o)
                0x08004618                _fwalk_reent
 .text.__swhatbuf_r
                0x08004654       0x48 c:/program files (x86)/atollic/truestudio for stm32 9.3.0/armtools/bin/../lib/gcc/arm-atollic-eabi/6.3.1/../../../../arm-atollic-eabi/lib/armv7e-m/fpu\libc_nano.a(lib_a-makebuf.o)
                0x08004654                __swhatbuf_r
 .text.__smakebuf_r
                0x0800469c       0x80 c:/program files (x86)/atollic/truestudio for stm32 9.3.0/armtools/bin/../lib/gcc/arm-atollic-eabi/6.3.1/../../../../arm-atollic-eabi/lib/armv7e-m/fpu\libc_nano.a(lib_a-makebuf.o)
                0x0800469c                __smakebuf_r
 .text.__malloc_lock
                0x0800471c        0x2 c:/program files (x86)/atollic/truestudio for stm32 9.3.0/armtools/bin/../lib/gcc/arm-atollic-eabi/6.3.1/../../../../arm-atollic-eabi/lib/armv7e-m/fpu\libc_nano.a(lib_a-mlock.o)
                0x0800471c                __malloc_lock
 .text.__malloc_unlock
                0x0800471e        0x2 c:/program files (x86)/atollic/truestudio for stm32 9.3.0/armtools/bin/../lib/gcc/arm-atollic-eabi/6.3.1/../../../../arm-atollic-eabi/lib/armv7e-m/fpu\libc_nano.a(lib_a-mlock.o)
                0x0800471e                __malloc_unlock
 .text.__sfputc_r
                0x08004720       0x30 c:/program files (x86)/atollic/truestudio for stm32 9.3.0/armtools/bin/../lib/gcc/arm-atollic-eabi/6.3.1/../../../../arm-atollic-eabi/lib/armv7e-m/fpu\libc_nano.a(lib_a-nano-vfprintf.o)
 .text.__sfputs_r
                0x08004750       0x24 c:/program files (x86)/atollic/truestudio for stm32 9.3.0/armtools/bin/../lib/gcc/arm-atollic-eabi/6.3.1/../../../../arm-atollic-eabi/lib/armv7e-m/fpu\libc_nano.a(lib_a-nano-vfprintf.o)
                0x08004750                __sfputs_r
 .text._vfprintf_r
                0x08004774      0x22c c:/program files (x86)/atollic/truestudio for stm32 9.3.0/armtools/bin/../lib/gcc/arm-atollic-eabi/6.3.1/../../../../arm-atollic-eabi/lib/armv7e-m/fpu\libc_nano.a(lib_a-nano-vfprintf.o)
                0x08004774                _vfprintf_r
                0x08004774                _vfiprintf_r
 .text._printf_common
                0x080049a0       0xec c:/program files (x86)/atollic/truestudio for stm32 9.3.0/armtools/bin/../lib/gcc/arm-atollic-eabi/6.3.1/../../../../arm-atollic-eabi/lib/armv7e-m/fpu\libc_nano.a(lib_a-nano-vfprintf_i.o)
                0x080049a0                _printf_common
 .text._printf_i
                0x08004a8c      0x240 c:/program files (x86)/atollic/truestudio for stm32 9.3.0/armtools/bin/../lib/gcc/arm-atollic-eabi/6.3.1/../../../../arm-atollic-eabi/lib/armv7e-m/fpu\libc_nano.a(lib_a-nano-vfprintf_i.o)
                0x08004a8c                _printf_i
 .text.__sread  0x08004ccc       0x22 c:/program files (x86)/atollic/truestudio for stm32 9.3.0/armtools/bin/../lib/gcc/arm-atollic-eabi/6.3.1/../../../../arm-atollic-eabi/lib/armv7e-m/fpu\libc_nano.a(lib_a-stdio.o)
                0x08004ccc                __sread
 .text.__swrite
                0x08004cee       0x38 c:/program files (x86)/atollic/truestudio for stm32 9.3.0/armtools/bin/../lib/gcc/arm-atollic-eabi/6.3.1/../../../../arm-atollic-eabi/lib/armv7e-m/fpu\libc_nano.a(lib_a-stdio.o)
                0x08004cee                __swrite
 .text.__sseek  0x08004d26       0x24 c:/program files (x86)/atollic/truestudio for stm32 9.3.0/armtools/bin/../lib/gcc/arm-atollic-eabi/6.3.1/../../../../arm-atollic-eabi/lib/armv7e-m/fpu\libc_nano.a(lib_a-stdio.o)
                0x08004d26                __sseek
 .text.__sclose
                0x08004d4a        0x8 c:/program files (x86)/atollic/truestudio for stm32 9.3.0/armtools/bin/../lib/gcc/arm-atollic-eabi/6.3.1/../../../../arm-atollic-eabi/lib/armv7e-m/fpu\libc_nano.a(lib_a-stdio.o)
                0x08004d4a                __sclose
 *fill*         0x08004d52        0x2 
 .text._write_r
                0x08004d54       0x24 c:/program files (x86)/atollic/truestudio for stm32 9.3.0/armtools/bin/../lib/gcc/arm-atollic-eabi/6.3.1/../../../../arm-atollic-eabi/lib/armv7e-m/fpu\libc_nano.a(lib_a-writer.o)
                0x08004d54                _write_r
 .text._close_r
                0x08004d78       0x20 c:/program files (x86)/atollic/truestudio for stm32 9.3.0/armtools/bin/../lib/gcc/arm-atollic-eabi/6.3.1/../../../../arm-atollic-eabi/lib/armv7e-m/fpu\libc_nano.a(lib_a-closer.o)
                0x08004d78                _close_r
 .text._fstat_r
                0x08004d98       0x24 c:/program files (x86)/atollic/truestudio for stm32 9.3.0/armtools/bin/../lib/gcc/arm-atollic-eabi/6.3.1/../../../../arm-atollic-eabi/lib/armv7e-m/fpu\libc_nano.a(lib_a-fstatr.o)
                0x08004d98                _fstat_r
 .text._isatty_r
                0x08004dbc       0x20 c:/program files (x86)/atollic/truestudio for stm32 9.3.0/armtools/bin/../lib/gcc/arm-atollic-eabi/6.3.1/../../../../arm-atollic-eabi/lib/armv7e-m/fpu\libc_nano.a(lib_a-isattyr.o)
                0x08004dbc                _isatty_r
 .text._lseek_r
                0x08004ddc       0x24 c:/program files (x86)/atollic/truestudio for stm32 9.3.0/armtools/bin/../lib/gcc/arm-atollic-eabi/6.3.1/../../../../arm-atollic-eabi/lib/armv7e-m/fpu\libc_nano.a(lib_a-lseekr.o)
                0x08004ddc                _lseek_r
 .text._read_r  0x08004e00       0x24 c:/program files (x86)/atollic/truestudio for stm32 9.3.0/armtools/bin/../lib/gcc/arm-atollic-eabi/6.3.1/../../../../arm-atollic-eabi/lib/armv7e-m/fpu\libc_nano.a(lib_a-readr.o)
                0x08004e00                _read_r
 *(.glue_7)
 .glue_7        0x08004e24        0x0 linker stubs
 *(.glue_7t)
 .glue_7t       0x08004e24        0x0 linker stubs
 *(.eh_frame)
 .eh_frame      0x08004e24        0x0 c:/program files (x86)/atollic/truestudio for stm32 9.3.0/armtools/bin/../lib/gcc/arm-atollic-eabi/6.3.1/armv7e-m/fpu/crtbegin.o
 *(.init)
 .init          0x08004e24        0x4 c:/program files (x86)/atollic/truestudio for stm32 9.3.0/armtools/bin/../lib/gcc/arm-atollic-eabi/6.3.1/armv7e-m/fpu/crti.o
                0x08004e24                _init
 .init          0x08004e28        0x8 c:/program files (x86)/atollic/truestudio for stm32 9.3.0/armtools/bin/../lib/gcc/arm-atollic-eabi/6.3.1/armv7e-m/fpu/crtn.o
 *(.fini)
 .fini          0x08004e30        0x4 c:/program files (x86)/atollic/truestudio for stm32 9.3.0/armtools/bin/../lib/gcc/arm-atollic-eabi/6.3.1/armv7e-m/fpu/crti.o
                0x08004e30                _fini
 .fini          0x08004e34        0x8 c:/program files (x86)/atollic/truestudio for stm32 9.3.0/armtools/bin/../lib/gcc/arm-atollic-eabi/6.3.1/armv7e-m/fpu/crtn.o
                0x08004e3c                . = ALIGN (0x4)
                0x08004e3c                _etext = .

.vfp11_veneer   0x08004e3c        0x0
 .vfp11_veneer  0x08004e3c        0x0 linker stubs

.v4_bx          0x08004e3c        0x0
 .v4_bx         0x08004e3c        0x0 linker stubs

.iplt           0x08004e3c        0x0
 .iplt          0x08004e3c        0x0 c:/program files (x86)/atollic/truestudio for stm32 9.3.0/armtools/bin/../lib/gcc/arm-atollic-eabi/6.3.1/armv7e-m/fpu/crtbegin.o

.rodata         0x08004e3c       0xe0
                0x08004e3c                . = ALIGN (0x4)
 *(.rodata)
 *(.rodata*)
 .rodata.str1.1
                0x08004e3c        0x4 Middlewares\ST\STM32_USB_Host_Library\Class\CDC\Src\usbh_cdc.o
 .rodata.main.str1.1
                0x08004e40       0x22 Src\main.o
 .rodata.AHBPrescTable
                0x08004e62       0x10 Src\system_stm32f4xx.o
                0x08004e62                AHBPrescTable
 .rodata.APBPrescTable
                0x08004e72        0x8 Src\system_stm32f4xx.o
                0x08004e72                APBPrescTable
 .rodata.CSWTCH.14
                0x08004e7a        0x3 Src\usbh_conf.o
 .rodata.CSWTCH.22
                0x08004e7d        0x4 Src\usbh_conf.o
 *fill*         0x08004e81        0x3 
 .rodata._global_impure_ptr
                0x08004e84        0x4 c:/program files (x86)/atollic/truestudio for stm32 9.3.0/armtools/bin/../lib/gcc/arm-atollic-eabi/6.3.1/../../../../arm-atollic-eabi/lib/armv7e-m/fpu\libc_nano.a(lib_a-impure.o)
                0x08004e84                _global_impure_ptr
 .rodata.__sf_fake_stderr
                0x08004e88       0x20 c:/program files (x86)/atollic/truestudio for stm32 9.3.0/armtools/bin/../lib/gcc/arm-atollic-eabi/6.3.1/../../../../arm-atollic-eabi/lib/armv7e-m/fpu\libc_nano.a(lib_a-findfp.o)
                0x08004e88                __sf_fake_stderr
 .rodata.__sf_fake_stdin
                0x08004ea8       0x20 c:/program files (x86)/atollic/truestudio for stm32 9.3.0/armtools/bin/../lib/gcc/arm-atollic-eabi/6.3.1/../../../../arm-atollic-eabi/lib/armv7e-m/fpu\libc_nano.a(lib_a-findfp.o)
                0x08004ea8                __sf_fake_stdin
 .rodata.__sf_fake_stdout
                0x08004ec8       0x20 c:/program files (x86)/atollic/truestudio for stm32 9.3.0/armtools/bin/../lib/gcc/arm-atollic-eabi/6.3.1/../../../../arm-atollic-eabi/lib/armv7e-m/fpu\libc_nano.a(lib_a-findfp.o)
                0x08004ec8                __sf_fake_stdout
 .rodata._vfprintf_r.str1.1
                0x08004ee8       0x11 c:/program files (x86)/atollic/truestudio for stm32 9.3.0/armtools/bin/../lib/gcc/arm-atollic-eabi/6.3.1/../../../../arm-atollic-eabi/lib/armv7e-m/fpu\libc_nano.a(lib_a-nano-vfprintf.o)
 .rodata._printf_i.str1.1
                0x08004ef9       0x22 c:/program files (x86)/atollic/truestudio for stm32 9.3.0/armtools/bin/../lib/gcc/arm-atollic-eabi/6.3.1/../../../../arm-atollic-eabi/lib/armv7e-m/fpu\libc_nano.a(lib_a-nano-vfprintf_i.o)
                0x08004f1c                . = ALIGN (0x4)
 *fill*         0x08004f1b        0x1 

.ARM.extab
 *(.ARM.extab* .gnu.linkonce.armextab.*)

.ARM            0x08004f1c        0x8
                0x08004f1c                __exidx_start = .
 *(.ARM.exidx*)
 .ARM.exidx     0x08004f1c        0x8 c:/program files (x86)/atollic/truestudio for stm32 9.3.0/armtools/bin/../lib/gcc/arm-atollic-eabi/6.3.1/armv7e-m/fpu\libgcc.a(_udivmoddi4.o)
                0x08004f24                __exidx_end = .

.rel.dyn        0x08004f24        0x0
 .rel.iplt      0x08004f24        0x0 c:/program files (x86)/atollic/truestudio for stm32 9.3.0/armtools/bin/../lib/gcc/arm-atollic-eabi/6.3.1/armv7e-m/fpu/crtbegin.o

.preinit_array  0x08004f24        0x0
                0x08004f24                PROVIDE (__preinit_array_start, .)
 *(.preinit_array*)
                0x08004f24                PROVIDE (__preinit_array_end, .)

.init_array     0x08004f24        0x4
                0x08004f24                PROVIDE (__init_array_start, .)
 *(SORT(.init_array.*))
 *(.init_array*)
 .init_array    0x08004f24        0x4 c:/program files (x86)/atollic/truestudio for stm32 9.3.0/armtools/bin/../lib/gcc/arm-atollic-eabi/6.3.1/armv7e-m/fpu/crtbegin.o
                0x08004f28                PROVIDE (__init_array_end, .)

.fini_array     0x08004f28        0x4
                [!provide]                PROVIDE (__fini_array_start, .)
 *(SORT(.fini_array.*))
 *(.fini_array*)
 .fini_array    0x08004f28        0x4 c:/program files (x86)/atollic/truestudio for stm32 9.3.0/armtools/bin/../lib/gcc/arm-atollic-eabi/6.3.1/armv7e-m/fpu/crtbegin.o
                [!provide]                PROVIDE (__fini_array_end, .)
                0x08004f2c                _sidata = LOADADDR (.data)

.data           0x20000000       0x90 load address 0x08004f2c
                0x20000000                . = ALIGN (0x4)
                0x20000000                _sdata = .
 *(.data)
 *(.data*)
 .data.uwTickFreq
                0x20000000        0x1 Drivers\STM32F4xx_HAL_Driver\Src\stm32f4xx_hal.o
                0x20000000                uwTickFreq
 *fill*         0x20000001        0x3 
 .data.uwTickPrio
                0x20000004        0x4 Drivers\STM32F4xx_HAL_Driver\Src\stm32f4xx_hal.o
                0x20000004                uwTickPrio
 .data.CDC_Class
                0x20000008       0x20 Middlewares\ST\STM32_USB_Host_Library\Class\CDC\Src\usbh_cdc.o
                0x20000008                CDC_Class
 .data.SystemCoreClock
                0x20000028        0x4 Src\system_stm32f4xx.o
                0x20000028                SystemCoreClock
 .data._impure_ptr
                0x2000002c        0x4 c:/program files (x86)/atollic/truestudio for stm32 9.3.0/armtools/bin/../lib/gcc/arm-atollic-eabi/6.3.1/../../../../arm-atollic-eabi/lib/armv7e-m/fpu\libc_nano.a(lib_a-impure.o)
                0x2000002c                _impure_ptr
 .data.impure_data
                0x20000030       0x60 c:/program files (x86)/atollic/truestudio for stm32 9.3.0/armtools/bin/../lib/gcc/arm-atollic-eabi/6.3.1/../../../../arm-atollic-eabi/lib/armv7e-m/fpu\libc_nano.a(lib_a-impure.o)
                0x20000090                . = ALIGN (0x4)
                0x20000090                _edata = .
                0x08004fbc                _siccmram = LOADADDR (.ccmram)

.igot.plt       0x20000090        0x0 load address 0x08004fbc
 .igot.plt      0x20000090        0x0 c:/program files (x86)/atollic/truestudio for stm32 9.3.0/armtools/bin/../lib/gcc/arm-atollic-eabi/6.3.1/armv7e-m/fpu/crtbegin.o

.ccmram         0x10000000        0x0 load address 0x08004fbc
                0x10000000                . = ALIGN (0x4)
                0x10000000                _sccmram = .
 *(.ccmram)
 *(.ccmram*)
                0x10000000                . = ALIGN (0x4)
                0x10000000                _eccmram = .
                0x10000000                . = ALIGN (0x4)

.bss            0x20000090      0x80c
                0x20000090                _sbss = .
                0x20000090                __bss_start__ = _sbss
 *(.bss)
 .bss           0x20000090       0x1c c:/program files (x86)/atollic/truestudio for stm32 9.3.0/armtools/bin/../lib/gcc/arm-atollic-eabi/6.3.1/armv7e-m/fpu/crtbegin.o
 *(.bss*)
 .bss.tmpreg.8790
                0x200000ac        0x4 Drivers\STM32F4xx_HAL_Driver\Src\stm32f4xx_ll_usb.o
 .bss.heap_end.10250
                0x200000b0        0x4 Src\syscalls.o
 .bss.Appli_state
                0x200000b4        0x1 Src\usb_host.o
                0x200000b4                Appli_state
 *fill*         0x200000b5        0x3 
 .bss.__malloc_free_list
                0x200000b8        0x4 c:/program files (x86)/atollic/truestudio for stm32 9.3.0/armtools/bin/../lib/gcc/arm-atollic-eabi/6.3.1/../../../../arm-atollic-eabi/lib/armv7e-m/fpu\libc_nano.a(lib_a-nano-mallocr.o)
                0x200000b8                __malloc_free_list
 .bss.__malloc_sbrk_start
                0x200000bc        0x4 c:/program files (x86)/atollic/truestudio for stm32 9.3.0/armtools/bin/../lib/gcc/arm-atollic-eabi/6.3.1/../../../../arm-atollic-eabi/lib/armv7e-m/fpu\libc_nano.a(lib_a-nano-mallocr.o)
                0x200000bc                __malloc_sbrk_start
 *(COMMON)
 COMMON         0x200000c0        0x4 Drivers\STM32F4xx_HAL_Driver\Src\stm32f4xx_hal.o
                0x200000c0                uwTick
 COMMON         0x200000c4       0x54 Src\i2c.o
                0x200000c4                hi2c1
 COMMON         0x20000118       0x48 Src\i2s.o
                0x20000118                hi2s3
 COMMON         0x20000160       0x10 Src\main.o
                0x20000160                cnt2
                0x20000164                tick
                0x20000168                dir
                0x2000016a                speed
                0x2000016c                diff
                0x2000016e                cnt1
 COMMON         0x20000170       0x58 Src\spi.o
                0x20000170                hspi1
 COMMON         0x200001c8       0x40 Src\tim.o
                0x200001c8                htim3
 COMMON         0x20000208      0x3cc Src\usb_host.o
                0x20000208                hUsbHostFS
 COMMON         0x200005d4      0x2c4 Src\usbh_conf.o
                0x200005d4                hhcd_USB_OTG_FS
 COMMON         0x20000898        0x4 c:/program files (x86)/atollic/truestudio for stm32 9.3.0/armtools/bin/../lib/gcc/arm-atollic-eabi/6.3.1/../../../../arm-atollic-eabi/lib/armv7e-m/fpu\libc_nano.a(lib_a-reent.o)
                0x20000898                errno
                0x2000089c                . = ALIGN (0x4)
                0x2000089c                _ebss = .
                0x2000089c                __bss_end__ = _ebss

._user_heap_stack
                0x2000089c      0x600
                0x2000089c                . = ALIGN (0x4)
                0x2000089c                PROVIDE (end, .)
                [!provide]                PROVIDE (_end, .)
                0x20000a9c                . = (. + _Min_Heap_Size)
 *fill*         0x2000089c      0x200 
                0x20000e9c                . = (. + _Min_Stack_Size)
 *fill*         0x20000a9c      0x400 
                0x20000e9c                . = ALIGN (0x4)

/DISCARD/
 libc.a(*)
 libm.a(*)
 libgcc.a(*)

.ARM.attributes
                0x00000000       0x30
 *(.ARM.attributes)
 .ARM.attributes
                0x00000000       0x22 c:/program files (x86)/atollic/truestudio for stm32 9.3.0/armtools/bin/../lib/gcc/arm-atollic-eabi/6.3.1/armv7e-m/fpu/crti.o
 .ARM.attributes
                0x00000022       0x34 c:/program files (x86)/atollic/truestudio for stm32 9.3.0/armtools/bin/../lib/gcc/arm-atollic-eabi/6.3.1/armv7e-m/fpu/crtbegin.o
 .ARM.attributes
                0x00000056       0x39 Drivers\STM32F4xx_HAL_Driver\Src\stm32f4xx_hal.o
 .ARM.attributes
                0x0000008f       0x39 Drivers\STM32F4xx_HAL_Driver\Src\stm32f4xx_hal_cortex.o
 .ARM.attributes
                0x000000c8       0x39 Drivers\STM32F4xx_HAL_Driver\Src\stm32f4xx_hal_gpio.o
 .ARM.attributes
                0x00000101       0x39 Drivers\STM32F4xx_HAL_Driver\Src\stm32f4xx_hal_hcd.o
 .ARM.attributes
                0x0000013a       0x39 Drivers\STM32F4xx_HAL_Driver\Src\stm32f4xx_hal_i2c.o
 .ARM.attributes
                0x00000173       0x39 Drivers\STM32F4xx_HAL_Driver\Src\stm32f4xx_hal_i2s.o
 .ARM.attributes
                0x000001ac       0x39 Drivers\STM32F4xx_HAL_Driver\Src\stm32f4xx_hal_i2s_ex.o
 .ARM.attributes
                0x000001e5       0x39 Drivers\STM32F4xx_HAL_Driver\Src\stm32f4xx_hal_rcc.o
 .ARM.attributes
                0x0000021e       0x39 Drivers\STM32F4xx_HAL_Driver\Src\stm32f4xx_hal_rcc_ex.o
 .ARM.attributes
                0x00000257       0x39 Drivers\STM32F4xx_HAL_Driver\Src\stm32f4xx_hal_spi.o
 .ARM.attributes
                0x00000290       0x39 Drivers\STM32F4xx_HAL_Driver\Src\stm32f4xx_hal_tim.o
 .ARM.attributes
                0x000002c9       0x39 Drivers\STM32F4xx_HAL_Driver\Src\stm32f4xx_hal_tim_ex.o
 .ARM.attributes
                0x00000302       0x39 Drivers\STM32F4xx_HAL_Driver\Src\stm32f4xx_ll_usb.o
 .ARM.attributes
                0x0000033b       0x39 Middlewares\ST\STM32_USB_Host_Library\Class\CDC\Src\usbh_cdc.o
 .ARM.attributes
                0x00000374       0x39 Middlewares\ST\STM32_USB_Host_Library\Core\Src\usbh_core.o
 .ARM.attributes
                0x000003ad       0x39 Middlewares\ST\STM32_USB_Host_Library\Core\Src\usbh_ctlreq.o
 .ARM.attributes
                0x000003e6       0x39 Middlewares\ST\STM32_USB_Host_Library\Core\Src\usbh_ioreq.o
 .ARM.attributes
                0x0000041f       0x39 Middlewares\ST\STM32_USB_Host_Library\Core\Src\usbh_pipes.o
 .ARM.attributes
                0x00000458       0x39 Src\gpio.o
 .ARM.attributes
                0x00000491       0x39 Src\i2c.o
 .ARM.attributes
                0x000004ca       0x39 Src\i2s.o
 .ARM.attributes
                0x00000503       0x39 Src\main.o
 .ARM.attributes
                0x0000053c       0x39 Src\spi.o
 .ARM.attributes
                0x00000575       0x39 Src\stm32f4xx_hal_msp.o
 .ARM.attributes
                0x000005ae       0x39 Src\stm32f4xx_it.o
 .ARM.attributes
                0x000005e7       0x39 Src\syscalls.o
 .ARM.attributes
                0x00000620       0x39 Src\system_stm32f4xx.o
 .ARM.attributes
                0x00000659       0x39 Src\tim.o
 .ARM.attributes
                0x00000692       0x39 Src\usb_host.o
 .ARM.attributes
                0x000006cb       0x39 Src\usbh_conf.o
 .ARM.attributes
                0x00000704       0x39 Src\usbh_platform.o
 .ARM.attributes
                0x0000073d       0x21 startup\startup_stm32f407xx.o
 .ARM.attributes
                0x0000075e       0x34 c:/program files (x86)/atollic/truestudio for stm32 9.3.0/armtools/bin/../lib/gcc/arm-atollic-eabi/6.3.1/../../../../arm-atollic-eabi/lib/armv7e-m/fpu\libc_nano.a(lib_a-errno.o)
 .ARM.attributes
                0x00000792       0x34 c:/program files (x86)/atollic/truestudio for stm32 9.3.0/armtools/bin/../lib/gcc/arm-atollic-eabi/6.3.1/../../../../arm-atollic-eabi/lib/armv7e-m/fpu\libc_nano.a(lib_a-impure.o)
 .ARM.attributes
                0x000007c6       0x34 c:/program files (x86)/atollic/truestudio for stm32 9.3.0/armtools/bin/../lib/gcc/arm-atollic-eabi/6.3.1/../../../../arm-atollic-eabi/lib/armv7e-m/fpu\libc_nano.a(lib_a-init.o)
 .ARM.attributes
                0x000007fa       0x34 c:/program files (x86)/atollic/truestudio for stm32 9.3.0/armtools/bin/../lib/gcc/arm-atollic-eabi/6.3.1/../../../../arm-atollic-eabi/lib/armv7e-m/fpu\libc_nano.a(lib_a-malloc.o)
 .ARM.attributes
                0x0000082e       0x34 c:/program files (x86)/atollic/truestudio for stm32 9.3.0/armtools/bin/../lib/gcc/arm-atollic-eabi/6.3.1/../../../../arm-atollic-eabi/lib/armv7e-m/fpu\libc_nano.a(lib_a-memset.o)
 .ARM.attributes
                0x00000862       0x34 c:/program files (x86)/atollic/truestudio for stm32 9.3.0/armtools/bin/../lib/gcc/arm-atollic-eabi/6.3.1/../../../../arm-atollic-eabi/lib/armv7e-m/fpu\libc_nano.a(lib_a-nano-freer.o)
 .ARM.attributes
                0x00000896       0x34 c:/program files (x86)/atollic/truestudio for stm32 9.3.0/armtools/bin/../lib/gcc/arm-atollic-eabi/6.3.1/../../../../arm-atollic-eabi/lib/armv7e-m/fpu\libc_nano.a(lib_a-nano-mallocr.o)
 .ARM.attributes
                0x000008ca       0x34 c:/program files (x86)/atollic/truestudio for stm32 9.3.0/armtools/bin/../lib/gcc/arm-atollic-eabi/6.3.1/../../../../arm-atollic-eabi/lib/armv7e-m/fpu\libc_nano.a(lib_a-printf.o)
 .ARM.attributes
                0x000008fe       0x34 c:/program files (x86)/atollic/truestudio for stm32 9.3.0/armtools/bin/../lib/gcc/arm-atollic-eabi/6.3.1/../../../../arm-atollic-eabi/lib/armv7e-m/fpu\libc_nano.a(lib_a-puts.o)
 .ARM.attributes
                0x00000932       0x34 c:/program files (x86)/atollic/truestudio for stm32 9.3.0/armtools/bin/../lib/gcc/arm-atollic-eabi/6.3.1/../../../../arm-atollic-eabi/lib/armv7e-m/fpu\libc_nano.a(lib_a-sbrkr.o)
 .ARM.attributes
                0x00000966       0x34 c:/program files (x86)/atollic/truestudio for stm32 9.3.0/armtools/bin/../lib/gcc/arm-atollic-eabi/6.3.1/../../../../arm-atollic-eabi/lib/armv7e-m/fpu\libc_nano.a(lib_a-wbuf.o)
 .ARM.attributes
                0x0000099a       0x34 c:/program files (x86)/atollic/truestudio for stm32 9.3.0/armtools/bin/../lib/gcc/arm-atollic-eabi/6.3.1/../../../../arm-atollic-eabi/lib/armv7e-m/fpu\libc_nano.a(lib_a-wsetup.o)
 .ARM.attributes
                0x000009ce       0x34 c:/program files (x86)/atollic/truestudio for stm32 9.3.0/armtools/bin/../lib/gcc/arm-atollic-eabi/6.3.1/../../../../arm-atollic-eabi/lib/armv7e-m/fpu\libc_nano.a(lib_a-fflush.o)
 .ARM.attributes
                0x00000a02       0x34 c:/program files (x86)/atollic/truestudio for stm32 9.3.0/armtools/bin/../lib/gcc/arm-atollic-eabi/6.3.1/../../../../arm-atollic-eabi/lib/armv7e-m/fpu\libc_nano.a(lib_a-findfp.o)
 .ARM.attributes
                0x00000a36       0x34 c:/program files (x86)/atollic/truestudio for stm32 9.3.0/armtools/bin/../lib/gcc/arm-atollic-eabi/6.3.1/../../../../arm-atollic-eabi/lib/armv7e-m/fpu\libc_nano.a(lib_a-fwalk.o)
 .ARM.attributes
                0x00000a6a       0x34 c:/program files (x86)/atollic/truestudio for stm32 9.3.0/armtools/bin/../lib/gcc/arm-atollic-eabi/6.3.1/../../../../arm-atollic-eabi/lib/armv7e-m/fpu\libc_nano.a(lib_a-makebuf.o)
 .ARM.attributes
                0x00000a9e       0x34 c:/program files (x86)/atollic/truestudio for stm32 9.3.0/armtools/bin/../lib/gcc/arm-atollic-eabi/6.3.1/../../../../arm-atollic-eabi/lib/armv7e-m/fpu\libc_nano.a(lib_a-mlock.o)
 .ARM.attributes
                0x00000ad2       0x34 c:/program files (x86)/atollic/truestudio for stm32 9.3.0/armtools/bin/../lib/gcc/arm-atollic-eabi/6.3.1/../../../../arm-atollic-eabi/lib/armv7e-m/fpu\libc_nano.a(lib_a-nano-vfprintf.o)
 .ARM.attributes
                0x00000b06       0x34 c:/program files (x86)/atollic/truestudio for stm32 9.3.0/armtools/bin/../lib/gcc/arm-atollic-eabi/6.3.1/../../../../arm-atollic-eabi/lib/armv7e-m/fpu\libc_nano.a(lib_a-nano-vfprintf_i.o)
 .ARM.attributes
                0x00000b3a       0x34 c:/program files (x86)/atollic/truestudio for stm32 9.3.0/armtools/bin/../lib/gcc/arm-atollic-eabi/6.3.1/../../../../arm-atollic-eabi/lib/armv7e-m/fpu\libc_nano.a(lib_a-reent.o)
 .ARM.attributes
                0x00000b6e       0x34 c:/program files (x86)/atollic/truestudio for stm32 9.3.0/armtools/bin/../lib/gcc/arm-atollic-eabi/6.3.1/../../../../arm-atollic-eabi/lib/armv7e-m/fpu\libc_nano.a(lib_a-stdio.o)
 .ARM.attributes
                0x00000ba2       0x34 c:/program files (x86)/atollic/truestudio for stm32 9.3.0/armtools/bin/../lib/gcc/arm-atollic-eabi/6.3.1/../../../../arm-atollic-eabi/lib/armv7e-m/fpu\libc_nano.a(lib_a-writer.o)
 .ARM.attributes
                0x00000bd6       0x34 c:/program files (x86)/atollic/truestudio for stm32 9.3.0/armtools/bin/../lib/gcc/arm-atollic-eabi/6.3.1/../../../../arm-atollic-eabi/lib/armv7e-m/fpu\libc_nano.a(lib_a-closer.o)
 .ARM.attributes
                0x00000c0a       0x34 c:/program files (x86)/atollic/truestudio for stm32 9.3.0/armtools/bin/../lib/gcc/arm-atollic-eabi/6.3.1/../../../../arm-atollic-eabi/lib/armv7e-m/fpu\libc_nano.a(lib_a-fstatr.o)
 .ARM.attributes
                0x00000c3e       0x34 c:/program files (x86)/atollic/truestudio for stm32 9.3.0/armtools/bin/../lib/gcc/arm-atollic-eabi/6.3.1/../../../../arm-atollic-eabi/lib/armv7e-m/fpu\libc_nano.a(lib_a-isattyr.o)
 .ARM.attributes
                0x00000c72       0x34 c:/program files (x86)/atollic/truestudio for stm32 9.3.0/armtools/bin/../lib/gcc/arm-atollic-eabi/6.3.1/../../../../arm-atollic-eabi/lib/armv7e-m/fpu\libc_nano.a(lib_a-lseekr.o)
 .ARM.attributes
                0x00000ca6       0x20 c:/program files (x86)/atollic/truestudio for stm32 9.3.0/armtools/bin/../lib/gcc/arm-atollic-eabi/6.3.1/../../../../arm-atollic-eabi/lib/armv7e-m/fpu\libc_nano.a(lib_a-memchr.o)
 .ARM.attributes
                0x00000cc6       0x34 c:/program files (x86)/atollic/truestudio for stm32 9.3.0/armtools/bin/../lib/gcc/arm-atollic-eabi/6.3.1/../../../../arm-atollic-eabi/lib/armv7e-m/fpu\libc_nano.a(lib_a-readr.o)
 .ARM.attributes
                0x00000cfa       0x22 c:/program files (x86)/atollic/truestudio for stm32 9.3.0/armtools/bin/../lib/gcc/arm-atollic-eabi/6.3.1/armv7e-m/fpu\libgcc.a(_aeabi_uldivmod.o)
 .ARM.attributes
                0x00000d1c       0x34 c:/program files (x86)/atollic/truestudio for stm32 9.3.0/armtools/bin/../lib/gcc/arm-atollic-eabi/6.3.1/armv7e-m/fpu\libgcc.a(_udivmoddi4.o)
 .ARM.attributes
                0x00000d50       0x22 c:/program files (x86)/atollic/truestudio for stm32 9.3.0/armtools/bin/../lib/gcc/arm-atollic-eabi/6.3.1/armv7e-m/fpu\libgcc.a(_dvmd_tls.o)
 .ARM.attributes
                0x00000d72       0x22 c:/program files (x86)/atollic/truestudio for stm32 9.3.0/armtools/bin/../lib/gcc/arm-atollic-eabi/6.3.1/armv7e-m/fpu/crtn.o
OUTPUT(encoder_testing.elf elf32-littlearm)

.debug_info     0x00000000    0x24495
 .debug_info    0x00000000      0xa14 Drivers\STM32F4xx_HAL_Driver\Src\stm32f4xx_hal.o
 .debug_info    0x00000a14      0xf8a Drivers\STM32F4xx_HAL_Driver\Src\stm32f4xx_hal_cortex.o
 .debug_info    0x0000199e      0x7c6 Drivers\STM32F4xx_HAL_Driver\Src\stm32f4xx_hal_gpio.o
 .debug_info    0x00002164     0x12c4 Drivers\STM32F4xx_HAL_Driver\Src\stm32f4xx_hal_hcd.o
 .debug_info    0x00003428     0x3412 Drivers\STM32F4xx_HAL_Driver\Src\stm32f4xx_hal_i2c.o
 .debug_info    0x0000683a      0xfb3 Drivers\STM32F4xx_HAL_Driver\Src\stm32f4xx_hal_i2s.o
 .debug_info    0x000077ed      0xddc Drivers\STM32F4xx_HAL_Driver\Src\stm32f4xx_hal_i2s_ex.o
 .debug_info    0x000085c9      0xaad Drivers\STM32F4xx_HAL_Driver\Src\stm32f4xx_hal_rcc.o
 .debug_info    0x00009076      0x6b4 Drivers\STM32F4xx_HAL_Driver\Src\stm32f4xx_hal_rcc_ex.o
 .debug_info    0x0000972a     0x1deb Drivers\STM32F4xx_HAL_Driver\Src\stm32f4xx_hal_spi.o
 .debug_info    0x0000b515     0x3521 Drivers\STM32F4xx_HAL_Driver\Src\stm32f4xx_hal_tim.o
 .debug_info    0x0000ea36     0x134f Drivers\STM32F4xx_HAL_Driver\Src\stm32f4xx_hal_tim_ex.o
 .debug_info    0x0000fd85     0x1ba6 Drivers\STM32F4xx_HAL_Driver\Src\stm32f4xx_ll_usb.o
 .debug_info    0x0001192b     0x1f23 Middlewares\ST\STM32_USB_Host_Library\Class\CDC\Src\usbh_cdc.o
 .debug_info    0x0001384e     0x1b5a Middlewares\ST\STM32_USB_Host_Library\Core\Src\usbh_core.o
 .debug_info    0x000153a8     0x1b1e Middlewares\ST\STM32_USB_Host_Library\Core\Src\usbh_ctlreq.o
 .debug_info    0x00016ec6     0x16e7 Middlewares\ST\STM32_USB_Host_Library\Core\Src\usbh_ioreq.o
 .debug_info    0x000185ad     0x1349 Middlewares\ST\STM32_USB_Host_Library\Core\Src\usbh_pipes.o
 .debug_info    0x000198f6      0x68d Src\gpio.o
 .debug_info    0x00019f83      0xa88 Src\i2c.o
 .debug_info    0x0001aa0b      0xa8d Src\i2s.o
 .debug_info    0x0001b498     0x1c25 Src\main.o
 .debug_info    0x0001d0bd      0xa62 Src\spi.o
 .debug_info    0x0001db1f      0x364 Src\stm32f4xx_hal_msp.o
 .debug_info    0x0001de83      0x6cc Src\stm32f4xx_it.o
 .debug_info    0x0001e54f     0x134a Src\syscalls.o
 .debug_info    0x0001f899      0x55b Src\system_stm32f4xx.o
 .debug_info    0x0001fdf4      0xb8f Src\tim.o
 .debug_info    0x00020983     0x12e9 Src\usb_host.o
 .debug_info    0x00021c6c     0x2513 Src\usbh_conf.o
 .debug_info    0x0002417f      0x2a4 Src\usbh_platform.o
 .debug_info    0x00024423       0x72 startup\startup_stm32f407xx.o

.debug_abbrev   0x00000000     0x4fe0
 .debug_abbrev  0x00000000      0x239 Drivers\STM32F4xx_HAL_Driver\Src\stm32f4xx_hal.o
 .debug_abbrev  0x00000239      0x314 Drivers\STM32F4xx_HAL_Driver\Src\stm32f4xx_hal_cortex.o
 .debug_abbrev  0x0000054d      0x1ef Drivers\STM32F4xx_HAL_Driver\Src\stm32f4xx_hal_gpio.o
 .debug_abbrev  0x0000073c      0x319 Drivers\STM32F4xx_HAL_Driver\Src\stm32f4xx_hal_hcd.o
 .debug_abbrev  0x00000a55      0x38a Drivers\STM32F4xx_HAL_Driver\Src\stm32f4xx_hal_i2c.o
 .debug_abbrev  0x00000ddf      0x2a0 Drivers\STM32F4xx_HAL_Driver\Src\stm32f4xx_hal_i2s.o
 .debug_abbrev  0x0000107f      0x301 Drivers\STM32F4xx_HAL_Driver\Src\stm32f4xx_hal_i2s_ex.o
 .debug_abbrev  0x00001380      0x2cb Drivers\STM32F4xx_HAL_Driver\Src\stm32f4xx_hal_rcc.o
 .debug_abbrev  0x0000164b      0x172 Drivers\STM32F4xx_HAL_Driver\Src\stm32f4xx_hal_rcc_ex.o
 .debug_abbrev  0x000017bd      0x335 Drivers\STM32F4xx_HAL_Driver\Src\stm32f4xx_hal_spi.o
 .debug_abbrev  0x00001af2      0x324 Drivers\STM32F4xx_HAL_Driver\Src\stm32f4xx_hal_tim.o
 .debug_abbrev  0x00001e16      0x29c Drivers\STM32F4xx_HAL_Driver\Src\stm32f4xx_hal_tim_ex.o
 .debug_abbrev  0x000020b2      0x33b Drivers\STM32F4xx_HAL_Driver\Src\stm32f4xx_ll_usb.o
 .debug_abbrev  0x000023ed      0x3ca Middlewares\ST\STM32_USB_Host_Library\Class\CDC\Src\usbh_cdc.o
 .debug_abbrev  0x000027b7      0x3f9 Middlewares\ST\STM32_USB_Host_Library\Core\Src\usbh_core.o
 .debug_abbrev  0x00002bb0      0x3cd Middlewares\ST\STM32_USB_Host_Library\Core\Src\usbh_ctlreq.o
 .debug_abbrev  0x00002f7d      0x280 Middlewares\ST\STM32_USB_Host_Library\Core\Src\usbh_ioreq.o
 .debug_abbrev  0x000031fd      0x2d5 Middlewares\ST\STM32_USB_Host_Library\Core\Src\usbh_pipes.o
 .debug_abbrev  0x000034d2      0x173 Src\gpio.o
 .debug_abbrev  0x00003645      0x1eb Src\i2c.o
 .debug_abbrev  0x00003830      0x1eb Src\i2s.o
 .debug_abbrev  0x00003a1b      0x298 Src\main.o
 .debug_abbrev  0x00003cb3      0x1eb Src\spi.o
 .debug_abbrev  0x00003e9e      0x104 Src\stm32f4xx_hal_msp.o
 .debug_abbrev  0x00003fa2      0x1b0 Src\stm32f4xx_it.o
 .debug_abbrev  0x00004152      0x38d Src\syscalls.o
 .debug_abbrev  0x000044df      0x126 Src\system_stm32f4xx.o
 .debug_abbrev  0x00004605      0x1f7 Src\tim.o
 .debug_abbrev  0x000047fc      0x2b4 Src\usb_host.o
 .debug_abbrev  0x00004ab0      0x3f2 Src\usbh_conf.o
 .debug_abbrev  0x00004ea2      0x12c Src\usbh_platform.o
 .debug_abbrev  0x00004fce       0x12 startup\startup_stm32f407xx.o

.debug_loc      0x00000000     0xf49c
 .debug_loc     0x00000000      0x12e Drivers\STM32F4xx_HAL_Driver\Src\stm32f4xx_hal.o
 .debug_loc     0x0000012e      0x4fb Drivers\STM32F4xx_HAL_Driver\Src\stm32f4xx_hal_cortex.o
 .debug_loc     0x00000629      0x357 Drivers\STM32F4xx_HAL_Driver\Src\stm32f4xx_hal_gpio.o
 .debug_loc     0x00000980      0x9c1 Drivers\STM32F4xx_HAL_Driver\Src\stm32f4xx_hal_hcd.o
 .debug_loc     0x00001341     0x3009 Drivers\STM32F4xx_HAL_Driver\Src\stm32f4xx_hal_i2c.o
 .debug_loc     0x0000434a      0x9bf Drivers\STM32F4xx_HAL_Driver\Src\stm32f4xx_hal_i2s.o
 .debug_loc     0x00004d09      0x745 Drivers\STM32F4xx_HAL_Driver\Src\stm32f4xx_hal_i2s_ex.o
 .debug_loc     0x0000544e      0x346 Drivers\STM32F4xx_HAL_Driver\Src\stm32f4xx_hal_rcc.o
 .debug_loc     0x00005794      0x2cf Drivers\STM32F4xx_HAL_Driver\Src\stm32f4xx_hal_rcc_ex.o
 .debug_loc     0x00005a63     0x1830 Drivers\STM32F4xx_HAL_Driver\Src\stm32f4xx_hal_spi.o
 .debug_loc     0x00007293     0x3009 Drivers\STM32F4xx_HAL_Driver\Src\stm32f4xx_hal_tim.o
 .debug_loc     0x0000a29c      0xa7c Drivers\STM32F4xx_HAL_Driver\Src\stm32f4xx_hal_tim_ex.o
 .debug_loc     0x0000ad18     0x1b55 Drivers\STM32F4xx_HAL_Driver\Src\stm32f4xx_ll_usb.o
 .debug_loc     0x0000c86d      0x6dd Middlewares\ST\STM32_USB_Host_Library\Class\CDC\Src\usbh_cdc.o
 .debug_loc     0x0000cf4a      0x79a Middlewares\ST\STM32_USB_Host_Library\Core\Src\usbh_core.o
 .debug_loc     0x0000d6e4      0x888 Middlewares\ST\STM32_USB_Host_Library\Core\Src\usbh_ctlreq.o
 .debug_loc     0x0000df6c      0x57d Middlewares\ST\STM32_USB_Host_Library\Core\Src\usbh_ioreq.o
 .debug_loc     0x0000e4e9      0x196 Middlewares\ST\STM32_USB_Host_Library\Core\Src\usbh_pipes.o
 .debug_loc     0x0000e67f       0x58 Src\i2c.o
 .debug_loc     0x0000e6d7       0x58 Src\i2s.o
 .debug_loc     0x0000e72f       0x58 Src\spi.o
 .debug_loc     0x0000e787      0x3c1 Src\syscalls.o
 .debug_loc     0x0000eb48      0x11c Src\system_stm32f4xx.o
 .debug_loc     0x0000ec64       0x58 Src\tim.o
 .debug_loc     0x0000ecbc      0x794 Src\usbh_conf.o
 .debug_loc     0x0000f450       0x4c Src\usbh_platform.o

.debug_aranges  0x00000000     0x12a0
 .debug_aranges
                0x00000000       0xe8 Drivers\STM32F4xx_HAL_Driver\Src\stm32f4xx_hal.o
 .debug_aranges
                0x000000e8       0xa8 Drivers\STM32F4xx_HAL_Driver\Src\stm32f4xx_hal_cortex.o
 .debug_aranges
                0x00000190       0x58 Drivers\STM32F4xx_HAL_Driver\Src\stm32f4xx_hal_gpio.o
 .debug_aranges
                0x000001e8       0xa0 Drivers\STM32F4xx_HAL_Driver\Src\stm32f4xx_hal_hcd.o
 .debug_aranges
                0x00000288      0x1b8 Drivers\STM32F4xx_HAL_Driver\Src\stm32f4xx_hal_i2c.o
 .debug_aranges
                0x00000440       0xc8 Drivers\STM32F4xx_HAL_Driver\Src\stm32f4xx_hal_i2s.o
 .debug_aranges
                0x00000508       0x60 Drivers\STM32F4xx_HAL_Driver\Src\stm32f4xx_hal_i2s_ex.o
 .debug_aranges
                0x00000568       0x88 Drivers\STM32F4xx_HAL_Driver\Src\stm32f4xx_hal_rcc.o
 .debug_aranges
                0x000005f0       0x48 Drivers\STM32F4xx_HAL_Driver\Src\stm32f4xx_hal_rcc_ex.o
 .debug_aranges
                0x00000638      0x188 Drivers\STM32F4xx_HAL_Driver\Src\stm32f4xx_hal_spi.o
 .debug_aranges
                0x000007c0      0x278 Drivers\STM32F4xx_HAL_Driver\Src\stm32f4xx_hal_tim.o
 .debug_aranges
                0x00000a38       0xf8 Drivers\STM32F4xx_HAL_Driver\Src\stm32f4xx_hal_tim_ex.o
 .debug_aranges
                0x00000b30      0x198 Drivers\STM32F4xx_HAL_Driver\Src\stm32f4xx_ll_usb.o
 .debug_aranges
                0x00000cc8       0x78 Middlewares\ST\STM32_USB_Host_Library\Class\CDC\Src\usbh_cdc.o
 .debug_aranges
                0x00000d40       0xb0 Middlewares\ST\STM32_USB_Host_Library\Core\Src\usbh_core.o
 .debug_aranges
                0x00000df0       0x70 Middlewares\ST\STM32_USB_Host_Library\Core\Src\usbh_ctlreq.o
 .debug_aranges
                0x00000e60       0x60 Middlewares\ST\STM32_USB_Host_Library\Core\Src\usbh_ioreq.o
 .debug_aranges
                0x00000ec0       0x38 Middlewares\ST\STM32_USB_Host_Library\Core\Src\usbh_pipes.o
 .debug_aranges
                0x00000ef8       0x20 Src\gpio.o
 .debug_aranges
                0x00000f18       0x30 Src\i2c.o
 .debug_aranges
                0x00000f48       0x30 Src\i2s.o
 .debug_aranges
                0x00000f78       0x30 Src\main.o
 .debug_aranges
                0x00000fa8       0x30 Src\spi.o
 .debug_aranges
                0x00000fd8       0x20 Src\stm32f4xx_hal_msp.o
 .debug_aranges
                0x00000ff8       0x50 Src\stm32f4xx_it.o
 .debug_aranges
                0x00001048       0xb0 Src\syscalls.o
 .debug_aranges
                0x000010f8       0x28 Src\system_stm32f4xx.o
 .debug_aranges
                0x00001120       0x30 Src\tim.o
 .debug_aranges
                0x00001150       0x30 Src\usb_host.o
 .debug_aranges
                0x00001180       0xd8 Src\usbh_conf.o
 .debug_aranges
                0x00001258       0x20 Src\usbh_platform.o
 .debug_aranges
                0x00001278       0x28 startup\startup_stm32f407xx.o

.debug_ranges   0x00000000     0x1800
 .debug_ranges  0x00000000       0xd8 Drivers\STM32F4xx_HAL_Driver\Src\stm32f4xx_hal.o
 .debug_ranges  0x000000d8      0x128 Drivers\STM32F4xx_HAL_Driver\Src\stm32f4xx_hal_cortex.o
 .debug_ranges  0x00000200       0x68 Drivers\STM32F4xx_HAL_Driver\Src\stm32f4xx_hal_gpio.o
 .debug_ranges  0x00000268       0xf8 Drivers\STM32F4xx_HAL_Driver\Src\stm32f4xx_hal_hcd.o
 .debug_ranges  0x00000360      0x3c0 Drivers\STM32F4xx_HAL_Driver\Src\stm32f4xx_hal_i2c.o
 .debug_ranges  0x00000720       0xb8 Drivers\STM32F4xx_HAL_Driver\Src\stm32f4xx_hal_i2s.o
 .debug_ranges  0x000007d8       0x50 Drivers\STM32F4xx_HAL_Driver\Src\stm32f4xx_hal_i2s_ex.o
 .debug_ranges  0x00000828       0xb0 Drivers\STM32F4xx_HAL_Driver\Src\stm32f4xx_hal_rcc.o
 .debug_ranges  0x000008d8       0x50 Drivers\STM32F4xx_HAL_Driver\Src\stm32f4xx_hal_rcc_ex.o
 .debug_ranges  0x00000928      0x238 Drivers\STM32F4xx_HAL_Driver\Src\stm32f4xx_hal_spi.o
 .debug_ranges  0x00000b60      0x340 Drivers\STM32F4xx_HAL_Driver\Src\stm32f4xx_hal_tim.o
 .debug_ranges  0x00000ea0       0xe8 Drivers\STM32F4xx_HAL_Driver\Src\stm32f4xx_hal_tim_ex.o
 .debug_ranges  0x00000f88      0x1a0 Drivers\STM32F4xx_HAL_Driver\Src\stm32f4xx_ll_usb.o
 .debug_ranges  0x00001128       0xc8 Middlewares\ST\STM32_USB_Host_Library\Class\CDC\Src\usbh_cdc.o
 .debug_ranges  0x000011f0       0xa0 Middlewares\ST\STM32_USB_Host_Library\Core\Src\usbh_core.o
 .debug_ranges  0x00001290      0x120 Middlewares\ST\STM32_USB_Host_Library\Core\Src\usbh_ctlreq.o
 .debug_ranges  0x000013b0       0x50 Middlewares\ST\STM32_USB_Host_Library\Core\Src\usbh_ioreq.o
 .debug_ranges  0x00001400       0x48 Middlewares\ST\STM32_USB_Host_Library\Core\Src\usbh_pipes.o
 .debug_ranges  0x00001448       0x40 Src\gpio.o
 .debug_ranges  0x00001488       0x38 Src\i2c.o
 .debug_ranges  0x000014c0       0x38 Src\i2s.o
 .debug_ranges  0x000014f8       0x20 Src\main.o
 .debug_ranges  0x00001518       0x38 Src\spi.o
 .debug_ranges  0x00001550       0x10 Src\stm32f4xx_hal_msp.o
 .debug_ranges  0x00001560       0x40 Src\stm32f4xx_it.o
 .debug_ranges  0x000015a0       0xc8 Src\syscalls.o
 .debug_ranges  0x00001668       0x18 Src\system_stm32f4xx.o
 .debug_ranges  0x00001680       0x38 Src\tim.o
 .debug_ranges  0x000016b8       0x20 Src\usb_host.o
 .debug_ranges  0x000016d8       0xf8 Src\usbh_conf.o
 .debug_ranges  0x000017d0       0x10 Src\usbh_platform.o
 .debug_ranges  0x000017e0       0x20 startup\startup_stm32f407xx.o

.debug_line     0x00000000     0xb12a
 .debug_line    0x00000000      0x420 Drivers\STM32F4xx_HAL_Driver\Src\stm32f4xx_hal.o
 .debug_line    0x00000420      0x469 Drivers\STM32F4xx_HAL_Driver\Src\stm32f4xx_hal_cortex.o
 .debug_line    0x00000889      0x3f2 Drivers\STM32F4xx_HAL_Driver\Src\stm32f4xx_hal_gpio.o
 .debug_line    0x00000c7b      0x5ec Drivers\STM32F4xx_HAL_Driver\Src\stm32f4xx_hal_hcd.o
 .debug_line    0x00001267     0x1c1b Drivers\STM32F4xx_HAL_Driver\Src\stm32f4xx_hal_i2c.o
 .debug_line    0x00002e82      0x6a8 Drivers\STM32F4xx_HAL_Driver\Src\stm32f4xx_hal_i2s.o
 .debug_line    0x0000352a      0x57f Drivers\STM32F4xx_HAL_Driver\Src\stm32f4xx_hal_i2s_ex.o
 .debug_line    0x00003aa9      0x51a Drivers\STM32F4xx_HAL_Driver\Src\stm32f4xx_hal_rcc.o
 .debug_line    0x00003fc3      0x397 Drivers\STM32F4xx_HAL_Driver\Src\stm32f4xx_hal_rcc_ex.o
 .debug_line    0x0000435a      0xb7e Drivers\STM32F4xx_HAL_Driver\Src\stm32f4xx_hal_spi.o
 .debug_line    0x00004ed8     0x1197 Drivers\STM32F4xx_HAL_Driver\Src\stm32f4xx_hal_tim.o
 .debug_line    0x0000606f      0x6b4 Drivers\STM32F4xx_HAL_Driver\Src\stm32f4xx_hal_tim_ex.o
 .debug_line    0x00006723      0x947 Drivers\STM32F4xx_HAL_Driver\Src\stm32f4xx_ll_usb.o
 .debug_line    0x0000706a      0x5c3 Middlewares\ST\STM32_USB_Host_Library\Class\CDC\Src\usbh_cdc.o
 .debug_line    0x0000762d      0x5ca Middlewares\ST\STM32_USB_Host_Library\Core\Src\usbh_core.o
 .debug_line    0x00007bf7      0x559 Middlewares\ST\STM32_USB_Host_Library\Core\Src\usbh_ctlreq.o
 .debug_line    0x00008150      0x40f Middlewares\ST\STM32_USB_Host_Library\Core\Src\usbh_ioreq.o
 .debug_line    0x0000855f      0x39e Middlewares\ST\STM32_USB_Host_Library\Core\Src\usbh_pipes.o
 .debug_line    0x000088fd      0x244 Src\gpio.o
 .debug_line    0x00008b41      0x28f Src\i2c.o
 .debug_line    0x00008dd0      0x29e Src\i2s.o
 .debug_line    0x0000906e      0x48a Src\main.o
 .debug_line    0x000094f8      0x291 Src\spi.o
 .debug_line    0x00009789      0x1e5 Src\stm32f4xx_hal_msp.o
 .debug_line    0x0000996e      0x283 Src\stm32f4xx_it.o
 .debug_line    0x00009bf1      0x493 Src\syscalls.o
 .debug_line    0x0000a084      0x20d Src\system_stm32f4xx.o
 .debug_line    0x0000a291      0x2b6 Src\tim.o
 .debug_line    0x0000a547      0x3ba Src\usb_host.o
 .debug_line    0x0000a901      0x5b2 Src\usbh_conf.o
 .debug_line    0x0000aeb3      0x1f8 Src\usbh_platform.o
 .debug_line    0x0000b0ab       0x7f startup\startup_stm32f407xx.o

.debug_str      0x00000000     0x70ca
 .debug_str     0x00000000      0xb4e Drivers\STM32F4xx_HAL_Driver\Src\stm32f4xx_hal.o
                                0xbbc (size before relaxing)
 .debug_str     0x00000b4e      0x4a1 Drivers\STM32F4xx_HAL_Driver\Src\stm32f4xx_hal_cortex.o
                                0xcfb (size before relaxing)
 .debug_str     0x00000fef      0x1d8 Drivers\STM32F4xx_HAL_Driver\Src\stm32f4xx_hal_gpio.o
                                0x5c1 (size before relaxing)
 .debug_str     0x000011c7      0x884 Drivers\STM32F4xx_HAL_Driver\Src\stm32f4xx_hal_hcd.o
                                0xbbd (size before relaxing)
 .debug_str     0x00001a4b      0xd1c Drivers\STM32F4xx_HAL_Driver\Src\stm32f4xx_hal_i2c.o
                               0x10f6 (size before relaxing)
 .debug_str     0x00002767      0x442 Drivers\STM32F4xx_HAL_Driver\Src\stm32f4xx_hal_i2s.o
                                0xa23 (size before relaxing)
 .debug_str     0x00002ba9      0x1f1 Drivers\STM32F4xx_HAL_Driver\Src\stm32f4xx_hal_i2s_ex.o
                                0x964 (size before relaxing)
 .debug_str     0x00002d9a      0x2d4 Drivers\STM32F4xx_HAL_Driver\Src\stm32f4xx_hal_rcc.o
                                0x79f (size before relaxing)
 .debug_str     0x0000306e      0x15e Drivers\STM32F4xx_HAL_Driver\Src\stm32f4xx_hal_rcc_ex.o
                                0x58d (size before relaxing)
 .debug_str     0x000031cc      0x649 Drivers\STM32F4xx_HAL_Driver\Src\stm32f4xx_hal_spi.o
                                0xcaa (size before relaxing)
 .debug_str     0x00003815      0xfe6 Drivers\STM32F4xx_HAL_Driver\Src\stm32f4xx_hal_tim.o
                               0x159e (size before relaxing)
 .debug_str     0x000047fb      0x548 Drivers\STM32F4xx_HAL_Driver\Src\stm32f4xx_hal_tim_ex.o
                                0xdb6 (size before relaxing)
 .debug_str     0x00004d43      0x502 Drivers\STM32F4xx_HAL_Driver\Src\stm32f4xx_ll_usb.o
                                0xd1d (size before relaxing)
 .debug_str     0x00005245     0x1257 Middlewares\ST\STM32_USB_Host_Library\Class\CDC\Src\usbh_cdc.o
                               0x162b (size before relaxing)
 .debug_str     0x0000649c      0x2ac Middlewares\ST\STM32_USB_Host_Library\Core\Src\usbh_core.o
                               0x11bd (size before relaxing)
 .debug_str     0x00006748      0x1db Middlewares\ST\STM32_USB_Host_Library\Core\Src\usbh_ctlreq.o
                               0x119b (size before relaxing)
 .debug_str     0x00006923       0xb2 Middlewares\ST\STM32_USB_Host_Library\Core\Src\usbh_ioreq.o
                                0xfd0 (size before relaxing)
 .debug_str     0x000069d5       0x80 Middlewares\ST\STM32_USB_Host_Library\Core\Src\usbh_pipes.o
                                0xf66 (size before relaxing)
 .debug_str     0x00006a55       0x22 Src\gpio.o
                                0x461 (size before relaxing)
 .debug_str     0x00006a77       0x38 Src\i2c.o
                                0x98f (size before relaxing)
 .debug_str     0x00006aaf       0x2a Src\i2s.o
                                0x8c8 (size before relaxing)
 .debug_str     0x00006ad9       0xaf Src\main.o
                               0x149d (size before relaxing)
 .debug_str     0x00006b88       0x17 Src\spi.o
                                0x8d8 (size before relaxing)
 .debug_str     0x00006b9f       0x1b Src\stm32f4xx_hal_msp.o
                                0x3a9 (size before relaxing)
 .debug_str     0x00006bba       0xc8 Src\stm32f4xx_it.o
                                0x76c (size before relaxing)
 .debug_str     0x00006c82      0x29b Src\syscalls.o
                                0x9fa (size before relaxing)
 .debug_str     0x00006f1d       0x45 Src\system_stm32f4xx.o
                                0x425 (size before relaxing)
 .debug_str     0x00006f62       0x1f Src\tim.o
                                0x9eb (size before relaxing)
 .debug_str     0x00006f81       0x99 Src\usb_host.o
                                0xf94 (size before relaxing)
 .debug_str     0x0000701a       0x99 Src\usbh_conf.o
                               0x1e1a (size before relaxing)
 .debug_str     0x000070b3       0x17 Src\usbh_platform.o
                                0x333 (size before relaxing)

.comment        0x00000000       0x7c
 .comment       0x00000000       0x7c Drivers\STM32F4xx_HAL_Driver\Src\stm32f4xx_hal.o
                                 0x7d (size before relaxing)
 .comment       0x0000007c       0x7d Drivers\STM32F4xx_HAL_Driver\Src\stm32f4xx_hal_cortex.o
 .comment       0x0000007c       0x7d Drivers\STM32F4xx_HAL_Driver\Src\stm32f4xx_hal_gpio.o
 .comment       0x0000007c       0x7d Drivers\STM32F4xx_HAL_Driver\Src\stm32f4xx_hal_hcd.o
 .comment       0x0000007c       0x7d Drivers\STM32F4xx_HAL_Driver\Src\stm32f4xx_hal_i2c.o
 .comment       0x0000007c       0x7d Drivers\STM32F4xx_HAL_Driver\Src\stm32f4xx_hal_i2s.o
 .comment       0x0000007c       0x7d Drivers\STM32F4xx_HAL_Driver\Src\stm32f4xx_hal_i2s_ex.o
 .comment       0x0000007c       0x7d Drivers\STM32F4xx_HAL_Driver\Src\stm32f4xx_hal_rcc.o
 .comment       0x0000007c       0x7d Drivers\STM32F4xx_HAL_Driver\Src\stm32f4xx_hal_rcc_ex.o
 .comment       0x0000007c       0x7d Drivers\STM32F4xx_HAL_Driver\Src\stm32f4xx_hal_spi.o
 .comment       0x0000007c       0x7d Drivers\STM32F4xx_HAL_Driver\Src\stm32f4xx_hal_tim.o
 .comment       0x0000007c       0x7d Drivers\STM32F4xx_HAL_Driver\Src\stm32f4xx_hal_tim_ex.o
 .comment       0x0000007c       0x7d Drivers\STM32F4xx_HAL_Driver\Src\stm32f4xx_ll_usb.o
 .comment       0x0000007c       0x7d Middlewares\ST\STM32_USB_Host_Library\Class\CDC\Src\usbh_cdc.o
 .comment       0x0000007c       0x7d Middlewares\ST\STM32_USB_Host_Library\Core\Src\usbh_core.o
 .comment       0x0000007c       0x7d Middlewares\ST\STM32_USB_Host_Library\Core\Src\usbh_ctlreq.o
 .comment       0x0000007c       0x7d Middlewares\ST\STM32_USB_Host_Library\Core\Src\usbh_ioreq.o
 .comment       0x0000007c       0x7d Middlewares\ST\STM32_USB_Host_Library\Core\Src\usbh_pipes.o
 .comment       0x0000007c       0x7d Src\gpio.o
 .comment       0x0000007c       0x7d Src\i2c.o
 .comment       0x0000007c       0x7d Src\i2s.o
 .comment       0x0000007c       0x7d Src\main.o
 .comment       0x0000007c       0x7d Src\spi.o
 .comment       0x0000007c       0x7d Src\stm32f4xx_hal_msp.o
 .comment       0x0000007c       0x7d Src\stm32f4xx_it.o
 .comment       0x0000007c       0x7d Src\syscalls.o
 .comment       0x0000007c       0x7d Src\system_stm32f4xx.o
 .comment       0x0000007c       0x7d Src\tim.o
 .comment       0x0000007c       0x7d Src\usb_host.o
 .comment       0x0000007c       0x7d Src\usbh_conf.o
 .comment       0x0000007c       0x7d Src\usbh_platform.o

.debug_frame    0x00000000     0x3e40
 .debug_frame   0x00000000      0x1f4 Drivers\STM32F4xx_HAL_Driver\Src\stm32f4xx_hal.o
 .debug_frame   0x000001f4      0x158 Drivers\STM32F4xx_HAL_Driver\Src\stm32f4xx_hal_cortex.o
 .debug_frame   0x0000034c       0xd8 Drivers\STM32F4xx_HAL_Driver\Src\stm32f4xx_hal_gpio.o
 .debug_frame   0x00000424      0x218 Drivers\STM32F4xx_HAL_Driver\Src\stm32f4xx_hal_hcd.o
 .debug_frame   0x0000063c      0x710 Drivers\STM32F4xx_HAL_Driver\Src\stm32f4xx_hal_i2c.o
 .debug_frame   0x00000d4c      0x288 Drivers\STM32F4xx_HAL_Driver\Src\stm32f4xx_hal_i2s.o
 .debug_frame   0x00000fd4      0x130 Drivers\STM32F4xx_HAL_Driver\Src\stm32f4xx_hal_i2s_ex.o
 .debug_frame   0x00001104      0x13c Drivers\STM32F4xx_HAL_Driver\Src\stm32f4xx_hal_rcc.o
 .debug_frame   0x00001240       0xac Drivers\STM32F4xx_HAL_Driver\Src\stm32f4xx_hal_rcc_ex.o
 .debug_frame   0x000012ec      0x574 Drivers\STM32F4xx_HAL_Driver\Src\stm32f4xx_hal_spi.o
 .debug_frame   0x00001860      0x928 Drivers\STM32F4xx_HAL_Driver\Src\stm32f4xx_hal_tim.o
 .debug_frame   0x00002188      0x360 Drivers\STM32F4xx_HAL_Driver\Src\stm32f4xx_hal_tim_ex.o
 .debug_frame   0x000024e8      0x45c Drivers\STM32F4xx_HAL_Driver\Src\stm32f4xx_ll_usb.o
 .debug_frame   0x00002944      0x148 Middlewares\ST\STM32_USB_Host_Library\Class\CDC\Src\usbh_cdc.o
 .debug_frame   0x00002a8c      0x19c Middlewares\ST\STM32_USB_Host_Library\Core\Src\usbh_core.o
 .debug_frame   0x00002c28      0x118 Middlewares\ST\STM32_USB_Host_Library\Core\Src\usbh_ctlreq.o
 .debug_frame   0x00002d40      0x130 Middlewares\ST\STM32_USB_Host_Library\Core\Src\usbh_ioreq.o
 .debug_frame   0x00002e70       0x70 Middlewares\ST\STM32_USB_Host_Library\Core\Src\usbh_pipes.o
 .debug_frame   0x00002ee0       0x3c Src\gpio.o
 .debug_frame   0x00002f1c       0x60 Src\i2c.o
 .debug_frame   0x00002f7c       0x74 Src\i2s.o
 .debug_frame   0x00002ff0       0x60 Src\main.o
 .debug_frame   0x00003050       0x60 Src\spi.o
 .debug_frame   0x000030b0       0x28 Src\stm32f4xx_hal_msp.o
 .debug_frame   0x000030d8       0xb0 Src\stm32f4xx_it.o
 .debug_frame   0x00003188      0x1a8 Src\syscalls.o
 .debug_frame   0x00003330       0x38 Src\system_stm32f4xx.o
 .debug_frame   0x00003368       0x60 Src\tim.o
 .debug_frame   0x000033c8       0x50 Src\usb_host.o