stm32f4xx_hal_i2s.c:259:19:HAL_I2S_Init	40	static
stm32f4xx_hal_i2s.c:487:19:HAL_I2S_DeInit	16	static
stm32f4xx_hal_i2s.c:531:13:HAL_I2S_MspInit	16	static
stm32f4xx_hal_i2s.c:547:13:HAL_I2S_MspDeInit	16	static
stm32f4xx_hal_i2s.c:834:19:HAL_I2S_Transmit	32	static
stm32f4xx_hal_i2s.c:953:19:HAL_I2S_Receive	40	static
stm32f4xx_hal_i2s.c:1051:19:HAL_I2S_Transmit_IT	32	static
stm32f4xx_hal_i2s.c:1117:19:HAL_I2S_Receive_IT	32	static
stm32f4xx_hal_i2s.c:1181:19:HAL_I2S_Transmit_DMA	32	static
stm32f4xx_hal_i2s.c:1272:19:HAL_I2S_Receive_DMA	32	static
stm32f4xx_hal_i2s.c:1361:19:HAL_I2S_DMAPause	16	static
stm32f4xx_hal_i2s.c:1401:19:HAL_I2S_DMAResume	16	static
stm32f4xx_hal_i2s.c:1455:19:HAL_I2S_DMAStop	24	static
stm32f4xx_hal_i2s.c:1516:6:HAL_I2S_IRQHandler	16	static
stm32f4xx_hal_i2s.c:1528:13:HAL_I2S_TxHalfCpltCallback	16	static
stm32f4xx_hal_i2s.c:1544:13:HAL_I2S_TxCpltCallback	16	static
stm32f4xx_hal_i2s.c:1560:13:HAL_I2S_RxHalfCpltCallback	16	static
stm32f4xx_hal_i2s.c:1576:13:HAL_I2S_RxCpltCallback	16	static
stm32f4xx_hal_i2s.c:1592:13:HAL_I2S_ErrorCallback	16	static
stm32f4xx_hal_i2s.c:1627:22:HAL_I2S_GetState	16	static
stm32f4xx_hal_i2s.c:1638:10:HAL_I2S_GetError	16	static
stm32f4xx_hal_i2s.c:1659:13:I2S_DMATxCplt	24	static
stm32f4xx_hal_i2s.c:1686:13:I2S_DMATxHalfCplt	24	static
stm32f4xx_hal_i2s.c:1704:13:I2S_DMARxCplt	24	static
stm32f4xx_hal_i2s.c:1730:13:I2S_DMARxHalfCplt	24	static
stm32f4xx_hal_i2s.c:1748:13:I2S_DMAError	24	static
stm32f4xx_hal_i2s.c:1775:13:I2S_Transmit_IT	16	static
stm32f4xx_hal_i2s.c:1803:13:I2S_Receive_IT	16	static
stm32f4xx_hal_i2s.c:1831:13:I2S_IRQHandler	32	static
stm32f4xx_hal_i2s.c:1908:26:I2S_WaitFlagStateUntilTimeout	32	static
