Archive member included to satisfy reference by file (symbol)

c:/program files (x86)/atollic/truestudio for stm32 9.3.0/armtools/bin/../lib/gcc/arm-atollic-eabi/6.3.1/../../../../arm-atollic-eabi/lib/armv7e-m/fpu\libc_nano.a(lib_a-errno.o)
                              Src\syscalls.o (__errno)
c:/program files (x86)/atollic/truestudio for stm32 9.3.0/armtools/bin/../lib/gcc/arm-atollic-eabi/6.3.1/../../../../arm-atollic-eabi/lib/armv7e-m/fpu\libc_nano.a(lib_a-impure.o)
                              c:/program files (x86)/atollic/truestudio for stm32 9.3.0/armtools/bin/../lib/gcc/arm-atollic-eabi/6.3.1/../../../../arm-atollic-eabi/lib/armv7e-m/fpu\libc_nano.a(lib_a-errno.o) (_impure_ptr)
c:/program files (x86)/atollic/truestudio for stm32 9.3.0/armtools/bin/../lib/gcc/arm-atollic-eabi/6.3.1/../../../../arm-atollic-eabi/lib/armv7e-m/fpu\libc_nano.a(lib_a-init.o)
                              startup\startup_stm32f407xx.o (__libc_init_array)
c:/program files (x86)/atollic/truestudio for stm32 9.3.0/armtools/bin/../lib/gcc/arm-atollic-eabi/6.3.1/../../../../arm-atollic-eabi/lib/armv7e-m/fpu\libc_nano.a(lib_a-memset.o)
                              Src\main.o (memset)
c:/program files (x86)/atollic/truestudio for stm32 9.3.0/armtools/bin/../lib/gcc/arm-atollic-eabi/6.3.1/../../../../arm-atollic-eabi/lib/armv7e-m/fpu\libm.a(lib_a-w_exp.o)
                              Src\main.o (exp)
c:/program files (x86)/atollic/truestudio for stm32 9.3.0/armtools/bin/../lib/gcc/arm-atollic-eabi/6.3.1/../../../../arm-atollic-eabi/lib/armv7e-m/fpu\libm.a(lib_a-e_exp.o)
                              c:/program files (x86)/atollic/truestudio for stm32 9.3.0/armtools/bin/../lib/gcc/arm-atollic-eabi/6.3.1/../../../../arm-atollic-eabi/lib/armv7e-m/fpu\libm.a(lib_a-w_exp.o) (__ieee754_exp)
c:/program files (x86)/atollic/truestudio for stm32 9.3.0/armtools/bin/../lib/gcc/arm-atollic-eabi/6.3.1/../../../../arm-atollic-eabi/lib/armv7e-m/fpu\libm.a(lib_a-s_finite.o)
                              c:/program files (x86)/atollic/truestudio for stm32 9.3.0/armtools/bin/../lib/gcc/arm-atollic-eabi/6.3.1/../../../../arm-atollic-eabi/lib/armv7e-m/fpu\libm.a(lib_a-w_exp.o) (finite)
c:/program files (x86)/atollic/truestudio for stm32 9.3.0/armtools/bin/../lib/gcc/arm-atollic-eabi/6.3.1/../../../../arm-atollic-eabi/lib/armv7e-m/fpu\libm.a(lib_a-s_lib_ver.o)
                              c:/program files (x86)/atollic/truestudio for stm32 9.3.0/armtools/bin/../lib/gcc/arm-atollic-eabi/6.3.1/../../../../arm-atollic-eabi/lib/armv7e-m/fpu\libm.a(lib_a-w_exp.o) (__fdlib_version)
c:/program files (x86)/atollic/truestudio for stm32 9.3.0/armtools/bin/../lib/gcc/arm-atollic-eabi/6.3.1/../../../../arm-atollic-eabi/lib/armv7e-m/fpu\libm.a(lib_a-s_matherr.o)
                              c:/program files (x86)/atollic/truestudio for stm32 9.3.0/armtools/bin/../lib/gcc/arm-atollic-eabi/6.3.1/../../../../arm-atollic-eabi/lib/armv7e-m/fpu\libm.a(lib_a-w_exp.o) (matherr)
c:/program files (x86)/atollic/truestudio for stm32 9.3.0/armtools/bin/../lib/gcc/arm-atollic-eabi/6.3.1/armv7e-m/fpu\libgcc.a(_arm_addsubdf3.o)
                              c:/program files (x86)/atollic/truestudio for stm32 9.3.0/armtools/bin/../lib/gcc/arm-atollic-eabi/6.3.1/../../../../arm-atollic-eabi/lib/armv7e-m/fpu\libm.a(lib_a-e_exp.o) (__aeabi_dsub)
c:/program files (x86)/atollic/truestudio for stm32 9.3.0/armtools/bin/../lib/gcc/arm-atollic-eabi/6.3.1/armv7e-m/fpu\libgcc.a(_arm_muldivdf3.o)
                              Src\main.o (__aeabi_dmul)
c:/program files (x86)/atollic/truestudio for stm32 9.3.0/armtools/bin/../lib/gcc/arm-atollic-eabi/6.3.1/armv7e-m/fpu\libgcc.a(_arm_cmpdf2.o)
                              c:/program files (x86)/atollic/truestudio for stm32 9.3.0/armtools/bin/../lib/gcc/arm-atollic-eabi/6.3.1/../../../../arm-atollic-eabi/lib/armv7e-m/fpu\libm.a(lib_a-w_exp.o) (__aeabi_dcmplt)
c:/program files (x86)/atollic/truestudio for stm32 9.3.0/armtools/bin/../lib/gcc/arm-atollic-eabi/6.3.1/armv7e-m/fpu\libgcc.a(_arm_fixdfsi.o)
                              c:/program files (x86)/atollic/truestudio for stm32 9.3.0/armtools/bin/../lib/gcc/arm-atollic-eabi/6.3.1/../../../../arm-atollic-eabi/lib/armv7e-m/fpu\libm.a(lib_a-e_exp.o) (__aeabi_d2iz)
c:/program files (x86)/atollic/truestudio for stm32 9.3.0/armtools/bin/../lib/gcc/arm-atollic-eabi/6.3.1/armv7e-m/fpu\libgcc.a(_arm_fixunsdfsi.o)
                              Src\main.o (__aeabi_d2uiz)
c:/program files (x86)/atollic/truestudio for stm32 9.3.0/armtools/bin/../lib/gcc/arm-atollic-eabi/6.3.1/armv7e-m/fpu\libgcc.a(_aeabi_uldivmod.o)
                              Drivers\STM32F4xx_HAL_Driver\Src\stm32f4xx_hal_rcc.o (__aeabi_uldivmod)
c:/program files (x86)/atollic/truestudio for stm32 9.3.0/armtools/bin/../lib/gcc/arm-atollic-eabi/6.3.1/armv7e-m/fpu\libgcc.a(_udivmoddi4.o)
[...]
Memory Configuration

Name             Origin             Length             Attributes
RAM              0x20000000         0x00020000         xrw
CCMRAM           0x10000000         0x00010000         xrw
FLASH            0x08000000         0x00100000         xr
*default*        0x00000000         0xffffffff

Linker script and memory map

LOAD c:/program files (x86)/atollic/truestudio for stm32 9.3.0/armtools/bin/../lib/gcc/arm-atollic-eabi/6.3.1/armv7e-m/fpu/crti.o
LOAD c:/program files (x86)/atollic/truestudio for stm32 9.3.0/armtools/bin/../lib/gcc/arm-atollic-eabi/6.3.1/armv7e-m/fpu/crtbegin.o
LOAD Drivers\STM32F4xx_HAL_Driver\Src\stm32f4xx_hal.o
LOAD Drivers\STM32F4xx_HAL_Driver\Src\stm32f4xx_hal_cortex.o
LOAD Drivers\STM32F4xx_HAL_Driver\Src\stm32f4xx_hal_dma.o
LOAD Drivers\STM32F4xx_HAL_Driver\Src\stm32f4xx_hal_dma_ex.o
LOAD Drivers\STM32F4xx_HAL_Driver\Src\stm32f4xx_hal_exti.o
LOAD Drivers\STM32F4xx_HAL_Driver\Src\stm32f4xx_hal_flash.o
LOAD Drivers\STM32F4xx_HAL_Driver\Src\stm32f4xx_hal_flash_ex.o
LOAD Drivers\STM32F4xx_HAL_Driver\Src\stm32f4xx_hal_flash_ramfunc.o
LOAD Drivers\STM32F4xx_HAL_Driver\Src\stm32f4xx_hal_gpio.o
LOAD Drivers\STM32F4xx_HAL_Driver\Src\stm32f4xx_hal_pwr.o
LOAD Drivers\STM32F4xx_HAL_Driver\Src\stm32f4xx_hal_pwr_ex.o
LOAD Drivers\STM32F4xx_HAL_Driver\Src\stm32f4xx_hal_rcc.o
LOAD Drivers\STM32F4xx_HAL_Driver\Src\stm32f4xx_hal_rcc_ex.o
LOAD Drivers\STM32F4xx_HAL_Driver\Src\stm32f4xx_hal_tim.o
LOAD Drivers\STM32F4xx_HAL_Driver\Src\stm32f4xx_hal_tim_ex.o
LOAD Drivers\STM32F4xx_HAL_Driver\Src\stm32f4xx_hal_uart.o
LOAD Src\gpio.o
LOAD Src\main.o
LOAD Src\stm32f4xx_hal_msp.o
LOAD Src\stm32f4xx_it.o
LOAD Src\syscalls.o
LOAD Src\system_stm32f4xx.o
LOAD Src\tim.o
LOAD Src\usart.o
LOAD startup\startup_stm32f407xx.o
                0x00000080                malloc_getpagesize_P = 0x80
START GROUP
LOAD c:/program files (x86)/atollic/truestudio for stm32 9.3.0/armtools/bin/../lib/gcc/arm-atollic-eabi/6.3.1/../../../../arm-atollic-eabi/lib/armv7e-m/fpu\libc_nano.a
LOAD c:/program files (x86)/atollic/truestudio for stm32 9.3.0/armtools/bin/../lib/gcc/arm-atollic-eabi/6.3.1/../../../../arm-atollic-eabi/lib/armv7e-m/fpu\libm.a
END GROUP
START GROUP
LOAD c:/program files (x86)/atollic/truestudio for stm32 9.3.0/armtools/bin/../lib/gcc/arm-atollic-eabi/6.3.1/armv7e-m/fpu\libgcc.a
LOAD c:/program files (x86)/atollic/truestudio for stm32 9.3.0/armtools/bin/../lib/gcc/arm-atollic-eabi/6.3.1/../../../../arm-atollic-eabi/lib/armv7e-m/fpu\libc_nano.a
END GROUP
START GROUP
LOAD c:/program files (x86)/atollic/truestudio for stm32 9.3.0/armtools/bin/../lib/gcc/arm-atollic-eabi/6.3.1/armv7e-m/fpu\libgcc.a
LOAD c:/program files (x86)/atollic/truestudio for stm32 9.3.0/armtools/bin/../lib/gcc/arm-atollic-eabi/6.3.1/../../../../arm-atollic-eabi/lib/armv7e-m/fpu\libc_nano.a
LOAD c:/program files (x86)/atollic/truestudio for stm32 9.3.0/armtools/bin/../lib/gcc/arm-atollic-eabi/6.3.1/../../../../arm-atollic-eabi/lib/armv7e-m/fpu\libnosys.a
END GROUP
START GROUP
LOAD c:/program files (x86)/atollic/truestudio for stm32 9.3.0/armtools/bin/../lib/gcc/arm-atollic-eabi/6.3.1/armv7e-m/fpu\libgcc.a
LOAD c:/program files (x86)/atollic/truestudio for stm32 9.3.0/armtools/bin/../lib/gcc/arm-atollic-eabi/6.3.1/../../../../arm-atollic-eabi/lib/armv7e-m/fpu\libc_nano.a
LOAD c:/program files (x86)/atollic/truestudio for stm32 9.3.0/armtools/bin/../lib/gcc/arm-atollic-eabi/6.3.1/../../../../arm-atollic-eabi/lib/armv7e-m/fpu\libnosys.a
END GROUP
LOAD c:/program files (x86)/atollic/truestudio for stm32 9.3.0/armtools/bin/../lib/gcc/arm-atollic-eabi/6.3.1/armv7e-m/fpu/crtend.o
LOAD c:/program files (x86)/atollic/truestudio for stm32 9.3.0/armtools/bin/../lib/gcc/arm-atollic-eabi/6.3.1/armv7e-m/fpu/crtn.o
                0x20020000                _estack = 0x20020000
                0x00000200                _Min_Heap_Size = 0x200
                0x00000400                _Min_Stack_Size = 0x400

.isr_vector     0x08000000      0x188
                0x08000000                . = ALIGN (0x4)
 *(.isr_vector)
 .isr_vector    0x08000000      0x188 startup\startup_stm32f407xx.o
                0x08000000                g_pfnVectors
                0x08000188                . = ALIGN (0x4)

.text           0x08000188     0x4f08
                0x08000188                . = ALIGN (0x4)
 *(.text)
 .text          0x08000188       0x40 c:/program files (x86)/atollic/truestudio for stm32 9.3.0/armtools/bin/../lib/gcc/arm-atollic-eabi/6.3.1/armv7e-m/fpu/crtbegin.o
 .text          0x080001c8      0x370 c:/program files (x86)/atollic/truestudio for stm32 9.3.0/armtools/bin/../lib/gcc/arm-atollic-eabi/6.3.1/armv7e-m/fpu\libgcc.a(_arm_addsubdf3.o)
                0x080001c8                __aeabi_drsub
                0x080001d0                __aeabi_dsub
                0x080001d0                __subdf3
                0x080001d4                __aeabi_dadd
                0x080001d4                __adddf3
                0x0800044c                __floatunsidf
                0x0800044c                __aeabi_ui2d
                0x0800046c                __floatsidf
                0x0800046c                __aeabi_i2d
                0x08000490                __aeabi_f2d
                0x08000490                __extendsfdf2
                0x080004cc                __floatundidf
                0x080004cc                __aeabi_ul2d
                0x080004dc                __floatdidf
                0x080004dc                __aeabi_l2d
 .text          0x08000538      0x424 c:/program files (x86)/atollic/truestudio for stm32 9.3.0/armtools/bin/../lib/gcc/arm-atollic-eabi/6.3.1/armv7e-m/fpu\libgcc.a(_arm_muldivdf3.o)
                0x08000538                __aeabi_dmul
                0x08000538                __muldf3
                0x0800078c                __divdf3
                0x0800078c                __aeabi_ddiv
 .text          0x0800095c      0x110 c:/program files (x86)/atollic/truestudio for stm32 9.3.0/armtools/bin/../lib/gcc/arm-atollic-eabi/6.3.1/armv7e-m/fpu\libgcc.a(_arm_cmpdf2.o)
                0x0800095c                __gtdf2
                0x0800095c                __gedf2
                0x08000964                __ltdf2
                0x08000964                __ledf2
                0x0800096c                __nedf2
                0x0800096c                __eqdf2
                0x0800096c                __cmpdf2
                0x080009e8                __aeabi_cdrcmple
                0x080009f8                __aeabi_cdcmpeq
                0x080009f8                __aeabi_cdcmple
                0x08000a08                __aeabi_dcmpeq
                0x08000a1c                __aeabi_dcmplt
                0x08000a30                __aeabi_dcmple
                0x08000a44                __aeabi_dcmpge
                0x08000a58                __aeabi_dcmpgt
 .text          0x08000a6c       0x50 c:/program files (x86)/atollic/truestudio for stm32 9.3.0/armtools/bin/../lib/gcc/arm-atollic-eabi/6.3.1/armv7e-m/fpu\libgcc.a(_arm_fixdfsi.o)
                0x08000a6c                __aeabi_d2iz
                0x08000a6c                __fixdfsi
 .text          0x08000abc       0x40 c:/program files (x86)/atollic/truestudio for stm32 9.3.0/armtools/bin/../lib/gcc/arm-atollic-eabi/6.3.1/armv7e-m/fpu\libgcc.a(_arm_fixunsdfsi.o)
                0x08000abc                __aeabi_d2uiz
                0x08000abc                __fixunsdfsi
 .text          0x08000afc       0x30 c:/program files (x86)/atollic/truestudio for stm32 9.3.0/armtools/bin/../lib/gcc/arm-atollic-eabi/6.3.1/armv7e-m/fpu\libgcc.a(_aeabi_uldivmod.o)
                0x08000afc                __aeabi_uldivmod
 .text          0x08000b2c      0x2dc c:/program files (x86)/atollic/truestudio for stm32 9.3.0/armtools/bin/../lib/gcc/arm-atollic-eabi/6.3.1/armv7e-m/fpu\libgcc.a(_udivmoddi4.o)
                0x08000b2c                __udivmoddi4
 .text          0x08000e08        0x4 c:/program files (x86)/atollic/truestudio for stm32 9.3.0/armtools/bin/../lib/gcc/arm-atollic-eabi/6.3.1/armv7e-m/fpu\libgcc.a(_dvmd_tls.o)
                0x08000e08                __aeabi_idiv0
                0x08000e08                __aeabi_ldiv0
 *(.text*)
 .text.HAL_Init
                0x08000e0c       0x44 Drivers\STM32F4xx_HAL_Driver\Src\stm32f4xx_hal.o
                0x08000e0c                HAL_Init
 .text.HAL_InitTick
                0x08000e50       0x60 Drivers\STM32F4xx_HAL_Driver\Src\stm32f4xx_hal.o
                0x08000e50                HAL_InitTick
 .text.HAL_IncTick
                0x08000eb0       0x28 Drivers\STM32F4xx_HAL_Driver\Src\stm32f4xx_hal.o
                0x08000eb0                HAL_IncTick
 .text.HAL_GetTick
                0x08000ed8       0x18 Drivers\STM32F4xx_HAL_Driver\Src\stm32f4xx_hal.o
                0x08000ed8                HAL_GetTick
 .text.HAL_Delay
                0x08000ef0       0x44 Drivers\STM32F4xx_HAL_Driver\Src\stm32f4xx_hal.o
                0x08000ef0                HAL_Delay
 .text.__NVIC_SetPriorityGrouping
                0x08000f34       0x48 Drivers\STM32F4xx_HAL_Driver\Src\stm32f4xx_hal_cortex.o
 .text.__NVIC_GetPriorityGrouping
                0x08000f7c       0x1c Drivers\STM32F4xx_HAL_Driver\Src\stm32f4xx_hal_cortex.o
 .text.__NVIC_EnableIRQ
                0x08000f98       0x3c Drivers\STM32F4xx_HAL_Driver\Src\stm32f4xx_hal_cortex.o
 .text.__NVIC_SetPriority
                0x08000fd4       0x54 Drivers\STM32F4xx_HAL_Driver\Src\stm32f4xx_hal_cortex.o
 .text.NVIC_EncodePriority
                0x08001028       0x62 Drivers\STM32F4xx_HAL_Driver\Src\stm32f4xx_hal_cortex.o
 *fill*         0x0800108a        0x2 
 .text.SysTick_Config
                0x0800108c       0x44 Drivers\STM32F4xx_HAL_Driver\Src\stm32f4xx_hal_cortex.o
 .text.HAL_NVIC_SetPriorityGrouping
                0x080010d0       0x16 Drivers\STM32F4xx_HAL_Driver\Src\stm32f4xx_hal_cortex.o
                0x080010d0                HAL_NVIC_SetPriorityGrouping
 .text.HAL_NVIC_SetPriority
                0x080010e6       0x38 Drivers\STM32F4xx_HAL_Driver\Src\stm32f4xx_hal_cortex.o
                0x080010e6                HAL_NVIC_SetPriority
 .text.HAL_NVIC_EnableIRQ
                0x0800111e       0x1c Drivers\STM32F4xx_HAL_Driver\Src\stm32f4xx_hal_cortex.o
                0x0800111e                HAL_NVIC_EnableIRQ
 .text.HAL_SYSTICK_Config
                0x0800113a       0x18 Drivers\STM32F4xx_HAL_Driver\Src\stm32f4xx_hal_cortex.o
                0x0800113a                HAL_SYSTICK_Config
 .text.HAL_DMA_Abort_IT
                0x08001152       0x44 Drivers\STM32F4xx_HAL_Driver\Src\stm32f4xx_hal_dma.o
                0x08001152                HAL_DMA_Abort_IT
 *fill*         0x08001196        0x2 
 .text.HAL_GPIO_Init
                0x08001198      0x334 Drivers\STM32F4xx_HAL_Driver\Src\stm32f4xx_hal_gpio.o
                0x08001198                HAL_GPIO_Init
 .text.HAL_GPIO_WritePin
                0x080014cc       0x32 Drivers\STM32F4xx_HAL_Driver\Src\stm32f4xx_hal_gpio.o
                0x080014cc                HAL_GPIO_WritePin
 *fill*         0x080014fe        0x2 
 .text.HAL_RCC_OscConfig
                0x08001500      0x4e0 Drivers\STM32F4xx_HAL_Driver\Src\stm32f4xx_hal_rcc.o
                0x08001500                HAL_RCC_OscConfig
 .text.HAL_RCC_ClockConfig
                0x080019e0      0x1cc Drivers\STM32F4xx_HAL_Driver\Src\stm32f4xx_hal_rcc.o
                0x080019e0                HAL_RCC_ClockConfig
 .text.HAL_RCC_GetSysClockFreq
                0x08001bac      0x1b0 Drivers\STM32F4xx_HAL_Driver\Src\stm32f4xx_hal_rcc.o
                0x08001bac                HAL_RCC_GetSysClockFreq
 .text.HAL_RCC_GetHCLKFreq
                0x08001d5c       0x18 Drivers\STM32F4xx_HAL_Driver\Src\stm32f4xx_hal_rcc.o
                0x08001d5c                HAL_RCC_GetHCLKFreq
 .text.HAL_RCC_GetPCLK1Freq
                0x08001d74       0x28 Drivers\STM32F4xx_HAL_Driver\Src\stm32f4xx_hal_rcc.o
                0x08001d74                HAL_RCC_GetPCLK1Freq
 .text.HAL_RCC_GetPCLK2Freq
                0x08001d9c       0x28 Drivers\STM32F4xx_HAL_Driver\Src\stm32f4xx_hal_rcc.o
                0x08001d9c                HAL_RCC_GetPCLK2Freq
 .text.HAL_TIM_Base_Init
                0x08001dc4       0x56 Drivers\STM32F4xx_HAL_Driver\Src\stm32f4xx_hal_tim.o
                0x08001dc4                HAL_TIM_Base_Init
 .text.HAL_TIM_Base_Start_IT
                0x08001e1a       0x48 Drivers\STM32F4xx_HAL_Driver\Src\stm32f4xx_hal_tim.o
                0x08001e1a                HAL_TIM_Base_Start_IT
 .text.HAL_TIM_PWM_Init
                0x08001e62       0x56 Drivers\STM32F4xx_HAL_Driver\Src\stm32f4xx_hal_tim.o
                0x08001e62                HAL_TIM_PWM_Init
 .text.HAL_TIM_PWM_MspInit
                0x08001eb8       0x14 Drivers\STM32F4xx_HAL_Driver\Src\stm32f4xx_hal_tim.o
                0x08001eb8                HAL_TIM_PWM_MspInit
 .text.HAL_TIM_PWM_Start
                0x08001ecc       0x7c Drivers\STM32F4xx_HAL_Driver\Src\stm32f4xx_hal_tim.o
                0x08001ecc                HAL_TIM_PWM_Start
 .text.HAL_TIM_Encoder_Init
                0x08001f48      0x124 Drivers\STM32F4xx_HAL_Driver\Src\stm32f4xx_hal_tim.o
                0x08001f48                HAL_TIM_Encoder_Init
 .text.HAL_TIM_Encoder_Start
                0x0800206c       0x6e Drivers\STM32F4xx_HAL_Driver\Src\stm32f4xx_hal_tim.o
                0x0800206c                HAL_TIM_Encoder_Start
 .text.HAL_TIM_IRQHandler
                0x080020da      0x210 Drivers\STM32F4xx_HAL_Driver\Src\stm32f4xx_hal_tim.o
                0x080020da                HAL_TIM_IRQHandler
 *fill*         0x080022ea        0x2 
 .text.HAL_TIM_PWM_ConfigChannel
                0x080022ec      0x18c Drivers\STM32F4xx_HAL_Driver\Src\stm32f4xx_hal_tim.o
                0x080022ec                HAL_TIM_PWM_ConfigChannel
 .text.HAL_TIM_ConfigClockSource
                0x08002478      0x16e Drivers\STM32F4xx_HAL_Driver\Src\stm32f4xx_hal_tim.o
                0x08002478                HAL_TIM_ConfigClockSource
 .text.HAL_TIM_OC_DelayElapsedCallback
                0x080025e6       0x14 Drivers\STM32F4xx_HAL_Driver\Src\stm32f4xx_hal_tim.o
                0x080025e6                HAL_TIM_OC_DelayElapsedCallback
 .text.HAL_TIM_IC_CaptureCallback
                0x080025fa       0x14 Drivers\STM32F4xx_HAL_Driver\Src\stm32f4xx_hal_tim.o
                0x080025fa                HAL_TIM_IC_CaptureCallback
 .text.HAL_TIM_PWM_PulseFinishedCallback
                0x0800260e       0x14 Drivers\STM32F4xx_HAL_Driver\Src\stm32f4xx_hal_tim.o
                0x0800260e                HAL_TIM_PWM_PulseFinishedCallback
 .text.HAL_TIM_TriggerCallback
                0x08002622       0x14 Drivers\STM32F4xx_HAL_Driver\Src\stm32f4xx_hal_tim.o
                0x08002622                HAL_TIM_TriggerCallback
 *fill*         0x08002636        0x2 
 .text.TIM_Base_SetConfig
                0x08002638      0x140 Drivers\STM32F4xx_HAL_Driver\Src\stm32f4xx_hal_tim.o
                0x08002638                TIM_Base_SetConfig
 .text.TIM_OC1_SetConfig
                0x08002778       0xe0 Drivers\STM32F4xx_HAL_Driver\Src\stm32f4xx_hal_tim.o
 .text.TIM_OC2_SetConfig
                0x08002858       0xec Drivers\STM32F4xx_HAL_Driver\Src\stm32f4xx_hal_tim.o
                0x08002858                TIM_OC2_SetConfig
 .text.TIM_OC3_SetConfig
                0x08002944       0xe8 Drivers\STM32F4xx_HAL_Driver\Src\stm32f4xx_hal_tim.o
 .text.TIM_OC4_SetConfig
                0x08002a2c       0xac Drivers\STM32F4xx_HAL_Driver\Src\stm32f4xx_hal_tim.o
 .text.TIM_TI1_ConfigInputStage
                0x08002ad8       0x5e Drivers\STM32F4xx_HAL_Driver\Src\stm32f4xx_hal_tim.o
 .text.TIM_TI2_ConfigInputStage
                0x08002b36       0x60 Drivers\STM32F4xx_HAL_Driver\Src\stm32f4xx_hal_tim.o
 .text.TIM_ITRx_SetConfig
                0x08002b96       0x36 Drivers\STM32F4xx_HAL_Driver\Src\stm32f4xx_hal_tim.o
 .text.TIM_ETR_SetConfig
                0x08002bcc       0x40 Drivers\STM32F4xx_HAL_Driver\Src\stm32f4xx_hal_tim.o
                0x08002bcc                TIM_ETR_SetConfig
 .text.TIM_CCxChannelCmd
                0x08002c0c       0x4a Drivers\STM32F4xx_HAL_Driver\Src\stm32f4xx_hal_tim.o
                0x08002c0c                TIM_CCxChannelCmd
 *fill*         0x08002c56        0x2 
 .text.HAL_TIMEx_MasterConfigSynchronization
                0x08002c58       0xf8 Drivers\STM32F4xx_HAL_Driver\Src\stm32f4xx_hal_tim_ex.o
                0x08002c58                HAL_TIMEx_MasterConfigSynchronization
 .text.HAL_TIMEx_ConfigBreakDeadTime
                0x08002d50       0xa4 Drivers\STM32F4xx_HAL_Driver\Src\stm32f4xx_hal_tim_ex.o
                0x08002d50                HAL_TIMEx_ConfigBreakDeadTime
 .text.HAL_TIMEx_CommutCallback
                0x08002df4       0x14 Drivers\STM32F4xx_HAL_Driver\Src\stm32f4xx_hal_tim_ex.o
                0x08002df4                HAL_TIMEx_CommutCallback
 .text.HAL_TIMEx_BreakCallback
                0x08002e08       0x14 Drivers\STM32F4xx_HAL_Driver\Src\stm32f4xx_hal_tim_ex.o
                0x08002e08                HAL_TIMEx_BreakCallback
 .text.HAL_UART_Init
                0x08002e1c       0x9a Drivers\STM32F4xx_HAL_Driver\Src\stm32f4xx_hal_uart.o
                0x08002e1c                HAL_UART_Init
 .text.HAL_UART_Receive_IT
                0x08002eb6       0xaa Drivers\STM32F4xx_HAL_Driver\Src\stm32f4xx_hal_uart.o
                0x08002eb6                HAL_UART_Receive_IT
 .text.HAL_UART_IRQHandler
                0x08002f60      0x200 Drivers\STM32F4xx_HAL_Driver\Src\stm32f4xx_hal_uart.o
                0x08002f60                HAL_UART_IRQHandler
 .text.HAL_UART_TxCpltCallback
                0x08003160       0x14 Drivers\STM32F4xx_HAL_Driver\Src\stm32f4xx_hal_uart.o
                0x08003160                HAL_UART_TxCpltCallback
 .text.HAL_UART_ErrorCallback
                0x08003174       0x14 Drivers\STM32F4xx_HAL_Driver\Src\stm32f4xx_hal_uart.o
                0x08003174                HAL_UART_ErrorCallback
 .text.UART_EndRxTransfer
                0x08003188       0x3c Drivers\STM32F4xx_HAL_Driver\Src\stm32f4xx_hal_uart.o
 .text.UART_DMAAbortOnError
                0x080031c4       0x28 Drivers\STM32F4xx_HAL_Driver\Src\stm32f4xx_hal_uart.o
 .text.UART_Transmit_IT
                0x080031ec       0xaa Drivers\STM32F4xx_HAL_Driver\Src\stm32f4xx_hal_uart.o
 .text.UART_EndTransmit_IT
                0x08003296       0x30 Drivers\STM32F4xx_HAL_Driver\Src\stm32f4xx_hal_uart.o
 .text.UART_Receive_IT
                0x080032c6      0x102 Drivers\STM32F4xx_HAL_Driver\Src\stm32f4xx_hal_uart.o
 .text.UART_SetConfig
                0x080033c8      0x67c Drivers\STM32F4xx_HAL_Driver\Src\stm32f4xx_hal_uart.o
 .text.MX_GPIO_Init
                0x08003a44      0x1d4 Src\gpio.o
                0x08003a44                MX_GPIO_Init
 .text.HAL_TIM_PeriodElapsedCallback
                0x08003c18      0x284 Src\main.o
                0x08003c18                HAL_TIM_PeriodElapsedCallback
 .text.main     0x08003e9c      0x1d0 Src\main.o
                0x08003e9c                main
 .text.SystemClock_Config
                0x0800406c       0xd4 Src\main.o
                0x0800406c                SystemClock_Config
 .text.MX_NVIC_Init
                0x08004140       0x28 Src\main.o
 .text.HAL_UART_RxCpltCallback
                0x08004168       0x30 Src\main.o
                0x08004168                HAL_UART_RxCpltCallback
 .text.Error_Handler
                0x08004198        0xe Src\main.o
                0x08004198                Error_Handler
 *fill*         0x080041a6        0x2 
 .text.HAL_MspInit
                0x080041a8       0x50 Src\stm32f4xx_hal_msp.o
                0x080041a8                HAL_MspInit
 .text.NMI_Handler
                0x080041f8        0xe Src\stm32f4xx_it.o
                0x080041f8                NMI_Handler
 .text.HardFault_Handler
                0x08004206        0x6 Src\stm32f4xx_it.o
                0x08004206                HardFault_Handler
 .text.MemManage_Handler
                0x0800420c        0x6 Src\stm32f4xx_it.o
                0x0800420c                MemManage_Handler
 .text.BusFault_Handler
                0x08004212        0x6 Src\stm32f4xx_it.o
                0x08004212                BusFault_Handler
 .text.UsageFault_Handler
                0x08004218        0x6 Src\stm32f4xx_it.o
                0x08004218                UsageFault_Handler
 .text.SVC_Handler
                0x0800421e        0xe Src\stm32f4xx_it.o
                0x0800421e                SVC_Handler
 .text.DebugMon_Handler
                0x0800422c        0xe Src\stm32f4xx_it.o
                0x0800422c                DebugMon_Handler
 .text.PendSV_Handler
                0x0800423a        0xe Src\stm32f4xx_it.o
                0x0800423a                PendSV_Handler
 .text.SysTick_Handler
                0x08004248        0xc Src\stm32f4xx_it.o
                0x08004248                SysTick_Handler
 .text.USART2_IRQHandler
                0x08004254       0x14 Src\stm32f4xx_it.o
                0x08004254                USART2_IRQHandler
 .text.TIM6_DAC_IRQHandler
                0x08004268       0x14 Src\stm32f4xx_it.o
                0x08004268                TIM6_DAC_IRQHandler
 .text.SystemInit
                0x0800427c       0x2c Src\system_stm32f4xx.o
                0x0800427c                SystemInit
 .text.MX_TIM1_Init
                0x080042a8      0x188 Src\tim.o
                0x080042a8                MX_TIM1_Init
 .text.MX_TIM2_Init
                0x08004430       0xa8 Src\tim.o
                0x08004430                MX_TIM2_Init
 .text.MX_TIM3_Init
                0x080044d8       0xa8 Src\tim.o
                0x080044d8                MX_TIM3_Init
 .text.MX_TIM4_Init
                0x08004580       0xa8 Src\tim.o
                0x08004580                MX_TIM4_Init
 .text.MX_TIM5_Init
                0x08004628       0xa8 Src\tim.o
                0x08004628                MX_TIM5_Init
 .text.MX_TIM6_Init
                0x080046d0       0x6c Src\tim.o
                0x080046d0                MX_TIM6_Init
 .text.HAL_TIM_Base_MspInit
                0x0800473c       0x70 Src\tim.o
                0x0800473c                HAL_TIM_Base_MspInit
 .text.HAL_TIM_Encoder_MspInit
                0x080047ac      0x208 Src\tim.o
                0x080047ac                HAL_TIM_Encoder_MspInit
 .text.HAL_TIM_MspPostInit
                0x080049b4       0x74 Src\tim.o
                0x080049b4                HAL_TIM_MspPostInit
 .text.MX_USART2_UART_Init
                0x08004a28       0x54 Src\usart.o
                0x08004a28                MX_USART2_UART_Init
 .text.MX_USART3_UART_Init
                0x08004a7c       0x54 Src\usart.o
                0x08004a7c                MX_USART3_UART_Init
 .text.HAL_UART_MspInit
                0x08004ad0       0xfc Src\usart.o
                0x08004ad0                HAL_UART_MspInit
 .text.Reset_Handler
                0x08004bcc       0x50 startup\startup_stm32f407xx.o
                0x08004bcc                Reset_Handler
 .text.Default_Handler
                0x08004c1c        0x2 startup\startup_stm32f407xx.o
                0x08004c1c                RTC_Alarm_IRQHandler
                0x08004c1c                HASH_RNG_IRQHandler
                0x08004c1c                EXTI2_IRQHandler
                0x08004c1c                TIM8_CC_IRQHandler
                0x08004c1c                TIM1_CC_IRQHandler
                0x08004c1c                DMA2_Stream5_IRQHandler
                0x08004c1c                DMA1_Stream5_IRQHandler
                0x08004c1c                PVD_IRQHandler
                0x08004c1c                SDIO_IRQHandler
                0x08004c1c                TAMP_STAMP_IRQHandler
                0x08004c1c                CAN2_RX1_IRQHandler
                0x08004c1c                EXTI3_IRQHandler
                0x08004c1c                TIM8_TRG_COM_TIM14_IRQHandler
                0x08004c1c                TIM1_UP_TIM10_IRQHandler
                0x08004c1c                TIM8_UP_TIM13_IRQHandler
                0x08004c1c                I2C3_ER_IRQHandler
                0x08004c1c                EXTI0_IRQHandler
                0x08004c1c                I2C2_EV_IRQHandler
                0x08004c1c                DMA1_Stream2_IRQHandler
                0x08004c1c                CAN1_RX0_IRQHandler
                0x08004c1c                FPU_IRQHandler
                0x08004c1c                OTG_HS_WKUP_IRQHandler
                0x08004c1c                CAN2_SCE_IRQHandler
                0x08004c1c                DMA2_Stream2_IRQHandler
                0x08004c1c                SPI1_IRQHandler
                0x08004c1c                TIM1_BRK_TIM9_IRQHandler
                0x08004c1c                DCMI_IRQHandler
                0x08004c1c                CAN2_RX0_IRQHandler
                0x08004c1c                DMA2_Stream3_IRQHandler
                0x08004c1c                USART6_IRQHandler
                0x08004c1c                USART3_IRQHandler
                0x08004c1c                CAN1_RX1_IRQHandler
                0x08004c1c                UART5_IRQHandler
                0x08004c1c                DMA2_Stream0_IRQHandler
                0x08004c1c                TIM4_IRQHandler
                0x08004c1c                I2C1_EV_IRQHandler
                0x08004c1c                DMA1_Stream6_IRQHandler
                0x08004c1c                DMA1_Stream1_IRQHandler
                0x08004c1c                UART4_IRQHandler
                0x08004c1c                TIM3_IRQHandler
                0x08004c1c                RCC_IRQHandler
                0x08004c1c                TIM8_BRK_TIM12_IRQHandler
                0x08004c1c                Default_Handler
                0x08004c1c                EXTI15_10_IRQHandler
                0x08004c1c                ADC_IRQHandler
                0x08004c1c                DMA1_Stream7_IRQHandler
                0x08004c1c                TIM7_IRQHandler
                0x08004c1c                CAN2_TX_IRQHandler
                0x08004c1c                TIM5_IRQHandler
                0x08004c1c                DMA2_Stream7_IRQHandler
                0x08004c1c                I2C3_EV_IRQHandler
                0x08004c1c                EXTI9_5_IRQHandler
                0x08004c1c                RTC_WKUP_IRQHandler
                0x08004c1c                ETH_WKUP_IRQHandler
                0x08004c1c                SPI2_IRQHandler
                0x08004c1c                OTG_HS_EP1_IN_IRQHandler
                0x08004c1c                DMA1_Stream0_IRQHandler
                0x08004c1c                CAN1_TX_IRQHandler
                0x08004c1c                EXTI4_IRQHandler
                0x08004c1c                FSMC_IRQHandler
                0x08004c1c                ETH_IRQHandler
                0x08004c1c                OTG_HS_EP1_OUT_IRQHandler
                0x08004c1c                WWDG_IRQHandler
                0x08004c1c                TIM2_IRQHandler
                0x08004c1c                OTG_FS_WKUP_IRQHandler
                0x08004c1c                TIM1_TRG_COM_TIM11_IRQHandler
                0x08004c1c                OTG_HS_IRQHandler
                0x08004c1c                EXTI1_IRQHandler
                0x08004c1c                I2C2_ER_IRQHandler
                0x08004c1c                DMA2_Stream1_IRQHandler
                0x08004c1c                CAN1_SCE_IRQHandler
                0x08004c1c                FLASH_IRQHandler
                0x08004c1c                DMA2_Stream4_IRQHandler
                0x08004c1c                USART1_IRQHandler
                0x08004c1c                OTG_FS_IRQHandler
                0x08004c1c                SPI3_IRQHandler
                0x08004c1c                DMA1_Stream4_IRQHandler
                0x08004c1c                I2C1_ER_IRQHandler
                0x08004c1c                DMA2_Stream6_IRQHandler
                0x08004c1c                DMA1_Stream3_IRQHandler
 *fill*         0x08004c1e        0x2 
 .text.__errno  0x08004c20        0xc c:/program files (x86)/atollic/truestudio for stm32 9.3.0/armtools/bin/../lib/gcc/arm-atollic-eabi/6.3.1/../../../../arm-atollic-eabi/lib/armv7e-m/fpu\libc_nano.a(lib_a-errno.o)
                0x08004c20                __errno
 .text.__libc_init_array
                0x08004c2c       0x48 c:/program files (x86)/atollic/truestudio for stm32 9.3.0/armtools/bin/../lib/gcc/arm-atollic-eabi/6.3.1/../../../../arm-atollic-eabi/lib/armv7e-m/fpu\libc_nano.a(lib_a-init.o)
                0x08004c2c                __libc_init_array
 .text.memset   0x08004c74       0x10 c:/program files (x86)/atollic/truestudio for stm32 9.3.0/armtools/bin/../lib/gcc/arm-atollic-eabi/6.3.1/../../../../arm-atollic-eabi/lib/armv7e-m/fpu\libc_nano.a(lib_a-memset.o)
                0x08004c74                memset
 *fill*         0x08004c84        0x4 
 .text.exp      0x08004c88       0xf8 c:/program files (x86)/atollic/truestudio for stm32 9.3.0/armtools/bin/../lib/gcc/arm-atollic-eabi/6.3.1/../../../../arm-atollic-eabi/lib/armv7e-m/fpu\libm.a(lib_a-w_exp.o)
                0x08004c88                exp
 .text.__ieee754_exp
                0x08004d80      0x2e4 c:/program files (x86)/atollic/truestudio for stm32 9.3.0/armtools/bin/../lib/gcc/arm-atollic-eabi/6.3.1/../../../../arm-atollic-eabi/lib/armv7e-m/fpu\libm.a(lib_a-e_exp.o)
                0x08004d80                __ieee754_exp
 .text.finite   0x08005064       0x10 c:/program files (x86)/atollic/truestudio for stm32 9.3.0/armtools/bin/../lib/gcc/arm-atollic-eabi/6.3.1/../../../../arm-atollic-eabi/lib/armv7e-m/fpu\libm.a(lib_a-s_finite.o)
                0x08005064                finite
 .text.matherr  0x08005074        0x4 c:/program files (x86)/atollic/truestudio for stm32 9.3.0/armtools/bin/../lib/gcc/arm-atollic-eabi/6.3.1/../../../../arm-atollic-eabi/lib/armv7e-m/fpu\libm.a(lib_a-s_matherr.o)
                0x08005074                matherr
 *(.glue_7)
 .glue_7        0x08005078        0x0 linker stubs
 *(.glue_7t)
 .glue_7t       0x08005078        0x0 linker stubs
 *(.eh_frame)
 .eh_frame      0x08005078        0x0 c:/program files (x86)/atollic/truestudio for stm32 9.3.0/armtools/bin/../lib/gcc/arm-atollic-eabi/6.3.1/armv7e-m/fpu/crtbegin.o
 *(.init)
 .init          0x08005078        0x4 c:/program files (x86)/atollic/truestudio for stm32 9.3.0/armtools/bin/../lib/gcc/arm-atollic-eabi/6.3.1/armv7e-m/fpu/crti.o
                0x08005078                _init
 .init          0x0800507c        0x8 c:/program files (x86)/atollic/truestudio for stm32 9.3.0/armtools/bin/../lib/gcc/arm-atollic-eabi/6.3.1/armv7e-m/fpu/crtn.o
 *(.fini)
 .fini          0x08005084        0x4 c:/program files (x86)/atollic/truestudio for stm32 9.3.0/armtools/bin/../lib/gcc/arm-atollic-eabi/6.3.1/armv7e-m/fpu/crti.o
                0x08005084                _fini
 .fini          0x08005088        0x8 c:/program files (x86)/atollic/truestudio for stm32 9.3.0/armtools/bin/../lib/gcc/arm-atollic-eabi/6.3.1/armv7e-m/fpu/crtn.o
                0x08005090                . = ALIGN (0x4)
                0x08005090                _etext = .

.vfp11_veneer   0x08005090        0x0
 .vfp11_veneer  0x08005090        0x0 linker stubs

.v4_bx          0x08005090        0x0
 .v4_bx         0x08005090        0x0 linker stubs

.iplt           0x08005090        0x0
 .iplt          0x08005090        0x0 c:/program files (x86)/atollic/truestudio for stm32 9.3.0/armtools/bin/../lib/gcc/arm-atollic-eabi/6.3.1/armv7e-m/fpu/crtbegin.o

.rodata         0x08005090       0x50
                0x08005090                . = ALIGN (0x4)
 *(.rodata)
 *(.rodata*)
 .rodata.AHBPrescTable
                0x08005090       0x10 Src\system_stm32f4xx.o
                0x08005090                AHBPrescTable
 .rodata.APBPrescTable
                0x080050a0        0x8 Src\system_stm32f4xx.o
                0x080050a0                APBPrescTable
 .rodata.exp.str1.1
                0x080050a8        0x4 c:/program files (x86)/atollic/truestudio for stm32 9.3.0/armtools/bin/../lib/gcc/arm-atollic-eabi/6.3.1/../../../../arm-atollic-eabi/lib/armv7e-m/fpu\libm.a(lib_a-w_exp.o)
 *fill*         0x080050ac        0x4 
 .rodata.halF   0x080050b0       0x10 c:/program files (x86)/atollic/truestudio for stm32 9.3.0/armtools/bin/../lib/gcc/arm-atollic-eabi/6.3.1/../../../../arm-atollic-eabi/lib/armv7e-m/fpu\libm.a(lib_a-e_exp.o)
 .rodata.ln2HI  0x080050c0       0x10 c:/program files (x86)/atollic/truestudio for stm32 9.3.0/armtools/bin/../lib/gcc/arm-atollic-eabi/6.3.1/../../../../arm-atollic-eabi/lib/armv7e-m/fpu\libm.a(lib_a-e_exp.o)
 .rodata.ln2LO  0x080050d0       0x10 c:/program files (x86)/atollic/truestudio for stm32 9.3.0/armtools/bin/../lib/gcc/arm-atollic-eabi/6.3.1/../../../../arm-atollic-eabi/lib/armv7e-m/fpu\libm.a(lib_a-e_exp.o)
                0x080050e0                . = ALIGN (0x4)

.ARM.extab
 *(.ARM.extab* .gnu.linkonce.armextab.*)

.ARM            0x080050e0        0x8
                0x080050e0                __exidx_start = .
 *(.ARM.exidx*)
 .ARM.exidx     0x080050e0        0x8 c:/program files (x86)/atollic/truestudio for stm32 9.3.0/armtools/bin/../lib/gcc/arm-atollic-eabi/6.3.1/armv7e-m/fpu\libgcc.a(_udivmoddi4.o)
                0x080050e8                __exidx_end = .

.rel.dyn        0x080050e8        0x0
 .rel.iplt      0x080050e8        0x0 c:/program files (x86)/atollic/truestudio for stm32 9.3.0/armtools/bin/../lib/gcc/arm-atollic-eabi/6.3.1/armv7e-m/fpu/crtbegin.o

.preinit_array  0x080050e8        0x0
                0x080050e8                PROVIDE (__preinit_array_start, .)
 *(.preinit_array*)
                0x080050e8                PROVIDE (__preinit_array_end, .)

.init_array     0x080050e8        0x4
                0x080050e8                PROVIDE (__init_array_start, .)
 *(SORT(.init_array.*))
 *(.init_array*)
 .init_array    0x080050e8        0x4 c:/program files (x86)/atollic/truestudio for stm32 9.3.0/armtools/bin/../lib/gcc/arm-atollic-eabi/6.3.1/armv7e-m/fpu/crtbegin.o
                0x080050ec                PROVIDE (__init_array_end, .)

.fini_array     0x080050ec        0x4
                [!provide]                PROVIDE (__fini_array_start, .)
 *(SORT(.fini_array.*))
 *(.fini_array*)
 .fini_array    0x080050ec        0x4 c:/program files (x86)/atollic/truestudio for stm32 9.3.0/armtools/bin/../lib/gcc/arm-atollic-eabi/6.3.1/armv7e-m/fpu/crtbegin.o
                [!provide]                PROVIDE (__fini_array_end, .)
                0x080050f0                _sidata = LOADADDR (.data)

.data           0x20000000       0x8c load address 0x080050f0
                0x20000000                . = ALIGN (0x4)
                0x20000000                _sdata = .
 *(.data)
 *(.data*)
 .data.uwTickPrio
                0x20000000        0x4 Drivers\STM32F4xx_HAL_Driver\Src\stm32f4xx_hal.o
                0x20000000                uwTickPrio
 .data.uwTickFreq
                0x20000004        0x1 Drivers\STM32F4xx_HAL_Driver\Src\stm32f4xx_hal.o
                0x20000004                uwTickFreq
 *fill*         0x20000005        0x3 
 .data.desired_speed
                0x20000008        0x4 Src\main.o
                0x20000008                desired_speed
 .data.Kp       0x2000000c        0x4 Src\main.o
                0x2000000c                Kp
 .data.old_PID_speed
                0x20000010       0x10 Src\main.o
                0x20000010                old_PID_speed
 .data.SystemCoreClock
                0x20000020        0x4 Src\system_stm32f4xx.o
                0x20000020                SystemCoreClock
 .data._impure_ptr
                0x20000024        0x4 c:/program files (x86)/atollic/truestudio for stm32 9.3.0/armtools/bin/../lib/gcc/arm-atollic-eabi/6.3.1/../../../../arm-atollic-eabi/lib/armv7e-m/fpu\libc_nano.a(lib_a-impure.o)
                0x20000024                _impure_ptr
 .data.impure_data
                0x20000028       0x60 c:/program files (x86)/atollic/truestudio for stm32 9.3.0/armtools/bin/../lib/gcc/arm-atollic-eabi/6.3.1/../../../../arm-atollic-eabi/lib/armv7e-m/fpu\libc_nano.a(lib_a-impure.o)
 .data.__fdlib_version
                0x20000088        0x1 c:/program files (x86)/atollic/truestudio for stm32 9.3.0/armtools/bin/../lib/gcc/arm-atollic-eabi/6.3.1/../../../../arm-atollic-eabi/lib/armv7e-m/fpu\libm.a(lib_a-s_lib_ver.o)
                0x20000088                __fdlib_version
                0x2000008c                . = ALIGN (0x4)
 *fill*         0x20000089        0x3 
                0x2000008c                _edata = .
                0x0800517c                _siccmram = LOADADDR (.ccmram)

.igot.plt       0x2000008c        0x0 load address 0x0800517c
 .igot.plt      0x2000008c        0x0 c:/program files (x86)/atollic/truestudio for stm32 9.3.0/armtools/bin/../lib/gcc/arm-atollic-eabi/6.3.1/armv7e-m/fpu/crtbegin.o

.ccmram         0x10000000        0x0 load address 0x0800517c
                0x10000000                . = ALIGN (0x4)
                0x10000000                _sccmram = .
 *(.ccmram)
 *(.ccmram*)
                0x10000000                . = ALIGN (0x4)
                0x10000000                _eccmram = .
                0x10000000                . = ALIGN (0x4)

.bss            0x2000008c      0x264
                0x2000008c                _sbss = .
                0x2000008c                __bss_start__ = _sbss
 *(.bss)
 .bss           0x2000008c       0x1c c:/program files (x86)/atollic/truestudio for stm32 9.3.0/armtools/bin/../lib/gcc/arm-atollic-eabi/6.3.1/armv7e-m/fpu/crtbegin.o
 *(.bss*)
 .bss.rx2_data  0x200000a8        0x1 Src\main.o
                0x200000a8                rx2_data
 *fill*         0x200000a9        0x3 
 .bss.encoder_cnt
                0x200000ac       0x10 Src\main.o
                0x200000ac                encoder_cnt
 .bss.encoder_speed
                0x200000bc       0x10 Src\main.o
                0x200000bc                encoder_speed
 .bss.error_speed
                0x200000cc       0x10 Src\main.o
                0x200000cc                error_speed
 .bss.PID_speed
                0x200000dc       0x10 Src\main.o
                0x200000dc                PID_speed
 *(COMMON)
 COMMON         0x200000ec        0x4 Drivers\STM32F4xx_HAL_Driver\Src\stm32f4xx_hal.o
                0x200000ec                uwTick
 COMMON         0x200000f0      0x180 Src\tim.o
                0x200000f0                htim4
                0x20000130                htim5
                0x20000170                htim3
                0x200001b0                htim6
                0x200001f0                htim1
                0x20000230                htim2
 COMMON         0x20000270       0x80 Src\usart.o
                0x20000270                huart3
                0x200002b0                huart2
                0x200002f0                . = ALIGN (0x4)
                0x200002f0                _ebss = .
                0x200002f0                __bss_end__ = _ebss

._user_heap_stack
                0x200002f0      0x600
                0x200002f0                . = ALIGN (0x4)
                0x200002f0                PROVIDE (end, .)
                [!provide]                PROVIDE (_end, .)
                0x200004f0                . = (. + _Min_Heap_Size)
 *fill*         0x200002f0      0x200 
                0x200008f0                . = (. + _Min_Stack_Size)
 *fill*         0x200004f0      0x400 
                0x200008f0                . = ALIGN (0x4)

/DISCARD/
 libc.a(*)
 libm.a(*)
 libgcc.a(*)

.ARM.attributes
                0x00000000       0x30
 *(.ARM.attributes)
 .ARM.attributes
                0x00000000       0x22 c:/program files (x86)/atollic/truestudio for stm32 9.3.0/armtools/bin/../lib/gcc/arm-atollic-eabi/6.3.1/armv7e-m/fpu/crti.o
 .ARM.attributes
                0x00000022       0x34 c:/program files (x86)/atollic/truestudio for stm32 9.3.0/armtools/bin/../lib/gcc/arm-atollic-eabi/6.3.1/armv7e-m/fpu/crtbegin.o
 .ARM.attributes
                0x00000056       0x39 Drivers\STM32F4xx_HAL_Driver\Src\stm32f4xx_hal.o
 .ARM.attributes
                0x0000008f       0x39 Drivers\STM32F4xx_HAL_Driver\Src\stm32f4xx_hal_cortex.o
 .ARM.attributes
                0x000000c8       0x39 Drivers\STM32F4xx_HAL_Driver\Src\stm32f4xx_hal_dma.o
 .ARM.attributes
                0x00000101       0x39 Drivers\STM32F4xx_HAL_Driver\Src\stm32f4xx_hal_gpio.o
 .ARM.attributes
                0x0000013a       0x39 Drivers\STM32F4xx_HAL_Driver\Src\stm32f4xx_hal_rcc.o
 .ARM.attributes
                0x00000173       0x39 Drivers\STM32F4xx_HAL_Driver\Src\stm32f4xx_hal_tim.o
 .ARM.attributes
                0x000001ac       0x39 Drivers\STM32F4xx_HAL_Driver\Src\stm32f4xx_hal_tim_ex.o
 .ARM.attributes
                0x000001e5       0x39 Drivers\STM32F4xx_HAL_Driver\Src\stm32f4xx_hal_uart.o
 .ARM.attributes
                0x0000021e       0x39 Src\gpio.o
 .ARM.attributes
                0x00000257       0x39 Src\main.o
 .ARM.attributes
                0x00000290       0x39 Src\stm32f4xx_hal_msp.o
 .ARM.attributes
                0x000002c9       0x39 Src\stm32f4xx_it.o
 .ARM.attributes
                0x00000302       0x39 Src\system_stm32f4xx.o
 .ARM.attributes
                0x0000033b       0x39 Src\tim.o
 .ARM.attributes
                0x00000374       0x39 Src\usart.o
 .ARM.attributes
                0x000003ad       0x21 startup\startup_stm32f407xx.o
 .ARM.attributes
                0x000003ce       0x34 c:/program files (x86)/atollic/truestudio for stm32 9.3.0/armtools/bin/../lib/gcc/arm-atollic-eabi/6.3.1/../../../../arm-atollic-eabi/lib/armv7e-m/fpu\libc_nano.a(lib_a-errno.o)
 .ARM.attributes
                0x00000402       0x34 c:/program files (x86)/atollic/truestudio for stm32 9.3.0/armtools/bin/../lib/gcc/arm-atollic-eabi/6.3.1/../../../../arm-atollic-eabi/lib/armv7e-m/fpu\libc_nano.a(lib_a-impure.o)
 .ARM.attributes
                0x00000436       0x34 c:/program files (x86)/atollic/truestudio for stm32 9.3.0/armtools/bin/../lib/gcc/arm-atollic-eabi/6.3.1/../../../../arm-atollic-eabi/lib/armv7e-m/fpu\libc_nano.a(lib_a-init.o)
 .ARM.attributes
                0x0000046a       0x34 c:/program files (x86)/atollic/truestudio for stm32 9.3.0/armtools/bin/../lib/gcc/arm-atollic-eabi/6.3.1/../../../../arm-atollic-eabi/lib/armv7e-m/fpu\libc_nano.a(lib_a-memset.o)
 .ARM.attributes
                0x0000049e       0x34 c:/program files (x86)/atollic/truestudio for stm32 9.3.0/armtools/bin/../lib/gcc/arm-atollic-eabi/6.3.1/../../../../arm-atollic-eabi/lib/armv7e-m/fpu\libm.a(lib_a-w_exp.o)
 .ARM.attributes
                0x000004d2       0x34 c:/program files (x86)/atollic/truestudio for stm32 9.3.0/armtools/bin/../lib/gcc/arm-atollic-eabi/6.3.1/../../../../arm-atollic-eabi/lib/armv7e-m/fpu\libm.a(lib_a-e_exp.o)
 .ARM.attributes
                0x00000506       0x34 c:/program files (x86)/atollic/truestudio for stm32 9.3.0/armtools/bin/../lib/gcc/arm-atollic-eabi/6.3.1/../../../../arm-atollic-eabi/lib/armv7e-m/fpu\libm.a(lib_a-s_finite.o)
 .ARM.attributes
                0x0000053a       0x34 c:/program files (x86)/atollic/truestudio for stm32 9.3.0/armtools/bin/../lib/gcc/arm-atollic-eabi/6.3.1/../../../../arm-atollic-eabi/lib/armv7e-m/fpu\libm.a(lib_a-s_lib_ver.o)
 .ARM.attributes
                0x0000056e       0x34 c:/program files (x86)/atollic/truestudio for stm32 9.3.0/armtools/bin/../lib/gcc/arm-atollic-eabi/6.3.1/../../../../arm-atollic-eabi/lib/armv7e-m/fpu\libm.a(lib_a-s_matherr.o)
 .ARM.attributes
                0x000005a2       0x22 c:/program files (x86)/atollic/truestudio for stm32 9.3.0/armtools/bin/../lib/gcc/arm-atollic-eabi/6.3.1/armv7e-m/fpu\libgcc.a(_arm_addsubdf3.o)
 .ARM.attributes
                0x000005c4       0x22 c:/program files (x86)/atollic/truestudio for stm32 9.3.0/armtools/bin/../lib/gcc/arm-atollic-eabi/6.3.1/armv7e-m/fpu\libgcc.a(_arm_muldivdf3.o)
 .ARM.attributes
                0x000005e6       0x22 c:/program files (x86)/atollic/truestudio for stm32 9.3.0/armtools/bin/../lib/gcc/arm-atollic-eabi/6.3.1/armv7e-m/fpu\libgcc.a(_arm_cmpdf2.o)
 .ARM.attributes
                0x00000608       0x22 c:/program files (x86)/atollic/truestudio for stm32 9.3.0/armtools/bin/../lib/gcc/arm-atollic-eabi/6.3.1/armv7e-m/fpu\libgcc.a(_arm_fixdfsi.o)
 .ARM.attributes
                0x0000062a       0x22 c:/program files (x86)/atollic/truestudio for stm32 9.3.0/armtools/bin/../lib/gcc/arm-atollic-eabi/6.3.1/armv7e-m/fpu\libgcc.a(_arm_fixunsdfsi.o)
 .ARM.attributes
                0x0000064c       0x22 c:/program files (x86)/atollic/truestudio for stm32 9.3.0/armtools/bin/../lib/gcc/arm-atollic-eabi/6.3.1/armv7e-m/fpu\libgcc.a(_aeabi_uldivmod.o)
 .ARM.attributes
                0x0000066e       0x34 c:/program files (x86)/atollic/truestudio for stm32 9.3.0/armtools/bin/../lib/gcc/arm-atollic-eabi/6.3.1/armv7e-m/fpu\libgcc.a(_udivmoddi4.o)
 .ARM.attributes
                0x000006a2       0x22 c:/program files (x86)/atollic/truestudio for stm32 9.3.0/armtools/bin/../lib/gcc/arm-atollic-eabi/6.3.1/armv7e-m/fpu\libgcc.a(_dvmd_tls.o)
 .ARM.attributes
                0x000006c4       0x22 c:/program files (x86)/atollic/truestudio for stm32 9.3.0/armtools/bin/../lib/gcc/arm-atollic-eabi/6.3.1/armv7e-m/fpu/crtn.o
OUTPUT(cart_basic.elf elf32-littlearm)

.debug_info     0x00000000     0xc922
 .debug_info    0x00000000      0x944 Drivers\STM32F4xx_HAL_Driver\Src\stm32f4xx_hal.o
 .debug_info    0x00000944      0xe28 Drivers\STM32F4xx_HAL_Driver\Src\stm32f4xx_hal_cortex.o
 .debug_info    0x0000176c      0x964 Drivers\STM32F4xx_HAL_Driver\Src\stm32f4xx_hal_dma.o
 .debug_info    0x000020d0      0x7b4 Drivers\STM32F4xx_HAL_Driver\Src\stm32f4xx_hal_gpio.o
 .debug_info    0x00002884      0x903 Drivers\STM32F4xx_HAL_Driver\Src\stm32f4xx_hal_rcc.o
 .debug_info    0x00003187     0x24a4 Drivers\STM32F4xx_HAL_Driver\Src\stm32f4xx_hal_tim.o
 .debug_info    0x0000562b     0x1153 Drivers\STM32F4xx_HAL_Driver\Src\stm32f4xx_hal_tim_ex.o
 .debug_info    0x0000677e     0x1249 Drivers\STM32F4xx_HAL_Driver\Src\stm32f4xx_hal_uart.o
 .debug_info    0x000079c7      0x501 Src\gpio.o
 .debug_info    0x00007ec8     0x1b54 Src\main.o
 .debug_info    0x00009a1c      0x364 Src\stm32f4xx_hal_msp.o
 .debug_info    0x00009d80      0x910 Src\stm32f4xx_it.o
 .debug_info    0x0000a690      0x556 Src\system_stm32f4xx.o
 .debug_info    0x0000abe6     0x10fd Src\tim.o
 .debug_info    0x0000bce3      0xbcc Src\usart.o
 .debug_info    0x0000c8af       0x73 startup\startup_stm32f407xx.o

.debug_abbrev   0x00000000     0x1ca8
 .debug_abbrev  0x00000000      0x1c2 Drivers\STM32F4xx_HAL_Driver\Src\stm32f4xx_hal.o
 .debug_abbrev  0x000001c2      0x2f5 Drivers\STM32F4xx_HAL_Driver\Src\stm32f4xx_hal_cortex.o
 .debug_abbrev  0x000004b7      0x224 Drivers\STM32F4xx_HAL_Driver\Src\stm32f4xx_hal_dma.o
 .debug_abbrev  0x000006db      0x1c4 Drivers\STM32F4xx_HAL_Driver\Src\stm32f4xx_hal_gpio.o
 .debug_abbrev  0x0000089f      0x240 Drivers\STM32F4xx_HAL_Driver\Src\stm32f4xx_hal_rcc.o
 .debug_abbrev  0x00000adf      0x229 Drivers\STM32F4xx_HAL_Driver\Src\stm32f4xx_hal_tim.o
 .debug_abbrev  0x00000d08      0x217 Drivers\STM32F4xx_HAL_Driver\Src\stm32f4xx_hal_tim_ex.o
 .debug_abbrev  0x00000f1f      0x23d Drivers\STM32F4xx_HAL_Driver\Src\stm32f4xx_hal_uart.o
 .debug_abbrev  0x0000115c      0x12f Src\gpio.o
 .debug_abbrev  0x0000128b      0x302 Src\main.o
 .debug_abbrev  0x0000158d      0x104 Src\stm32f4xx_hal_msp.o
 .debug_abbrev  0x00001691      0x153 Src\stm32f4xx_it.o
 .debug_abbrev  0x000017e4      0x126 Src\system_stm32f4xx.o
 .debug_abbrev  0x0000190a      0x1ef Src\tim.o
 .debug_abbrev  0x00001af9      0x19d Src\usart.o
 .debug_abbrev  0x00001c96       0x12 startup\startup_stm32f407xx.o

.debug_aranges  0x00000000      0xc40
 .debug_aranges
                0x00000000       0xf0 Drivers\STM32F4xx_HAL_Driver\Src\stm32f4xx_hal.o
 .debug_aranges
                0x000000f0      0x118 Drivers\STM32F4xx_HAL_Driver\Src\stm32f4xx_hal_cortex.o
 .debug_aranges
                0x00000208       0x90 Drivers\STM32F4xx_HAL_Driver\Src\stm32f4xx_hal_dma.o
 .debug_aranges
                0x00000298       0x58 Drivers\STM32F4xx_HAL_Driver\Src\stm32f4xx_hal_gpio.o
 .debug_aranges
                0x000002f0       0x88 Drivers\STM32F4xx_HAL_Driver\Src\stm32f4xx_hal_rcc.o
 .debug_aranges
                0x00000378      0x3a8 Drivers\STM32F4xx_HAL_Driver\Src\stm32f4xx_hal_tim.o
 .debug_aranges
                0x00000720      0x150 Drivers\STM32F4xx_HAL_Driver\Src\stm32f4xx_hal_tim_ex.o
 .debug_aranges
                0x00000870      0x1d0 Drivers\STM32F4xx_HAL_Driver\Src\stm32f4xx_hal_uart.o
 .debug_aranges
                0x00000a40       0x20 Src\gpio.o
 .debug_aranges
                0x00000a60       0x58 Src\main.o
 .debug_aranges
                0x00000ab8       0x20 Src\stm32f4xx_hal_msp.o
 .debug_aranges
                0x00000ad8       0x70 Src\stm32f4xx_it.o
 .debug_aranges
                0x00000b48       0x28 Src\system_stm32f4xx.o
 .debug_aranges
                0x00000b70       0x70 Src\tim.o
 .debug_aranges
                0x00000be0       0x38 Src\usart.o
 .debug_aranges
                0x00000c18       0x28 startup\startup_stm32f407xx.o

.debug_ranges   0x00000000      0xb48
 .debug_ranges  0x00000000       0xe0 Drivers\STM32F4xx_HAL_Driver\Src\stm32f4xx_hal.o
 .debug_ranges  0x000000e0      0x108 Drivers\STM32F4xx_HAL_Driver\Src\stm32f4xx_hal_cortex.o
 .debug_ranges  0x000001e8       0x80 Drivers\STM32F4xx_HAL_Driver\Src\stm32f4xx_hal_dma.o
 .debug_ranges  0x00000268       0x48 Drivers\STM32F4xx_HAL_Driver\Src\stm32f4xx_hal_gpio.o
 .debug_ranges  0x000002b0       0x78 Drivers\STM32F4xx_HAL_Driver\Src\stm32f4xx_hal_rcc.o
 .debug_ranges  0x00000328      0x398 Drivers\STM32F4xx_HAL_Driver\Src\stm32f4xx_hal_tim.o
 .debug_ranges  0x000006c0      0x140 Drivers\STM32F4xx_HAL_Driver\Src\stm32f4xx_hal_tim_ex.o
 .debug_ranges  0x00000800      0x1c0 Drivers\STM32F4xx_HAL_Driver\Src\stm32f4xx_hal_uart.o
 .debug_ranges  0x000009c0       0x10 Src\gpio.o
 .debug_ranges  0x000009d0       0x48 Src\main.o
 .debug_ranges  0x00000a18       0x10 Src\stm32f4xx_hal_msp.o
 .debug_ranges  0x00000a28       0x60 Src\stm32f4xx_it.o
 .debug_ranges  0x00000a88       0x18 Src\system_stm32f4xx.o
 .debug_ranges  0x00000aa0       0x60 Src\tim.o
 .debug_ranges  0x00000b00       0x28 Src\usart.o
 .debug_ranges  0x00000b28       0x20 startup\startup_stm32f407xx.o

.debug_line     0x00000000     0x54c4
 .debug_line    0x00000000      0x41f Drivers\STM32F4xx_HAL_Driver\Src\stm32f4xx_hal.o
 .debug_line    0x0000041f      0x553 Drivers\STM32F4xx_HAL_Driver\Src\stm32f4xx_hal_cortex.o
 .debug_line    0x00000972      0x504 Drivers\STM32F4xx_HAL_Driver\Src\stm32f4xx_hal_dma.o
 .debug_line    0x00000e76      0x416 Drivers\STM32F4xx_HAL_Driver\Src\stm32f4xx_hal_gpio.o
 .debug_line    0x0000128c      0x4c0 Drivers\STM32F4xx_HAL_Driver\Src\stm32f4xx_hal_rcc.o
 .debug_line    0x0000174c     0x14c6 Drivers\STM32F4xx_HAL_Driver\Src\stm32f4xx_hal_tim.o
 .debug_line    0x00002c12      0x87d Drivers\STM32F4xx_HAL_Driver\Src\stm32f4xx_hal_tim_ex.o
 .debug_line    0x0000348f      0xb5c Drivers\STM32F4xx_HAL_Driver\Src\stm32f4xx_hal_uart.o
 .debug_line    0x00003feb      0x219 Src\gpio.o
 .debug_line    0x00004204      0x4b2 Src\main.o
 .debug_line    0x000046b6      0x1e6 Src\stm32f4xx_hal_msp.o
 .debug_line    0x0000489c      0x2f8 Src\stm32f4xx_it.o
 .debug_line    0x00004b94      0x20a Src\system_stm32f4xx.o
 .debug_line    0x00004d9e      0x3f7 Src\tim.o
 .debug_line    0x00005195      0x2b0 Src\usart.o
 .debug_line    0x00005445       0x7f startup\startup_stm32f407xx.o

.debug_str      0x00000000     0x3e6d
 .debug_str     0x00000000      0xb0b Drivers\STM32F4xx_HAL_Driver\Src\stm32f4xx_hal.o
                                0xb74 (size before relaxing)
 .debug_str     0x00000b0b      0x4ed Drivers\STM32F4xx_HAL_Driver\Src\stm32f4xx_hal_cortex.o
                                0xcf8 (size before relaxing)
 .debug_str     0x00000ff8      0x52c Drivers\STM32F4xx_HAL_Driver\Src\stm32f4xx_hal_dma.o
                                0x838 (size before relaxing)
 .debug_str     0x00001524      0x1de Drivers\STM32F4xx_HAL_Driver\Src\stm32f4xx_hal_gpio.o
                                0x5be (size before relaxing)
 .debug_str     0x00001702      0x2f4 Drivers\STM32F4xx_HAL_Driver\Src\stm32f4xx_hal_rcc.o
                                0x775 (size before relaxing)
 .debug_str     0x000019f6      0xfc5 Drivers\STM32F4xx_HAL_Driver\Src\stm32f4xx_hal_tim.o
                               0x1548 (size before relaxing)
 .debug_str     0x000029bb      0x579 Drivers\STM32F4xx_HAL_Driver\Src\stm32f4xx_hal_tim_ex.o
                                0xd48 (size before relaxing)
 .debug_str     0x00002f34      0x6dd Drivers\STM32F4xx_HAL_Driver\Src\stm32f4xx_hal_uart.o
                                0xc88 (size before relaxing)
 .debug_str     0x00003611       0x1b Src\gpio.o
                                0x437 (size before relaxing)
 .debug_str     0x0000362c      0x62f Src\main.o
                               0x169f (size before relaxing)
 .debug_str     0x00003c5b       0x1b Src\stm32f4xx_hal_msp.o
                                0x3a6 (size before relaxing)
 .debug_str     0x00003c76       0xcc Src\stm32f4xx_it.o
                                0x938 (size before relaxing)
 .debug_str     0x00003d42       0x45 Src\system_stm32f4xx.o
                                0x422 (size before relaxing)
 .debug_str     0x00003d87       0xa4 Src\tim.o
                               0x1081 (size before relaxing)
 .debug_str     0x00003e2b       0x42 Src\usart.o
                                0xd7f (size before relaxing)

.comment        0x00000000       0x7c
 .comment       0x00000000       0x7c Drivers\STM32F4xx_HAL_Driver\Src\stm32f4xx_hal.o
                                 0x7d (size before relaxing)
 .comment       0x0000007c       0x7d Drivers\STM32F4xx_HAL_Driver\Src\stm32f4xx_hal_cortex.o
 .comment       0x0000007c       0x7d Drivers\STM32F4xx_HAL_Driver\Src\stm32f4xx_hal_dma.o
 .comment       0x0000007c       0x7d Drivers\STM32F4xx_HAL_Driver\Src\stm32f4xx_hal_gpio.o
 .comment       0x0000007c       0x7d Drivers\STM32F4xx_HAL_Driver\Src\stm32f4xx_hal_rcc.o
 .comment       0x0000007c       0x7d Drivers\STM32F4xx_HAL_Driver\Src\stm32f4xx_hal_tim.o
 .comment       0x0000007c       0x7d Drivers\STM32F4xx_HAL_Driver\Src\stm32f4xx_hal_tim_ex.o
 .comment       0x0000007c       0x7d Drivers\STM32F4xx_HAL_Driver\Src\stm32f4xx_hal_uart.o
 .comment       0x0000007c       0x7d Src\gpio.o
 .comment       0x0000007c       0x7d Src\main.o
 .comment       0x0000007c       0x7d Src\stm32f4xx_hal_msp.o
 .comment       0x0000007c       0x7d Src\stm32f4xx_it.o
 .comment       0x0000007c       0x7d Src\system_stm32f4xx.o
 .comment       0x0000007c       0x7d Src\tim.o
 .comment       0x0000007c       0x7d Src\usart.o

.debug_frame    0x00000000     0x3588
 .debug_frame   0x00000000      0x374 Drivers\STM32F4xx_HAL_Driver\Src\stm32f4xx_hal.o
 .debug_frame   0x00000374      0x498 Drivers\STM32F4xx_HAL_Driver\Src\stm32f4xx_hal_cortex.o
 .debug_frame   0x0000080c      0x250 Drivers\STM32F4xx_HAL_Driver\Src\stm32f4xx_hal_dma.o
 .debug_frame   0x00000a5c      0x14c Drivers\STM32F4xx_HAL_Driver\Src\stm32f4xx_hal_gpio.o
 .debug_frame   0x00000ba8      0x1f8 Drivers\STM32F4xx_HAL_Driver\Src\stm32f4xx_hal_rcc.o
 .debug_frame   0x00000da0     0x10f0 Drivers\STM32F4xx_HAL_Driver\Src\stm32f4xx_hal_tim.o
 .debug_frame   0x00001e90      0x5c0 Drivers\STM32F4xx_HAL_Driver\Src\stm32f4xx_hal_tim_ex.o
 .debug_frame   0x00002450      0x844 Drivers\STM32F4xx_HAL_Driver\Src\stm32f4xx_hal_uart.o
 .debug_frame   0x00002c94       0x34 Src\gpio.o
 .debug_frame   0x00002cc8      0x128 Src\main.o
 .debug_frame   0x00002df0       0x34 Src\stm32f4xx_hal_msp.o
 .debug_frame   0x00002e24      0x144 Src\stm32f4xx_it.o
 .debug_frame   0x00002f68       0x58 Src\system_stm32f4xx.o
 .debug_frame   0x00002fc0      0x1a0 Src\tim.o
 .debug_frame   0x00003160       0x90 Src\usart.o
 .debug_frame   0x000031f0       0x20 c:/program files (x86)/atollic/truestudio for stm32 9.3.0/armtools/bin/../lib/gcc/arm-atollic-eabi/6.3.1/../../../../arm-atollic-eabi/lib/armv7e-m/fpu\libc_nano.a(lib_a-errno.o)
 .debug_frame   0x00003210       0x2c c:/program files (x86)/atollic/truestudio for stm32 9.3.0/armtools/bin/../lib/gcc/arm-atollic-eabi/6.3.1/../../../../arm-atollic-eabi/lib/armv7e-m/fpu\libc_nano.a(lib_a-init.o)
 .debug_frame   0x0000323c       0x20 c:/program files (x86)/atollic/truestudio for stm32 9.3.0/armtools/bin/../lib/gcc/arm-atollic-eabi/6.3.1/../../../../arm-atollic-eabi/lib/armv7e-m/fpu\libc_nano.a(lib_a-memset.o)
 .debug_frame   0x0000325c       0x48 c:/program files (x86)/atollic/truestudio for stm32 9.3.0/armtools/bin/../lib/gcc/arm-atollic-eabi/6.3.1/../../../../arm-atollic-eabi/lib/armv7e-m/fpu\libm.a(lib_a-w_exp.o)
 .debug_frame   0x000032a4       0x3c c:/program files (x86)/atollic/truestudio for stm32 9.3.0/armtools/bin/../lib/gcc/arm-atollic-eabi/6.3.1/../../../../arm-atollic-eabi/lib/armv7e-m/fpu\libm.a(lib_a-e_exp.o)
 .debug_frame   0x000032e0       0x20 c:/program files (x86)/atollic/truestudio for stm32 9.3.0/armtools/bin/../lib/gcc/arm-atollic-eabi/6.3.1/../../../../arm-atollic-eabi/lib/armv7e-m/fpu\libm.a(lib_a-s_finite.o)
 .debug_frame   0x00003300       0x20 c:/program files (x86)/atollic/truestudio for stm32 9.3.0/armtools/bin/../lib/gcc/arm-atollic-eabi/6.3.1/../../../../arm-atollic-eabi/lib/armv7e-m/fpu\libm.a(lib_a-s_matherr.o)
 .debug_frame   0x00003320       0xac c:/program files (x86)/atollic/truestudio for stm32 9.3.0/armtools/bin/../lib/gcc/arm-atollic-eabi/6.3.1/armv7e-m/fpu\libgcc.a(_arm_addsubdf3.o)
 .debug_frame   0x000033cc       0x50 c:/program files (x86)/atollic/truestudio for stm32 9.3.0/armtools/bin/../lib/gcc/arm-atollic-eabi/6.3.1/armv7e-m/fpu\libgcc.a(_arm_muldivdf3.o)
 .debug_frame   0x0000341c       0xc4 c:/program files (x86)/atollic/truestudio for stm32 9.3.0/armtools/bin/../lib/gcc/arm-atollic-eabi/6.3.1/armv7e-m/fpu\libgcc.a(_arm_cmpdf2.o)
 .debug_frame   0x000034e0       0x24 c:/program files (x86)/atollic/truestudio for stm32 9.3.0/armtools/bin/../lib/gcc/arm-atollic-eabi/6.3.1/armv7e-m/fpu\libgcc.a(_arm_fixdfsi.o)
 .debug_frame   0x00003504       0x24 c:/program files (x86)/atollic/truestudio for stm32 9.3.0/armtools/bin/../lib/gcc/arm-atollic-eabi/6.3.1/armv7e-m/fpu\libgcc.a(_arm_fixunsdfsi.o)
 .debug_frame   0x00003528       0x2c c:/program files (x86)/atollic/truestudio for stm32 9.3.0/armtools/bin/../lib/gcc/arm-atollic-eabi/6.3.1/armv7e-m/fpu\libgcc.a(_aeabi_uldivmod.o)
 .debug_frame   0x00003554       0x34 c:/program files (x86)/atollic/truestudio for stm32 9.3.0/armtools/bin/../lib/gcc/arm-atollic-eabi/6.3.1/armv7e-m/fpu\libgcc.a(_udivmoddi4.o)
