stm32f4xx_hal_i2s.c:1908:26:I2S_WaitFlagStateUntilTimeout	24	static
stm32f4xx_hal_i2s.c:531:13:HAL_I2S_MspInit	0	static
stm32f4xx_hal_i2s.c:259:19:HAL_I2S_Init	24	static
stm32f4xx_hal_i2s.c:547:13:HAL_I2S_MspDeInit	0	static
stm32f4xx_hal_i2s.c:487:19:HAL_I2S_DeInit	8	static
stm32f4xx_hal_i2s.c:834:19:HAL_I2S_Transmit	32	static
stm32f4xx_hal_i2s.c:953:19:HAL_I2S_Receive	24	static
stm32f4xx_hal_i2s.c:1051:19:HAL_I2S_Transmit_IT	8	static
stm32f4xx_hal_i2s.c:1117:19:HAL_I2S_Receive_IT	8	static
stm32f4xx_hal_i2s.c:1181:19:HAL_I2S_Transmit_DMA	16	static
stm32f4xx_hal_i2s.c:1272:19:HAL_I2S_Receive_DMA	16	static
stm32f4xx_hal_i2s.c:1361:19:HAL_I2S_DMAPause	0	static
stm32f4xx_hal_i2s.c:1401:19:HAL_I2S_DMAResume	0	static
stm32f4xx_hal_i2s.c:1455:19:HAL_I2S_DMAStop	16	static
stm32f4xx_hal_i2s.c:1516:6:HAL_I2S_IRQHandler	0	static
stm32f4xx_hal_i2s.c:1528:13:HAL_I2S_TxHalfCpltCallback	0	static
stm32f4xx_hal_i2s.c:1686:13:I2S_DMATxHalfCplt	8	static
stm32f4xx_hal_i2s.c:1544:13:HAL_I2S_TxCpltCallback	0	static
stm32f4xx_hal_i2s.c:1659:13:I2S_DMATxCplt	8	static
stm32f4xx_hal_i2s.c:1560:13:HAL_I2S_RxHalfCpltCallback	0	static
stm32f4xx_hal_i2s.c:1730:13:I2S_DMARxHalfCplt	8	static
stm32f4xx_hal_i2s.c:1576:13:HAL_I2S_RxCpltCallback	0	static
stm32f4xx_hal_i2s.c:1704:13:I2S_DMARxCplt	8	static
stm32f4xx_hal_i2s.c:1592:13:HAL_I2S_ErrorCallback	0	static
stm32f4xx_hal_i2s.c:1831:13:I2S_IRQHandler	24	static
stm32f4xx_hal_i2s.c:1748:13:I2S_DMAError	8	static
stm32f4xx_hal_i2s.c:1627:22:HAL_I2S_GetState	0	static
stm32f4xx_hal_i2s.c:1638:10:HAL_I2S_GetError	0	static
