stm32f4xx_hal_i2s_ex.c:942:13:I2SEx_TxRxDMAError	0	static
stm32f4xx_hal_i2s_ex.c:1090:26:I2SEx_FullDuplexWaitFlagStateUntilTimeout.constprop	32	static
stm32f4xx_hal_i2s_ex.c:201:19:HAL_I2SEx_TransmitReceive	64	static
stm32f4xx_hal_i2s_ex.c:419:19:HAL_I2SEx_TransmitReceive_IT	16	static
stm32f4xx_hal_i2s_ex.c:529:19:HAL_I2SEx_TransmitReceive_DMA	32	static
stm32f4xx_hal_i2s_ex.c:811:13:HAL_I2SEx_TxRxHalfCpltCallback	0	static
stm32f4xx_hal_i2s_ex.c:854:13:I2SEx_TxRxDMAHalfCplt	8	static
stm32f4xx_hal_i2s_ex.c:826:13:HAL_I2SEx_TxRxCpltCallback	0	static
stm32f4xx_hal_i2s_ex.c:872:13:I2SEx_TxRxDMACplt	16	static
stm32f4xx_hal_i2s_ex.c:665:6:HAL_I2SEx_FullDuplex_IRQHandler	32	static
