stm32f4xx_ll_usb.c:1305:26:USB_CoreReset	0	static
stm32f4xx_ll_usb.c:82:19:USB_CoreInit	16	static
stm32f4xx_ll_usb.c:138:19:USB_SetTurnaroundTime	0	static
stm32f4xx_ll_usb.c:221:19:USB_EnableGlobalInt	0	static
stm32f4xx_ll_usb.c:233:19:USB_DisableGlobalInt	0	static
stm32f4xx_ll_usb.c:249:19:USB_SetCurrentMode	8	static
stm32f4xx_ll_usb.c:462:19:USB_FlushTxFifo	0	static
stm32f4xx_ll_usb.c:485:19:USB_FlushRxFifo	0	static
stm32f4xx_ll_usb.c:514:19:USB_SetDevSpeed	0	static
stm32f4xx_ll_usb.c:278:19:USB_DevInit	32	static
stm32f4xx_ll_usb.c:530:9:USB_GetDevSpeed	0	static
stm32f4xx_ll_usb.c:559:19:USB_ActivateEndpoint	16	static
stm32f4xx_ll_usb.c:597:19:USB_ActivateDedicatedEndpoint	20	static
stm32f4xx_ll_usb.c:636:19:USB_DeactivateEndpoint	12	static
stm32f4xx_ll_usb.c:671:19:USB_DeactivateDedicatedEndpoint	12	static
stm32f4xx_ll_usb.c:843:19:USB_EP0StartXfer	20	static
stm32f4xx_ll_usb.c:943:19:USB_WritePacket	8	static
stm32f4xx_ll_usb.c:701:19:USB_EPStartXfer	32	static
stm32f4xx_ll_usb.c:969:7:USB_ReadPacket	0	static
stm32f4xx_ll_usb.c:991:19:USB_EPSetStall	0	static
stm32f4xx_ll_usb.c:1022:19:USB_EPClearStall	0	static
stm32f4xx_ll_usb.c:1051:19:USB_StopDevice	8	static
stm32f4xx_ll_usb.c:1092:20:USB_SetDevAddress	0	static
stm32f4xx_ll_usb.c:1107:20:USB_DevConnect	8	static
stm32f4xx_ll_usb.c:1122:20:USB_DevDisconnect	8	static
stm32f4xx_ll_usb.c:1137:11:USB_ReadInterrupts	0	static
stm32f4xx_ll_usb.c:1152:10:USB_ReadDevAllOutEpInterrupt	0	static
stm32f4xx_ll_usb.c:1168:10:USB_ReadDevAllInEpInterrupt	0	static
stm32f4xx_ll_usb.c:1186:10:USB_ReadDevOutEPInterrupt	0	static
stm32f4xx_ll_usb.c:1204:10:USB_ReadDevInEPInterrupt	8	static
stm32f4xx_ll_usb.c:1223:7:USB_ClearInterrupts	0	static
stm32f4xx_ll_usb.c:1236:10:USB_GetMode	0	static
stm32f4xx_ll_usb.c:1246:20:USB_ActivateSetup	0	static
stm32f4xx_ll_usb.c:1272:19:USB_EP0_OutStart	8	static
stm32f4xx_ll_usb.c:1448:19:USB_InitFSLSPClkSel	8	static
stm32f4xx_ll_usb.c:1478:19:USB_ResetPort	24	static
stm32f4xx_ll_usb.c:1505:19:USB_DriveVbus	8	static
stm32f4xx_ll_usb.c:1343:19:USB_HostInit	16	static
stm32f4xx_ll_usb.c:1535:10:USB_GetHostSpeed	8	static
stm32f4xx_ll_usb.c:1549:10:USB_GetCurrentFrame	0	static
stm32f4xx_ll_usb.c:1580:19:USB_HC_Init	24	static
stm32f4xx_ll_usb.c:1829:10:USB_HC_ReadInterrupt	0	static
stm32f4xx_ll_usb.c:1843:19:USB_HC_Halt	0	static
stm32f4xx_ll_usb.c:1908:19:USB_DoPing	0	static
stm32f4xx_ll_usb.c:1701:19:USB_HC_StartXfer	32	static
stm32f4xx_ll_usb.c:1932:19:USB_StopHost	8	static
stm32f4xx_ll_usb.c:1988:19:USB_ActivateRemoteWakeup	0	static
stm32f4xx_ll_usb.c:2006:19:USB_DeActivateRemoteWakeup	0	static
