stm32f4xx_hal_i2c.c:7148:26:I2C_IsAcknowledgeFailed	0	static
stm32f4xx_hal_i2c.c:6941:26:I2C_WaitOnMasterAddressFlagUntilTimeout	32	static
stm32f4xx_hal_i2c.c:5208:13:I2C_MemoryTransmit_TXE_BTF	0	static
stm32f4xx_hal_i2c.c:7030:26:I2C_WaitOnBTFFlagUntilTimeout	16	static
stm32f4xx_hal_i2c.c:7103:26:I2C_WaitOnRXNEFlagUntilTimeout	16	static
stm32f4xx_hal_i2c.c:6907:26:I2C_WaitOnFlagUntilTimeout	32	static
stm32f4xx_hal_i2c.c:6992:26:I2C_WaitOnTXEFlagUntilTimeout	16	static
stm32f4xx_hal_i2c.c:6451:26:I2C_RequestMemoryWrite	40	static
stm32f4xx_hal_i2c.c:6531:26:I2C_RequestMemoryRead	40	static
stm32f4xx_hal_i2c.c:594:13:HAL_I2C_MspInit	0	static
stm32f4xx_hal_i2c.c:433:19:HAL_I2C_Init	16	static
stm32f4xx_hal_i2c.c:610:13:HAL_I2C_MspDeInit	0	static
stm32f4xx_hal_i2c.c:548:19:HAL_I2C_DeInit	8	static
stm32f4xx_hal_i2c.c:1030:19:HAL_I2C_Master_Transmit	40	static
stm32f4xx_hal_i2c.c:1151:19:HAL_I2C_Master_Receive	64	static
stm32f4xx_hal_i2c.c:1395:19:HAL_I2C_Slave_Transmit	40	static
stm32f4xx_hal_i2c.c:1525:19:HAL_I2C_Slave_Receive	40	static
stm32f4xx_hal_i2c.c:1646:19:HAL_I2C_Master_Transmit_IT	24	static
stm32f4xx_hal_i2c.c:1726:19:HAL_I2C_Master_Receive_IT	24	static
stm32f4xx_hal_i2c.c:1808:19:HAL_I2C_Slave_Transmit_IT	8	static
stm32f4xx_hal_i2c.c:1870:19:HAL_I2C_Slave_Receive_IT	8	static
stm32f4xx_hal_i2c.c:1934:19:HAL_I2C_Master_Transmit_DMA	24	static
stm32f4xx_hal_i2c.c:2075:19:HAL_I2C_Master_Receive_DMA	24	static
stm32f4xx_hal_i2c.c:2214:19:HAL_I2C_Slave_Transmit_DMA	24	static
stm32f4xx_hal_i2c.c:2311:19:HAL_I2C_Slave_Receive_DMA	24	static
stm32f4xx_hal_i2c.c:2413:19:HAL_I2C_Mem_Write	40	static
stm32f4xx_hal_i2c.c:2536:19:HAL_I2C_Mem_Read	56	static
stm32f4xx_hal_i2c.c:2783:19:HAL_I2C_Mem_Write_IT	24	static
stm32f4xx_hal_i2c.c:2871:19:HAL_I2C_Mem_Read_IT	32	static
stm32f4xx_hal_i2c.c:2965:19:HAL_I2C_Mem_Write_DMA	48	static
stm32f4xx_hal_i2c.c:3111:19:HAL_I2C_Mem_Read_DMA	56	static
stm32f4xx_hal_i2c.c:3271:19:HAL_I2C_IsDeviceReady	56	static
stm32f4xx_hal_i2c.c:3407:19:HAL_I2C_Master_Seq_Transmit_IT	24	static
stm32f4xx_hal_i2c.c:3505:19:HAL_I2C_Master_Seq_Transmit_DMA	32	static
stm32f4xx_hal_i2c.c:3671:19:HAL_I2C_Master_Seq_Receive_IT	24	static
stm32f4xx_hal_i2c.c:3795:19:HAL_I2C_Master_Seq_Receive_DMA	32	static
stm32f4xx_hal_i2c.c:3998:19:HAL_I2C_Slave_Seq_Transmit_IT	24	static
stm32f4xx_hal_i2c.c:4064:19:HAL_I2C_Slave_Seq_Transmit_DMA	40	static
stm32f4xx_hal_i2c.c:4221:19:HAL_I2C_Slave_Seq_Receive_IT	24	static
stm32f4xx_hal_i2c.c:4287:19:HAL_I2C_Slave_Seq_Receive_DMA	40	static
stm32f4xx_hal_i2c.c:4440:19:HAL_I2C_EnableListen_IT	0	static
stm32f4xx_hal_i2c.c:4473:19:HAL_I2C_DisableListen_IT	0	static
stm32f4xx_hal_i2c.c:4802:13:HAL_I2C_MasterTxCpltCallback	0	static
stm32f4xx_hal_i2c.c:4818:13:HAL_I2C_MasterRxCpltCallback	0	static
stm32f4xx_hal_i2c.c:4833:13:HAL_I2C_SlaveTxCpltCallback	0	static
stm32f4xx_hal_i2c.c:4849:13:HAL_I2C_SlaveRxCpltCallback	0	static
stm32f4xx_hal_i2c.c:4867:13:HAL_I2C_AddrCallback	0	static
stm32f4xx_hal_i2c.c:4885:13:HAL_I2C_ListenCpltCallback	0	static
stm32f4xx_hal_i2c.c:4901:13:HAL_I2C_MemTxCpltCallback	0	static
stm32f4xx_hal_i2c.c:4917:13:HAL_I2C_MemRxCpltCallback	0	static
stm32f4xx_hal_i2c.c:4933:13:HAL_I2C_ErrorCallback	0	static
stm32f4xx_hal_i2c.c:6778:13:I2C_DMAError	8	static
stm32f4xx_hal_i2c.c:6640:13:I2C_DMAXferCplt	16	static
stm32f4xx_hal_i2c.c:4949:13:HAL_I2C_AbortCpltCallback	0	static
stm32f4xx_hal_i2c.c:6819:13:I2C_DMAAbort	16	static
stm32f4xx_hal_i2c.c:6116:13:I2C_ITError	8	static
stm32f4xx_hal_i2c.c:4508:19:HAL_I2C_Master_Abort_IT	8	static
stm32f4xx_hal_i2c.c:4563:6:HAL_I2C_EV_IRQHandler	64	static
stm32f4xx_hal_i2c.c:4722:6:HAL_I2C_ER_IRQHandler	24	static
stm32f4xx_hal_i2c.c:4984:22:HAL_I2C_GetState	0	static
stm32f4xx_hal_i2c.c:4996:21:HAL_I2C_GetMode	0	static
stm32f4xx_hal_i2c.c:5007:10:HAL_I2C_GetError	0	static
