usbh_core.c:187:28:DeInitStateMachine	0	static
usbh_core.c:96:21:USBH_Init	16	static
usbh_core.c:169:21:USBH_DeInit	8	static
usbh_core.c:224:21:USBH_RegisterClass	0	static
usbh_core.c:258:20:USBH_SelectInterface	0	static
usbh_core.c:285:9:USBH_GetActiveClass	0	static
usbh_core.c:299:10:USBH_FindInterface	16	static
usbh_core.c:331:10:USBH_FindInterfaceIndex	0	static
usbh_core.c:358:21:USBH_Start	8	static
usbh_core.c:375:21:USBH_Stop	8	static
usbh_core.c:396:20:USBH_ReEnumerate	8	static
usbh_core.c:428:21:USBH_Process	40	static
usbh_core.c:916:7:USBH_LL_SetTimer	0	static
usbh_core.c:926:7:USBH_LL_IncTimer	0	static
usbh_core.c:952:6:USBH_LL_PortEnabled	0	static
usbh_core.c:965:6:USBH_LL_PortDisabled	0	static
usbh_core.c:978:9:USBH_IsPortEnabled	0	static
usbh_core.c:990:21:USBH_LL_Connect	8	static
usbh_core.c:1027:21:USBH_LL_Disconnect	8	static
