usbh_ctlreq.c:522:21:USBH_GetNextDesc	0	static
usbh_ctlreq.c:544:20:USBH_CtlReq	16	static
usbh_ctlreq.c:197:20:USBH_GetDescriptor	8	static
usbh_ctlreq.c:104:20:USBH_Get_DevDesc	24	static
usbh_ctlreq.c:130:20:USBH_Get_CfgDesc	40	static
usbh_ctlreq.c:168:20:USBH_Get_StringDesc	32	static
usbh_ctlreq.c:229:20:USBH_SetAddress	0	static
usbh_ctlreq.c:253:20:USBH_SetCfg	0	static
usbh_ctlreq.c:276:20:USBH_SetInterface	0	static
usbh_ctlreq.c:299:20:USBH_SetFeature	0	static
usbh_ctlreq.c:323:20:USBH_ClrFeature	0	static
