Archive member included to satisfy reference by file (symbol)

c:/program files (x86)/atollic/truestudio for stm32 9.3.0/armtools/bin/../lib/gcc/arm-atollic-eabi/6.3.1/../../../../arm-atollic-eabi/lib/armv7e-m/fpu\libc_nano.a(lib_a-errno.o)
                              Src\syscalls.o (__errno)
c:/program files (x86)/atollic/truestudio for stm32 9.3.0/armtools/bin/../lib/gcc/arm-atollic-eabi/6.3.1/../../../../arm-atollic-eabi/lib/armv7e-m/fpu\libc_nano.a(lib_a-impure.o)
                              c:/program files (x86)/atollic/truestudio for stm32 9.3.0/armtools/bin/../lib/gcc/arm-atollic-eabi/6.3.1/../../../../arm-atollic-eabi/lib/armv7e-m/fpu\libc_nano.a(lib_a-errno.o) (_impure_ptr)
c:/program files (x86)/atollic/truestudio for stm32 9.3.0/armtools/bin/../lib/gcc/arm-atollic-eabi/6.3.1/../../../../arm-atollic-eabi/lib/armv7e-m/fpu\libc_nano.a(lib_a-init.o)
                              startup\startup_stm32f407xx.o (__libc_init_array)
c:/program files (x86)/atollic/truestudio for stm32 9.3.0/armtools/bin/../lib/gcc/arm-atollic-eabi/6.3.1/../../../../arm-atollic-eabi/lib/armv7e-m/fpu\libc_nano.a(lib_a-malloc.o)
                              Middlewares\ST\STM32_USB_Host_Library\Class\CDC\Src\usbh_cdc.o (malloc)
c:/program files (x86)/atollic/truestudio for stm32 9.3.0/armtools/bin/../lib/gcc/arm-atollic-eabi/6.3.1/../../../../arm-atollic-eabi/lib/armv7e-m/fpu\libc_nano.a(lib_a-memset.o)
                              Src\main.o (memset)
c:/program files (x86)/atollic/truestudio for stm32 9.3.0/armtools/bin/../lib/gcc/arm-atollic-eabi/6.3.1/../../../../arm-atollic-eabi/lib/armv7e-m/fpu\libc_nano.a(lib_a-nano-freer.o)
                              c:/program files (x86)/atollic/truestudio for stm32 9.3.0/armtools/bin/../lib/gcc/arm-atollic-eabi/6.3.1/../../../../arm-atollic-eabi/lib/armv7e-m/fpu\libc_nano.a(lib_a-malloc.o) (_free_r)
c:/program files (x86)/atollic/truestudio for stm32 9.3.0/armtools/bin/../lib/gcc/arm-atollic-eabi/6.3.1/../../../../arm-atollic-eabi/lib/armv7e-m/fpu\libc_nano.a(lib_a-nano-mallocr.o)
                              c:/program files (x86)/atollic/truestudio for stm32 9.3.0/armtools/bin/../lib/gcc/arm-atollic-eabi/6.3.1/../../../../arm-atollic-eabi/lib/armv7e-m/fpu\libc_nano.a(lib_a-malloc.o) (_malloc_r)
c:/program files (x86)/atollic/truestudio for stm32 9.3.0/armtools/bin/../lib/gcc/arm-atollic-eabi/6.3.1/../../../../arm-atollic-eabi/lib/armv7e-m/fpu\libc_nano.a(lib_a-sbrkr.o)
                              c:/program files (x86)/atollic/truestudio for stm32 9.3.0/armtools/bin/../lib/gcc/arm-atollic-eabi/6.3.1/../../../../arm-atollic-eabi/lib/armv7e-m/fpu\libc_nano.a(lib_a-nano-mallocr.o) (_sbrk_r)
c:/program files (x86)/atollic/truestudio for stm32 9.3.0/armtools/bin/../lib/gcc/arm-atollic-eabi/6.3.1/../../../../arm-atollic-eabi/lib/armv7e-m/fpu\libc_nano.a(lib_a-mlock.o)
                              c:/program files (x86)/atollic/truestudio for stm32 9.3.0/armtools/bin/../lib/gcc/arm-atollic-eabi/6.3.1/../../../../arm-atollic-eabi/lib/armv7e-m/fpu\libc_nano.a(lib_a-nano-freer.o) (__malloc_lock)
c:/program files (x86)/atollic/truestudio for stm32 9.3.0/armtools/bin/../lib/gcc/arm-atollic-eabi/6.3.1/../../../../arm-atollic-eabi/lib/armv7e-m/fpu\libc_nano.a(lib_a-reent.o)
                              c:/program files (x86)/atollic/truestudio for stm32 9.3.0/armtools/bin/../lib/gcc/arm-atollic-eabi/6.3.1/../../../../arm-atollic-eabi/lib/armv7e-m/fpu\libc_nano.a(lib_a-sbrkr.o) (errno)
c:/program files (x86)/atollic/truestudio for stm32 9.3.0/armtools/bin/../lib/gcc/arm-atollic-eabi/6.3.1/armv7e-m/fpu\libgcc.a(_aeabi_uldivmod.o)
                              Drivers\STM32F4xx_HAL_Driver\Src\stm32f4xx_hal_rcc.o (__aeabi_uldivmod)
c:/program files (x86)/atollic/truestudio for stm32 9.3.0/armtools/bin/../lib/gcc/arm-atollic-eabi/6.3.1/armv7e-m/fpu\libgcc.a(_udivmoddi4.o)
                              c:/program files (x86)/atollic/truestudio for stm32 9.3.0/armtools/bin/../lib/gcc/arm-atollic-eabi/6.3.1/armv7e-m/fpu\libgcc.a(_aeabi_uldivmod.o) (__udivmoddi4)
c:/program files (x86)/atollic/truestudio for stm32 9.3.0/armtools/bin/../lib/gcc/arm-atollic-eabi/6.3.1/armv7e-m/fpu\libgcc.a(_dvmd_tls.o)
                              c:/program files (x86)/atollic/truestudio for stm32 9.3.0/armtools/bin/../lib/gcc/arm-atollic-eabi/6.3.1/armv7e-m/fpu\libgcc.a(_aeabi_uldivmod.o) (__aeabi_ldiv0)

Allocating common symbols
Common symbol       size              file

MOTOR_PWM           0x14              Src\main.o
response            0x1               Src\main.o
errno               0x4               c:/program files (x86)/atollic/truestudio for stm32 9.3.0/armtools/bin/../lib/gcc/arm-atollic-eabi/6.3.1/../../../../arm-atollic-eabi/lib/armv7e-m/fpu\libc_nano.a(lib_a-reent.o)
huart3              0x40              Src\usart.o
hi2c1               0x54              Src\i2c.o
hUsbHostFS          0x3cc             Src\usb_host.o
[...]
Memory Configuration

Name             Origin             Length             Attributes
RAM              0x20000000         0x00020000         xrw
CCMRAM           0x10000000         0x00010000         xrw
FLASH            0x08000000         0x00100000         xr
*default*        0x00000000         0xffffffff

Linker script and memory map

LOAD c:/program files (x86)/atollic/truestudio for stm32 9.3.0/armtools/bin/../lib/gcc/arm-atollic-eabi/6.3.1/armv7e-m/fpu/crti.o
LOAD c:/program files (x86)/atollic/truestudio for stm32 9.3.0/armtools/bin/../lib/gcc/arm-atollic-eabi/6.3.1/armv7e-m/fpu/crtbegin.o
LOAD Drivers\STM32F4xx_HAL_Driver\Src\stm32f4xx_hal.o
LOAD Drivers\STM32F4xx_HAL_Driver\Src\stm32f4xx_hal_cortex.o
LOAD Drivers\STM32F4xx_HAL_Driver\Src\stm32f4xx_hal_dma.o
LOAD Drivers\STM32F4xx_HAL_Driver\Src\stm32f4xx_hal_dma_ex.o
LOAD Drivers\STM32F4xx_HAL_Driver\Src\stm32f4xx_hal_exti.o
LOAD Drivers\STM32F4xx_HAL_Driver\Src\stm32f4xx_hal_flash.o
LOAD Drivers\STM32F4xx_HAL_Driver\Src\stm32f4xx_hal_flash_ex.o
LOAD Drivers\STM32F4xx_HAL_Driver\Src\stm32f4xx_hal_flash_ramfunc.o
LOAD Drivers\STM32F4xx_HAL_Driver\Src\stm32f4xx_hal_gpio.o
LOAD Drivers\STM32F4xx_HAL_Driver\Src\stm32f4xx_hal_hcd.o
LOAD Drivers\STM32F4xx_HAL_Driver\Src\stm32f4xx_hal_i2c.o
LOAD Drivers\STM32F4xx_HAL_Driver\Src\stm32f4xx_hal_i2c_ex.o
LOAD Drivers\STM32F4xx_HAL_Driver\Src\stm32f4xx_hal_i2s.o
LOAD Drivers\STM32F4xx_HAL_Driver\Src\stm32f4xx_hal_i2s_ex.o
LOAD Drivers\STM32F4xx_HAL_Driver\Src\stm32f4xx_hal_pwr.o
LOAD Drivers\STM32F4xx_HAL_Driver\Src\stm32f4xx_hal_pwr_ex.o
LOAD Drivers\STM32F4xx_HAL_Driver\Src\stm32f4xx_hal_rcc.o
LOAD Drivers\STM32F4xx_HAL_Driver\Src\stm32f4xx_hal_rcc_ex.o
LOAD Drivers\STM32F4xx_HAL_Driver\Src\stm32f4xx_hal_spi.o
LOAD Drivers\STM32F4xx_HAL_Driver\Src\stm32f4xx_hal_tim.o
LOAD Drivers\STM32F4xx_HAL_Driver\Src\stm32f4xx_hal_tim_ex.o
LOAD Drivers\STM32F4xx_HAL_Driver\Src\stm32f4xx_hal_uart.o
LOAD Drivers\STM32F4xx_HAL_Driver\Src\stm32f4xx_ll_usb.o
LOAD Middlewares\ST\STM32_USB_Host_Library\Class\CDC\Src\usbh_cdc.o
LOAD Middlewares\ST\STM32_USB_Host_Library\Core\Src\usbh_core.o
LOAD Middlewares\ST\STM32_USB_Host_Library\Core\Src\usbh_ctlreq.o
LOAD Middlewares\ST\STM32_USB_Host_Library\Core\Src\usbh_ioreq.o
LOAD Middlewares\ST\STM32_USB_Host_Library\Core\Src\usbh_pipes.o
LOAD Src\gpio.o
LOAD Src\i2c.o
LOAD Src\i2s.o
LOAD Src\main.o
LOAD Src\spi.o
LOAD Src\stm32f4xx_hal_msp.o
LOAD Src\stm32f4xx_it.o
LOAD Src\syscalls.o
LOAD Src\system_stm32f4xx.o
LOAD Src\tim.o
LOAD Src\usart.o
LOAD Src\usb_host.o
LOAD Src\usbh_conf.o
LOAD Src\usbh_platform.o
LOAD startup\startup_stm32f407xx.o
                0x00000080                malloc_getpagesize_P = 0x80
START GROUP
LOAD c:/program files (x86)/atollic/truestudio for stm32 9.3.0/armtools/bin/../lib/gcc/arm-atollic-eabi/6.3.1/../../../../arm-atollic-eabi/lib/armv7e-m/fpu\libc_nano.a
LOAD c:/program files (x86)/atollic/truestudio for stm32 9.3.0/armtools/bin/../lib/gcc/arm-atollic-eabi/6.3.1/../../../../arm-atollic-eabi/lib/armv7e-m/fpu\libm.a
END GROUP
START GROUP
LOAD c:/program files (x86)/atollic/truestudio for stm32 9.3.0/armtools/bin/../lib/gcc/arm-atollic-eabi/6.3.1/armv7e-m/fpu\libgcc.a
LOAD c:/program files (x86)/atollic/truestudio for stm32 9.3.0/armtools/bin/../lib/gcc/arm-atollic-eabi/6.3.1/../../../../arm-atollic-eabi/lib/armv7e-m/fpu\libc_nano.a
END GROUP
START GROUP
LOAD c:/program files (x86)/atollic/truestudio for stm32 9.3.0/armtools/bin/../lib/gcc/arm-atollic-eabi/6.3.1/armv7e-m/fpu\libgcc.a
LOAD c:/program files (x86)/atollic/truestudio for stm32 9.3.0/armtools/bin/../lib/gcc/arm-atollic-eabi/6.3.1/../../../../arm-atollic-eabi/lib/armv7e-m/fpu\libc_nano.a
LOAD c:/program files (x86)/atollic/truestudio for stm32 9.3.0/armtools/bin/../lib/gcc/arm-atollic-eabi/6.3.1/../../../../arm-atollic-eabi/lib/armv7e-m/fpu\libnosys.a
END GROUP
START GROUP
LOAD c:/program files (x86)/atollic/truestudio for stm32 9.3.0/armtools/bin/../lib/gcc/arm-atollic-eabi/6.3.1/armv7e-m/fpu\libgcc.a
LOAD c:/program files (x86)/atollic/truestudio for stm32 9.3.0/armtools/bin/../lib/gcc/arm-atollic-eabi/6.3.1/../../../../arm-atollic-eabi/lib/armv7e-m/fpu\libc_nano.a
LOAD c:/program files (x86)/atollic/truestudio for stm32 9.3.0/armtools/bin/../lib/gcc/arm-atollic-eabi/6.3.1/../../../../arm-atollic-eabi/lib/armv7e-m/fpu\libnosys.a
END GROUP
LOAD c:/program files (x86)/atollic/truestudio for stm32 9.3.0/armtools/bin/../lib/gcc/arm-atollic-eabi/6.3.1/armv7e-m/fpu/crtend.o
LOAD c:/program files (x86)/atollic/truestudio for stm32 9.3.0/armtools/bin/../lib/gcc/arm-atollic-eabi/6.3.1/armv7e-m/fpu/crtn.o
                0x20020000                _estack = 0x20020000
                0x00000200                _Min_Heap_Size = 0x200
                0x00000400                _Min_Stack_Size = 0x400

.isr_vector     0x08000000      0x188
                0x08000000                . = ALIGN (0x4)
 *(.isr_vector)
 .isr_vector    0x08000000      0x188 startup\startup_stm32f407xx.o
                0x08000000                g_pfnVectors
                0x08000188                . = ALIGN (0x4)

.text           0x08000188     0x98a4
                0x08000188                . = ALIGN (0x4)
 *(.text)
 .text          0x08000188       0x40 c:/program files (x86)/atollic/truestudio for stm32 9.3.0/armtools/bin/../lib/gcc/arm-atollic-eabi/6.3.1/armv7e-m/fpu/crtbegin.o
 .text          0x080001c8       0x30 c:/program files (x86)/atollic/truestudio for stm32 9.3.0/armtools/bin/../lib/gcc/arm-atollic-eabi/6.3.1/armv7e-m/fpu\libgcc.a(_aeabi_uldivmod.o)
                0x080001c8                __aeabi_uldivmod
 .text          0x080001f8      0x2dc c:/program files (x86)/atollic/truestudio for stm32 9.3.0/armtools/bin/../lib/gcc/arm-atollic-eabi/6.3.1/armv7e-m/fpu\libgcc.a(_udivmoddi4.o)
                0x080001f8                __udivmoddi4
 .text          0x080004d4        0x4 c:/program files (x86)/atollic/truestudio for stm32 9.3.0/armtools/bin/../lib/gcc/arm-atollic-eabi/6.3.1/armv7e-m/fpu\libgcc.a(_dvmd_tls.o)
                0x080004d4                __aeabi_idiv0
                0x080004d4                __aeabi_ldiv0
 *(.text*)
 .text.HAL_Init
                0x080004d8       0x44 Drivers\STM32F4xx_HAL_Driver\Src\stm32f4xx_hal.o
                0x080004d8                HAL_Init
 .text.HAL_InitTick
                0x0800051c       0x60 Drivers\STM32F4xx_HAL_Driver\Src\stm32f4xx_hal.o
                0x0800051c                HAL_InitTick
 .text.HAL_IncTick
                0x0800057c       0x28 Drivers\STM32F4xx_HAL_Driver\Src\stm32f4xx_hal.o
                0x0800057c                HAL_IncTick
 .text.HAL_GetTick
                0x080005a4       0x18 Drivers\STM32F4xx_HAL_Driver\Src\stm32f4xx_hal.o
                0x080005a4                HAL_GetTick
 .text.HAL_Delay
                0x080005bc       0x44 Drivers\STM32F4xx_HAL_Driver\Src\stm32f4xx_hal.o
                0x080005bc                HAL_Delay
 .text.__NVIC_SetPriorityGrouping
                0x08000600       0x48 Drivers\STM32F4xx_HAL_Driver\Src\stm32f4xx_hal_cortex.o
 .text.__NVIC_GetPriorityGrouping
                0x08000648       0x1c Drivers\STM32F4xx_HAL_Driver\Src\stm32f4xx_hal_cortex.o
 .text.__NVIC_EnableIRQ
                0x08000664       0x3c Drivers\STM32F4xx_HAL_Driver\Src\stm32f4xx_hal_cortex.o
 .text.__NVIC_SetPriority
                0x080006a0       0x54 Drivers\STM32F4xx_HAL_Driver\Src\stm32f4xx_hal_cortex.o
 .text.NVIC_EncodePriority
                0x080006f4       0x62 Drivers\STM32F4xx_HAL_Driver\Src\stm32f4xx_hal_cortex.o
 *fill*         0x08000756        0x2 
 .text.SysTick_Config
                0x08000758       0x44 Drivers\STM32F4xx_HAL_Driver\Src\stm32f4xx_hal_cortex.o
 .text.HAL_NVIC_SetPriorityGrouping
                0x0800079c       0x16 Drivers\STM32F4xx_HAL_Driver\Src\stm32f4xx_hal_cortex.o
                0x0800079c                HAL_NVIC_SetPriorityGrouping
 .text.HAL_NVIC_SetPriority
                0x080007b2       0x38 Drivers\STM32F4xx_HAL_Driver\Src\stm32f4xx_hal_cortex.o
                0x080007b2                HAL_NVIC_SetPriority
 .text.HAL_NVIC_EnableIRQ
                0x080007ea       0x1c Drivers\STM32F4xx_HAL_Driver\Src\stm32f4xx_hal_cortex.o
                0x080007ea                HAL_NVIC_EnableIRQ
 .text.HAL_SYSTICK_Config
                0x08000806       0x18 Drivers\STM32F4xx_HAL_Driver\Src\stm32f4xx_hal_cortex.o
                0x08000806                HAL_SYSTICK_Config
 .text.HAL_DMA_Abort_IT
                0x0800081e       0x44 Drivers\STM32F4xx_HAL_Driver\Src\stm32f4xx_hal_dma.o
                0x0800081e                HAL_DMA_Abort_IT
 *fill*         0x08000862        0x2 
 .text.HAL_GPIO_Init
                0x08000864      0x334 Drivers\STM32F4xx_HAL_Driver\Src\stm32f4xx_hal_gpio.o
                0x08000864                HAL_GPIO_Init
 .text.HAL_GPIO_WritePin
                0x08000b98       0x32 Drivers\STM32F4xx_HAL_Driver\Src\stm32f4xx_hal_gpio.o
                0x08000b98                HAL_GPIO_WritePin
 *fill*         0x08000bca        0x2 
 .text.HAL_GPIO_EXTI_IRQHandler
                0x08000bcc       0x30 Drivers\STM32F4xx_HAL_Driver\Src\stm32f4xx_hal_gpio.o
                0x08000bcc                HAL_GPIO_EXTI_IRQHandler
 .text.HAL_HCD_Init
                0x08000bfc       0xc4 Drivers\STM32F4xx_HAL_Driver\Src\stm32f4xx_hal_hcd.o
                0x08000bfc                HAL_HCD_Init
 .text.HAL_HCD_HC_Init
                0x08000cc0      0x130 Drivers\STM32F4xx_HAL_Driver\Src\stm32f4xx_hal_hcd.o
                0x08000cc0                HAL_HCD_HC_Init
 .text.HAL_HCD_HC_Halt
                0x08000df0       0x46 Drivers\STM32F4xx_HAL_Driver\Src\stm32f4xx_hal_hcd.o
                0x08000df0                HAL_HCD_HC_Halt
 *fill*         0x08000e36        0x2 
 .text.HAL_HCD_HC_SubmitRequest
                0x08000e38      0x2d0 Drivers\STM32F4xx_HAL_Driver\Src\stm32f4xx_hal_hcd.o
                0x08000e38                HAL_HCD_HC_SubmitRequest
 .text.HAL_HCD_IRQHandler
                0x08001108      0x20e Drivers\STM32F4xx_HAL_Driver\Src\stm32f4xx_hal_hcd.o
                0x08001108                HAL_HCD_IRQHandler
 .text.HAL_HCD_Start
                0x08001316       0x46 Drivers\STM32F4xx_HAL_Driver\Src\stm32f4xx_hal_hcd.o
                0x08001316                HAL_HCD_Start
 .text.HAL_HCD_Stop
                0x0800135c       0x3a Drivers\STM32F4xx_HAL_Driver\Src\stm32f4xx_hal_hcd.o
                0x0800135c                HAL_HCD_Stop
 .text.HAL_HCD_ResetPort
                0x08001396       0x1c Drivers\STM32F4xx_HAL_Driver\Src\stm32f4xx_hal_hcd.o
                0x08001396                HAL_HCD_ResetPort
 .text.HAL_HCD_HC_GetURBState
                0x080013b2       0x2a Drivers\STM32F4xx_HAL_Driver\Src\stm32f4xx_hal_hcd.o
                0x080013b2                HAL_HCD_HC_GetURBState
 .text.HAL_HCD_HC_GetXferCount
                0x080013dc       0x2a Drivers\STM32F4xx_HAL_Driver\Src\stm32f4xx_hal_hcd.o
                0x080013dc                HAL_HCD_HC_GetXferCount
 .text.HAL_HCD_GetCurrentFrame
                0x08001406       0x1c Drivers\STM32F4xx_HAL_Driver\Src\stm32f4xx_hal_hcd.o
                0x08001406                HAL_HCD_GetCurrentFrame
 .text.HAL_HCD_GetCurrentSpeed
                0x08001422       0x1c Drivers\STM32F4xx_HAL_Driver\Src\stm32f4xx_hal_hcd.o
                0x08001422                HAL_HCD_GetCurrentSpeed
 .text.HCD_HC_IN_IRQHandler
                0x0800143e      0x742 Drivers\STM32F4xx_HAL_Driver\Src\stm32f4xx_hal_hcd.o
 .text.HCD_HC_OUT_IRQHandler
                0x08001b80      0x6fe Drivers\STM32F4xx_HAL_Driver\Src\stm32f4xx_hal_hcd.o
 *fill*         0x0800227e        0x2 
 .text.HCD_RXQLVL_IRQHandler
                0x08002280      0x158 Drivers\STM32F4xx_HAL_Driver\Src\stm32f4xx_hal_hcd.o
 .text.HCD_Port_IRQHandler
                0x080023d8      0x122 Drivers\STM32F4xx_HAL_Driver\Src\stm32f4xx_hal_hcd.o
 *fill*         0x080024fa        0x2 
 .text.HAL_I2C_Init
                0x080024fc      0x270 Drivers\STM32F4xx_HAL_Driver\Src\stm32f4xx_hal_i2c.o
                0x080024fc                HAL_I2C_Init
 .text.HAL_I2S_Init
                0x0800276c      0x280 Drivers\STM32F4xx_HAL_Driver\Src\stm32f4xx_hal_i2s.o
                0x0800276c                HAL_I2S_Init
 .text.HAL_I2S_TxCpltCallback
                0x080029ec       0x14 Drivers\STM32F4xx_HAL_Driver\Src\stm32f4xx_hal_i2s.o
                0x080029ec                HAL_I2S_TxCpltCallback
 .text.HAL_I2S_RxCpltCallback
                0x08002a00       0x14 Drivers\STM32F4xx_HAL_Driver\Src\stm32f4xx_hal_i2s.o
                0x08002a00                HAL_I2S_RxCpltCallback
 .text.HAL_I2S_ErrorCallback
                0x08002a14       0x14 Drivers\STM32F4xx_HAL_Driver\Src\stm32f4xx_hal_i2s.o
                0x08002a14                HAL_I2S_ErrorCallback
 .text.I2S_Transmit_IT
                0x08002a28       0x5c Drivers\STM32F4xx_HAL_Driver\Src\stm32f4xx_hal_i2s.o
 .text.I2S_Receive_IT
                0x08002a84       0x5e Drivers\STM32F4xx_HAL_Driver\Src\stm32f4xx_hal_i2s.o
 .text.I2S_IRQHandler
                0x08002ae2      0x114 Drivers\STM32F4xx_HAL_Driver\Src\stm32f4xx_hal_i2s.o
 *fill*         0x08002bf6        0x2 
 .text.HAL_I2SEx_FullDuplex_IRQHandler
                0x08002bf8      0x2a8 Drivers\STM32F4xx_HAL_Driver\Src\stm32f4xx_hal_i2s_ex.o
                0x08002bf8                HAL_I2SEx_FullDuplex_IRQHandler
 .text.HAL_I2SEx_TxRxCpltCallback
                0x08002ea0       0x14 Drivers\STM32F4xx_HAL_Driver\Src\stm32f4xx_hal_i2s_ex.o
                0x08002ea0                HAL_I2SEx_TxRxCpltCallback
 .text.I2SEx_TxISR_I2S
                0x08002eb4       0x62 Drivers\STM32F4xx_HAL_Driver\Src\stm32f4xx_hal_i2s_ex.o
 *fill*         0x08002f16        0x2 
 .text.I2SEx_TxISR_I2SExt
                0x08002f18       0x94 Drivers\STM32F4xx_HAL_Driver\Src\stm32f4xx_hal_i2s_ex.o
 .text.I2SEx_RxISR_I2S
                0x08002fac       0x64 Drivers\STM32F4xx_HAL_Driver\Src\stm32f4xx_hal_i2s_ex.o
 .text.I2SEx_RxISR_I2SExt
                0x08003010       0x98 Drivers\STM32F4xx_HAL_Driver\Src\stm32f4xx_hal_i2s_ex.o
 .text.HAL_RCC_OscConfig
                0x080030a8      0x4e0 Drivers\STM32F4xx_HAL_Driver\Src\stm32f4xx_hal_rcc.o
                0x080030a8                HAL_RCC_OscConfig
 .text.HAL_RCC_ClockConfig
                0x08003588      0x1cc Drivers\STM32F4xx_HAL_Driver\Src\stm32f4xx_hal_rcc.o
                0x08003588                HAL_RCC_ClockConfig
 .text.HAL_RCC_GetSysClockFreq
                0x08003754      0x1b0 Drivers\STM32F4xx_HAL_Driver\Src\stm32f4xx_hal_rcc.o
                0x08003754                HAL_RCC_GetSysClockFreq
 .text.HAL_RCC_GetHCLKFreq
                0x08003904       0x18 Drivers\STM32F4xx_HAL_Driver\Src\stm32f4xx_hal_rcc.o
                0x08003904                HAL_RCC_GetHCLKFreq
 .text.HAL_RCC_GetPCLK1Freq
                0x0800391c       0x28 Drivers\STM32F4xx_HAL_Driver\Src\stm32f4xx_hal_rcc.o
                0x0800391c                HAL_RCC_GetPCLK1Freq
 .text.HAL_RCC_GetPCLK2Freq
                0x08003944       0x28 Drivers\STM32F4xx_HAL_Driver\Src\stm32f4xx_hal_rcc.o
                0x08003944                HAL_RCC_GetPCLK2Freq
 .text.HAL_RCCEx_PeriphCLKConfig
                0x0800396c      0x1c4 Drivers\STM32F4xx_HAL_Driver\Src\stm32f4xx_hal_rcc_ex.o
                0x0800396c                HAL_RCCEx_PeriphCLKConfig
 .text.HAL_RCCEx_GetPeriphCLKFreq
                0x08003b30       0xb8 Drivers\STM32F4xx_HAL_Driver\Src\stm32f4xx_hal_rcc_ex.o
                0x08003b30                HAL_RCCEx_GetPeriphCLKFreq
 .text.HAL_SPI_Init
                0x08003be8       0xc6 Drivers\STM32F4xx_HAL_Driver\Src\stm32f4xx_hal_spi.o
                0x08003be8                HAL_SPI_Init
 .text.HAL_TIM_Base_Init
                0x08003cae       0x56 Drivers\STM32F4xx_HAL_Driver\Src\stm32f4xx_hal_tim.o
                0x08003cae                HAL_TIM_Base_Init
 .text.HAL_TIM_PWM_Init
                0x08003d04       0x56 Drivers\STM32F4xx_HAL_Driver\Src\stm32f4xx_hal_tim.o
                0x08003d04                HAL_TIM_PWM_Init
 .text.HAL_TIM_PWM_MspInit
                0x08003d5a       0x14 Drivers\STM32F4xx_HAL_Driver\Src\stm32f4xx_hal_tim.o
                0x08003d5a                HAL_TIM_PWM_MspInit
 *fill*         0x08003d6e        0x2 
 .text.HAL_TIM_PWM_Start
                0x08003d70       0x7c Drivers\STM32F4xx_HAL_Driver\Src\stm32f4xx_hal_tim.o
                0x08003d70                HAL_TIM_PWM_Start
 .text.HAL_TIM_PWM_ConfigChannel
                0x08003dec      0x18c Drivers\STM32F4xx_HAL_Driver\Src\stm32f4xx_hal_tim.o
                0x08003dec                HAL_TIM_PWM_ConfigChannel
 .text.HAL_TIM_ConfigClockSource
                0x08003f78      0x16e Drivers\STM32F4xx_HAL_Driver\Src\stm32f4xx_hal_tim.o
                0x08003f78                HAL_TIM_ConfigClockSource
 *fill*         0x080040e6        0x2 
 .text.TIM_Base_SetConfig
                0x080040e8      0x140 Drivers\STM32F4xx_HAL_Driver\Src\stm32f4xx_hal_tim.o
                0x080040e8                TIM_Base_SetConfig
 .text.TIM_OC1_SetConfig
                0x08004228       0xe0 Drivers\STM32F4xx_HAL_Driver\Src\stm32f4xx_hal_tim.o
 .text.TIM_OC2_SetConfig
                0x08004308       0xec Drivers\STM32F4xx_HAL_Driver\Src\stm32f4xx_hal_tim.o
                0x08004308                TIM_OC2_SetConfig
 .text.TIM_OC3_SetConfig
                0x080043f4       0xe8 Drivers\STM32F4xx_HAL_Driver\Src\stm32f4xx_hal_tim.o
 .text.TIM_OC4_SetConfig
                0x080044dc       0xac Drivers\STM32F4xx_HAL_Driver\Src\stm32f4xx_hal_tim.o
 .text.TIM_TI1_ConfigInputStage
                0x08004588       0x5e Drivers\STM32F4xx_HAL_Driver\Src\stm32f4xx_hal_tim.o
 .text.TIM_TI2_ConfigInputStage
                0x080045e6       0x60 Drivers\STM32F4xx_HAL_Driver\Src\stm32f4xx_hal_tim.o
 .text.TIM_ITRx_SetConfig
                0x08004646       0x36 Drivers\STM32F4xx_HAL_Driver\Src\stm32f4xx_hal_tim.o
 .text.TIM_ETR_SetConfig
                0x0800467c       0x40 Drivers\STM32F4xx_HAL_Driver\Src\stm32f4xx_hal_tim.o
                0x0800467c                TIM_ETR_SetConfig
 .text.TIM_CCxChannelCmd
                0x080046bc       0x4a Drivers\STM32F4xx_HAL_Driver\Src\stm32f4xx_hal_tim.o
                0x080046bc                TIM_CCxChannelCmd
 *fill*         0x08004706        0x2 
 .text.HAL_TIMEx_MasterConfigSynchronization
                0x08004708       0xf8 Drivers\STM32F4xx_HAL_Driver\Src\stm32f4xx_hal_tim_ex.o
                0x08004708                HAL_TIMEx_MasterConfigSynchronization
 .text.HAL_TIMEx_ConfigBreakDeadTime
                0x08004800       0xa4 Drivers\STM32F4xx_HAL_Driver\Src\stm32f4xx_hal_tim_ex.o
                0x08004800                HAL_TIMEx_ConfigBreakDeadTime
 .text.HAL_UART_Init
                0x080048a4       0x9a Drivers\STM32F4xx_HAL_Driver\Src\stm32f4xx_hal_uart.o
                0x080048a4                HAL_UART_Init
 .text.HAL_UART_Transmit
                0x0800493e      0x130 Drivers\STM32F4xx_HAL_Driver\Src\stm32f4xx_hal_uart.o
                0x0800493e                HAL_UART_Transmit
 .text.HAL_UART_Receive_IT
                0x08004a6e       0xaa Drivers\STM32F4xx_HAL_Driver\Src\stm32f4xx_hal_uart.o
                0x08004a6e                HAL_UART_Receive_IT
 .text.HAL_UART_IRQHandler
                0x08004b18      0x200 Drivers\STM32F4xx_HAL_Driver\Src\stm32f4xx_hal_uart.o
                0x08004b18                HAL_UART_IRQHandler
 .text.HAL_UART_TxCpltCallback
                0x08004d18       0x14 Drivers\STM32F4xx_HAL_Driver\Src\stm32f4xx_hal_uart.o
                0x08004d18                HAL_UART_TxCpltCallback
 .text.HAL_UART_ErrorCallback
                0x08004d2c       0x14 Drivers\STM32F4xx_HAL_Driver\Src\stm32f4xx_hal_uart.o
                0x08004d2c                HAL_UART_ErrorCallback
 .text.UART_WaitOnFlagUntilTimeout
                0x08004d40       0x94 Drivers\STM32F4xx_HAL_Driver\Src\stm32f4xx_hal_uart.o
 .text.UART_EndRxTransfer
                0x08004dd4       0x3c Drivers\STM32F4xx_HAL_Driver\Src\stm32f4xx_hal_uart.o
 .text.UART_DMAAbortOnError
                0x08004e10       0x28 Drivers\STM32F4xx_HAL_Driver\Src\stm32f4xx_hal_uart.o
 .text.UART_Transmit_IT
                0x08004e38       0xaa Drivers\STM32F4xx_HAL_Driver\Src\stm32f4xx_hal_uart.o
 .text.UART_EndTransmit_IT
                0x08004ee2       0x30 Drivers\STM32F4xx_HAL_Driver\Src\stm32f4xx_hal_uart.o
 .text.UART_Receive_IT
                0x08004f12      0x102 Drivers\STM32F4xx_HAL_Driver\Src\stm32f4xx_hal_uart.o
 .text.UART_SetConfig
                0x08005014      0x67c Drivers\STM32F4xx_HAL_Driver\Src\stm32f4xx_hal_uart.o
 .text.USB_CoreInit
                0x08005690       0xc2 Drivers\STM32F4xx_HAL_Driver\Src\stm32f4xx_ll_usb.o
                0x08005690                USB_CoreInit
 .text.USB_EnableGlobalInt
                0x08005752       0x22 Drivers\STM32F4xx_HAL_Driver\Src\stm32f4xx_ll_usb.o
                0x08005752                USB_EnableGlobalInt
 .text.USB_DisableGlobalInt
                0x08005774       0x22 Drivers\STM32F4xx_HAL_Driver\Src\stm32f4xx_ll_usb.o
                0x08005774                USB_DisableGlobalInt
 .text.USB_SetCurrentMode
                0x08005796       0x54 Drivers\STM32F4xx_HAL_Driver\Src\stm32f4xx_ll_usb.o
                0x08005796                USB_SetCurrentMode
 *fill*         0x080057ea        0x2 
 .text.USB_FlushTxFifo
                0x080057ec       0x4c Drivers\STM32F4xx_HAL_Driver\Src\stm32f4xx_ll_usb.o
                0x080057ec                USB_FlushTxFifo
 .text.USB_FlushRxFifo
                0x08005838       0x44 Drivers\STM32F4xx_HAL_Driver\Src\stm32f4xx_ll_usb.o
                0x08005838                USB_FlushRxFifo
 .text.USB_WritePacket
                0x0800587c       0x6a Drivers\STM32F4xx_HAL_Driver\Src\stm32f4xx_ll_usb.o
                0x0800587c                USB_WritePacket
 .text.USB_ReadPacket
                0x080058e6       0x52 Drivers\STM32F4xx_HAL_Driver\Src\stm32f4xx_ll_usb.o
                0x080058e6                USB_ReadPacket
 .text.USB_ReadInterrupts
                0x08005938       0x26 Drivers\STM32F4xx_HAL_Driver\Src\stm32f4xx_ll_usb.o
                0x08005938                USB_ReadInterrupts
 .text.USB_GetMode
                0x0800595e       0x1c Drivers\STM32F4xx_HAL_Driver\Src\stm32f4xx_ll_usb.o
                0x0800595e                USB_GetMode
 *fill*         0x0800597a        0x2 
 .text.USB_CoreReset
                0x0800597c       0x68 Drivers\STM32F4xx_HAL_Driver\Src\stm32f4xx_ll_usb.o
 .text.USB_HostInit
                0x080059e4      0x17c Drivers\STM32F4xx_HAL_Driver\Src\stm32f4xx_ll_usb.o
                0x080059e4                USB_HostInit
 .text.USB_InitFSLSPClkSel
                0x08005b60       0x78 Drivers\STM32F4xx_HAL_Driver\Src\stm32f4xx_ll_usb.o
                0x08005b60                USB_InitFSLSPClkSel
 .text.USB_ResetPort
                0x08005bd8       0x58 Drivers\STM32F4xx_HAL_Driver\Src\stm32f4xx_ll_usb.o
                0x08005bd8                USB_ResetPort
 .text.USB_DriveVbus
                0x08005c30       0x76 Drivers\STM32F4xx_HAL_Driver\Src\stm32f4xx_ll_usb.o
                0x08005c30                USB_DriveVbus
 .text.USB_GetHostSpeed
                0x08005ca6       0x2e Drivers\STM32F4xx_HAL_Driver\Src\stm32f4xx_ll_usb.o
                0x08005ca6                USB_GetHostSpeed
 .text.USB_GetCurrentFrame
                0x08005cd4       0x22 Drivers\STM32F4xx_HAL_Driver\Src\stm32f4xx_ll_usb.o
                0x08005cd4                USB_GetCurrentFrame
 *fill*         0x08005cf6        0x2 
 .text.USB_HC_Init
                0x08005cf8      0x224 Drivers\STM32F4xx_HAL_Driver\Src\stm32f4xx_ll_usb.o
                0x08005cf8                USB_HC_Init
 .text.USB_HC_StartXfer
                0x08005f1c      0x290 Drivers\STM32F4xx_HAL_Driver\Src\stm32f4xx_ll_usb.o
                0x08005f1c                USB_HC_StartXfer
 .text.USB_HC_ReadInterrupt
                0x080061ac       0x22 Drivers\STM32F4xx_HAL_Driver\Src\stm32f4xx_ll_usb.o
                0x080061ac                USB_HC_ReadInterrupt
 .text.USB_HC_Halt
                0x080061ce      0x212 Drivers\STM32F4xx_HAL_Driver\Src\stm32f4xx_ll_usb.o
                0x080061ce                USB_HC_Halt
 .text.USB_DoPing
                0x080063e0       0x78 Drivers\STM32F4xx_HAL_Driver\Src\stm32f4xx_ll_usb.o
                0x080063e0                USB_DoPing
 .text.USB_StopHost
                0x08006458      0x10c Drivers\STM32F4xx_HAL_Driver\Src\stm32f4xx_ll_usb.o
                0x08006458                USB_StopHost
 .text.USBH_CDC_InterfaceInit
                0x08006564      0x282 Middlewares\ST\STM32_USB_Host_Library\Class\CDC\Src\usbh_cdc.o
 .text.USBH_CDC_InterfaceDeInit
                0x080067e6       0xb2 Middlewares\ST\STM32_USB_Host_Library\Class\CDC\Src\usbh_cdc.o
 .text.USBH_CDC_ClassRequest
                0x08006898       0x42 Middlewares\ST\STM32_USB_Host_Library\Class\CDC\Src\usbh_cdc.o
 *fill*         0x080068da        0x2 
 .text.USBH_CDC_Process
                0x080068dc      0x12c Middlewares\ST\STM32_USB_Host_Library\Class\CDC\Src\usbh_cdc.o
 .text.USBH_CDC_SOFProcess
                0x08006a08       0x16 Middlewares\ST\STM32_USB_Host_Library\Class\CDC\Src\usbh_cdc.o
 .text.GetLineCoding
                0x08006a1e       0x3e Middlewares\ST\STM32_USB_Host_Library\Class\CDC\Src\usbh_cdc.o
 .text.SetLineCoding
                0x08006a5c       0x3e Middlewares\ST\STM32_USB_Host_Library\Class\CDC\Src\usbh_cdc.o
 .text.CDC_ProcessTransmission
                0x08006a9a       0xf0 Middlewares\ST\STM32_USB_Host_Library\Class\CDC\Src\usbh_cdc.o
 .text.CDC_ProcessReception
                0x08006b8a       0xb6 Middlewares\ST\STM32_USB_Host_Library\Class\CDC\Src\usbh_cdc.o
 .text.USBH_CDC_TransmitCallback
                0x08006c40       0x14 Middlewares\ST\STM32_USB_Host_Library\Class\CDC\Src\usbh_cdc.o
                0x08006c40                USBH_CDC_TransmitCallback
 .text.USBH_CDC_ReceiveCallback
                0x08006c54       0x14 Middlewares\ST\STM32_USB_Host_Library\Class\CDC\Src\usbh_cdc.o
                0x08006c54                USBH_CDC_ReceiveCallback
 .text.USBH_CDC_LineCodingChanged
                0x08006c68       0x14 Middlewares\ST\STM32_USB_Host_Library\Class\CDC\Src\usbh_cdc.o
                0x08006c68                USBH_CDC_LineCodingChanged
 .text.USBH_Init
                0x08006c7c       0x54 Middlewares\ST\STM32_USB_Host_Library\Core\Src\usbh_core.o
                0x08006c7c                USBH_Init
 .text.DeInitStateMachine
                0x08006cd0       0x92 Middlewares\ST\STM32_USB_Host_Library\Core\Src\usbh_core.o
 .text.USBH_RegisterClass
                0x08006d62       0x56 Middlewares\ST\STM32_USB_Host_Library\Core\Src\usbh_core.o
                0x08006d62                USBH_RegisterClass
 .text.USBH_SelectInterface
                0x08006db8       0x38 Middlewares\ST\STM32_USB_Host_Library\Core\Src\usbh_core.o
                0x08006db8                USBH_SelectInterface
 .text.USBH_FindInterface
                0x08006df0       0x8c Middlewares\ST\STM32_USB_Host_Library\Core\Src\usbh_core.o
                0x08006df0                USBH_FindInterface
 .text.USBH_Start
                0x08006e7c       0x20 Middlewares\ST\STM32_USB_Host_Library\Core\Src\usbh_core.o
                0x08006e7c                USBH_Start
 .text.USBH_Process
                0x08006e9c      0x310 Middlewares\ST\STM32_USB_Host_Library\Core\Src\usbh_core.o
                0x08006e9c                USBH_Process
 .text.USBH_HandleEnum
                0x080071ac      0x234 Middlewares\ST\STM32_USB_Host_Library\Core\Src\usbh_core.o
 .text.USBH_LL_SetTimer
                0x080073e0       0x1e Middlewares\ST\STM32_USB_Host_Library\Core\Src\usbh_core.o
                0x080073e0                USBH_LL_SetTimer
 .text.USBH_LL_IncTimer
                0x080073fe       0x24 Middlewares\ST\STM32_USB_Host_Library\Core\Src\usbh_core.o
                0x080073fe                USBH_LL_IncTimer
 .text.USBH_HandleSof
                0x08007422       0x30 Middlewares\ST\STM32_USB_Host_Library\Core\Src\usbh_core.o
 .text.USBH_LL_PortEnabled
                0x08007452       0x1c Middlewares\ST\STM32_USB_Host_Library\Core\Src\usbh_core.o
                0x08007452                USBH_LL_PortEnabled
 .text.USBH_LL_PortDisabled
                0x0800746e       0x1c Middlewares\ST\STM32_USB_Host_Library\Core\Src\usbh_core.o
                0x0800746e                USBH_LL_PortDisabled
 .text.USBH_IsPortEnabled
                0x0800748a       0x1a Middlewares\ST\STM32_USB_Host_Library\Core\Src\usbh_core.o
                0x0800748a                USBH_IsPortEnabled
 .text.USBH_LL_Connect
                0x080074a4       0x4c Middlewares\ST\STM32_USB_Host_Library\Core\Src\usbh_core.o
                0x080074a4                USBH_LL_Connect
 .text.USBH_LL_Disconnect
                0x080074f0       0x5a Middlewares\ST\STM32_USB_Host_Library\Core\Src\usbh_core.o
                0x080074f0                USBH_LL_Disconnect
 .text.USBH_Get_DevDesc
                0x0800754a       0x50 Middlewares\ST\STM32_USB_Host_Library\Core\Src\usbh_ctlreq.o
                0x0800754a                USBH_Get_DevDesc
 .text.USBH_Get_CfgDesc
                0x0800759a       0x48 Middlewares\ST\STM32_USB_Host_Library\Core\Src\usbh_ctlreq.o
                0x0800759a                USBH_Get_CfgDesc
 .text.USBH_Get_StringDesc
                0x080075e2       0x56 Middlewares\ST\STM32_USB_Host_Library\Core\Src\usbh_ctlreq.o
                0x080075e2                USBH_Get_StringDesc
 .text.USBH_GetDescriptor
                0x08007638       0x6a Middlewares\ST\STM32_USB_Host_Library\Core\Src\usbh_ctlreq.o
                0x08007638                USBH_GetDescriptor
 .text.USBH_SetAddress
                0x080076a2       0x48 Middlewares\ST\STM32_USB_Host_Library\Core\Src\usbh_ctlreq.o
                0x080076a2                USBH_SetAddress
 .text.USBH_SetCfg
                0x080076ea       0x46 Middlewares\ST\STM32_USB_Host_Library\Core\Src\usbh_ctlreq.o
                0x080076ea                USBH_SetCfg
 .text.USBH_SetFeature
                0x08007730       0x48 Middlewares\ST\STM32_USB_Host_Library\Core\Src\usbh_ctlreq.o
                0x08007730                USBH_SetFeature
 .text.USBH_ClrFeature
                0x08007778       0x48 Middlewares\ST\STM32_USB_Host_Library\Core\Src\usbh_ctlreq.o
                0x08007778                USBH_ClrFeature
 .text.USBH_ParseDevDesc
                0x080077c0       0xe0 Middlewares\ST\STM32_USB_Host_Library\Core\Src\usbh_ctlreq.o
 .text.USBH_ParseCfgDesc
                0x080078a0      0x144 Middlewares\ST\STM32_USB_Host_Library\Core\Src\usbh_ctlreq.o
 .text.USBH_ParseInterfaceDesc
                0x080079e4       0x5e Middlewares\ST\STM32_USB_Host_Library\Core\Src\usbh_ctlreq.o
 .text.USBH_ParseEPDesc
                0x08007a42       0x5a Middlewares\ST\STM32_USB_Host_Library\Core\Src\usbh_ctlreq.o
 .text.USBH_ParseStringDesc
                0x08007a9c       0x66 Middlewares\ST\STM32_USB_Host_Library\Core\Src\usbh_ctlreq.o
 .text.USBH_GetNextDesc
                0x08007b02       0x36 Middlewares\ST\STM32_USB_Host_Library\Core\Src\usbh_ctlreq.o
                0x08007b02                USBH_GetNextDesc
 .text.USBH_CtlReq
                0x08007b38       0x94 Middlewares\ST\STM32_USB_Host_Library\Core\Src\usbh_ctlreq.o
                0x08007b38                USBH_CtlReq
 .text.USBH_HandleControl
                0x08007bcc      0x2d4 Middlewares\ST\STM32_USB_Host_Library\Core\Src\usbh_ctlreq.o
 .text.USBH_CtlSendSetup
                0x08007ea0       0x34 Middlewares\ST\STM32_USB_Host_Library\Core\Src\usbh_ioreq.o
                0x08007ea0                USBH_CtlSendSetup
 .text.USBH_CtlSendData
                0x08007ed4       0x4a Middlewares\ST\STM32_USB_Host_Library\Core\Src\usbh_ioreq.o
                0x08007ed4                USBH_CtlSendData
 .text.USBH_CtlReceiveData
                0x08007f1e       0x3c Middlewares\ST\STM32_USB_Host_Library\Core\Src\usbh_ioreq.o
                0x08007f1e                USBH_CtlReceiveData
 .text.USBH_BulkSendData
                0x08007f5a       0x4a Middlewares\ST\STM32_USB_Host_Library\Core\Src\usbh_ioreq.o
                0x08007f5a                USBH_BulkSendData
 .text.USBH_BulkReceiveData
                0x08007fa4       0x3c Middlewares\ST\STM32_USB_Host_Library\Core\Src\usbh_ioreq.o
                0x08007fa4                USBH_BulkReceiveData
 .text.USBH_OpenPipe
                0x08007fe0       0x3e Middlewares\ST\STM32_USB_Host_Library\Core\Src\usbh_pipes.o
                0x08007fe0                USBH_OpenPipe
 .text.USBH_ClosePipe
                0x0800801e       0x20 Middlewares\ST\STM32_USB_Host_Library\Core\Src\usbh_pipes.o
                0x0800801e                USBH_ClosePipe
 .text.USBH_AllocPipe
                0x0800803e       0x3c Middlewares\ST\STM32_USB_Host_Library\Core\Src\usbh_pipes.o
                0x0800803e                USBH_AllocPipe
 .text.USBH_FreePipe
                0x0800807a       0x38 Middlewares\ST\STM32_USB_Host_Library\Core\Src\usbh_pipes.o
                0x0800807a                USBH_FreePipe
 .text.USBH_GetFreePipe
                0x080080b2       0x46 Middlewares\ST\STM32_USB_Host_Library\Core\Src\usbh_pipes.o
 .text.MX_GPIO_Init
                0x080080f8      0x1e8 Src\gpio.o
                0x080080f8                MX_GPIO_Init
 .text.MX_I2C1_Init
                0x080082e0       0x5c Src\i2c.o
                0x080082e0                MX_I2C1_Init
 .text.HAL_I2C_MspInit
                0x0800833c       0x90 Src\i2c.o
                0x0800833c                HAL_I2C_MspInit
 .text.MX_I2S3_Init
                0x080083cc       0x60 Src\i2s.o
                0x080083cc                MX_I2S3_Init
 .text.HAL_I2S_MspInit
                0x0800842c       0xd0 Src\i2s.o
                0x0800842c                HAL_I2S_MspInit
 .text.micros   0x080084fc       0x40 Src\main.o
                0x080084fc                micros
 .text.HAL_GPIO_EXTI_Callback
                0x0800853c       0x70 Src\main.o
                0x0800853c                HAL_GPIO_EXTI_Callback
 .text.main     0x080085ac      0x110 Src\main.o
                0x080085ac                main
 .text.SystemClock_Config
                0x080086bc      0x104 Src\main.o
                0x080086bc                SystemClock_Config
 .text.MX_NVIC_Init
                0x080087c0       0x28 Src\main.o
 .text.HAL_UART_RxCpltCallback
                0x080087e8       0x30 Src\main.o
                0x080087e8                HAL_UART_RxCpltCallback
 .text.Error_Handler
                0x08008818        0xe Src\main.o
                0x08008818                Error_Handler
 *fill*         0x08008826        0x2 
 .text.MX_SPI1_Init
                0x08008828       0x6c Src\spi.o
                0x08008828                MX_SPI1_Init
 .text.HAL_SPI_MspInit
                0x08008894       0x90 Src\spi.o
                0x08008894                HAL_SPI_MspInit
 .text.HAL_MspInit
                0x08008924       0x50 Src\stm32f4xx_hal_msp.o
                0x08008924                HAL_MspInit
 .text.NMI_Handler
                0x08008974        0xe Src\stm32f4xx_it.o
                0x08008974                NMI_Handler
 .text.HardFault_Handler
                0x08008982        0x6 Src\stm32f4xx_it.o
                0x08008982                HardFault_Handler
 .text.MemManage_Handler
                0x08008988        0x6 Src\stm32f4xx_it.o
                0x08008988                MemManage_Handler
 .text.BusFault_Handler
                0x0800898e        0x6 Src\stm32f4xx_it.o
                0x0800898e                BusFault_Handler
 .text.UsageFault_Handler
                0x08008994        0x6 Src\stm32f4xx_it.o
                0x08008994                UsageFault_Handler
 .text.SVC_Handler
                0x0800899a        0xe Src\stm32f4xx_it.o
                0x0800899a                SVC_Handler
 .text.DebugMon_Handler
                0x080089a8        0xe Src\stm32f4xx_it.o
                0x080089a8                DebugMon_Handler
 .text.PendSV_Handler
                0x080089b6        0xe Src\stm32f4xx_it.o
                0x080089b6                PendSV_Handler
 .text.SysTick_Handler
                0x080089c4        0xc Src\stm32f4xx_it.o
                0x080089c4                SysTick_Handler
 .text.EXTI1_IRQHandler
                0x080089d0        0xe Src\stm32f4xx_it.o
                0x080089d0                EXTI1_IRQHandler
 *fill*         0x080089de        0x2 
 .text.USART3_IRQHandler
                0x080089e0       0x14 Src\stm32f4xx_it.o
                0x080089e0                USART3_IRQHandler
 .text.OTG_FS_IRQHandler
                0x080089f4       0x14 Src\stm32f4xx_it.o
                0x080089f4                OTG_FS_IRQHandler
 .text._sbrk    0x08008a08       0x58 Src\syscalls.o
                0x08008a08                _sbrk
 .text.SystemInit
                0x08008a60       0x2c Src\system_stm32f4xx.o
                0x08008a60                SystemInit
 .text.MX_TIM1_Init
                0x08008a8c      0x140 Src\tim.o
                0x08008a8c                MX_TIM1_Init
 .text.MX_TIM3_Init
                0x08008bcc      0x128 Src\tim.o
                0x08008bcc                MX_TIM3_Init
 .text.MX_TIM12_Init
                0x08008cf4       0xe4 Src\tim.o
                0x08008cf4                MX_TIM12_Init
 .text.HAL_TIM_Base_MspInit
                0x08008dd8       0x9c Src\tim.o
                0x08008dd8                HAL_TIM_Base_MspInit
 .text.HAL_TIM_MspPostInit
                0x08008e74      0x154 Src\tim.o
                0x08008e74                HAL_TIM_MspPostInit
 .text.MX_USART2_UART_Init
                0x08008fc8       0x54 Src\usart.o
                0x08008fc8                MX_USART2_UART_Init
 .text.MX_USART3_UART_Init
                0x0800901c       0x54 Src\usart.o
                0x0800901c                MX_USART3_UART_Init
 .text.HAL_UART_MspInit
                0x08009070      0x140 Src\usart.o
                0x08009070                HAL_UART_MspInit
 .text.MX_USB_HOST_Init
                0x080091b0       0x4c Src\usb_host.o
                0x080091b0                MX_USB_HOST_Init
 .text.MX_USB_HOST_Process
                0x080091fc       0x14 Src\usb_host.o
                0x080091fc                MX_USB_HOST_Process
 .text.USBH_UserProcess
                0x08009210       0x5c Src\usb_host.o
 .text.HAL_HCD_MspInit
                0x0800926c       0xc4 Src\usbh_conf.o
                0x0800926c                HAL_HCD_MspInit
 .text.HAL_HCD_SOF_Callback
                0x08009330       0x1c Src\usbh_conf.o
                0x08009330                HAL_HCD_SOF_Callback
 .text.HAL_HCD_Connect_Callback
                0x0800934c       0x1c Src\usbh_conf.o
                0x0800934c                HAL_HCD_Connect_Callback
 .text.HAL_HCD_Disconnect_Callback
                0x08009368       0x1c Src\usbh_conf.o
                0x08009368                HAL_HCD_Disconnect_Callback
 .text.HAL_HCD_HC_NotifyURBChange_Callback
                0x08009384       0x1c Src\usbh_conf.o
                0x08009384                HAL_HCD_HC_NotifyURBChange_Callback
 .text.HAL_HCD_PortEnabled_Callback
                0x080093a0       0x1c Src\usbh_conf.o
                0x080093a0                HAL_HCD_PortEnabled_Callback
 .text.HAL_HCD_PortDisabled_Callback
                0x080093bc       0x1c Src\usbh_conf.o
                0x080093bc                HAL_HCD_PortDisabled_Callback
 .text.USBH_LL_Init
                0x080093d8       0x78 Src\usbh_conf.o
                0x080093d8                USBH_LL_Init
 .text.USBH_LL_Start
                0x08009450       0x36 Src\usbh_conf.o
                0x08009450                USBH_LL_Start
 .text.USBH_LL_Stop
                0x08009486       0x36 Src\usbh_conf.o
                0x08009486                USBH_LL_Stop
 .text.USBH_LL_GetSpeed
                0x080094bc       0x4a Src\usbh_conf.o
                0x080094bc                USBH_LL_GetSpeed
 .text.USBH_LL_ResetPort
                0x08009506       0x36 Src\usbh_conf.o
                0x08009506                USBH_LL_ResetPort
 .text.USBH_LL_GetLastXferSize
                0x0800953c       0x26 Src\usbh_conf.o
                0x0800953c                USBH_LL_GetLastXferSize
 .text.USBH_LL_OpenPipe
                0x08009562       0x5e Src\usbh_conf.o
                0x08009562                USBH_LL_OpenPipe
 .text.USBH_LL_ClosePipe
                0x080095c0       0x3e Src\usbh_conf.o
                0x080095c0                USBH_LL_ClosePipe
 .text.USBH_LL_SubmitURB
                0x080095fe       0x62 Src\usbh_conf.o
                0x080095fe                USBH_LL_SubmitURB
 .text.USBH_LL_GetURBState
                0x08009660       0x26 Src\usbh_conf.o
                0x08009660                USBH_LL_GetURBState
 .text.USBH_LL_DriverVBUS
                0x08009686       0x2e Src\usbh_conf.o
                0x08009686                USBH_LL_DriverVBUS
 .text.USBH_LL_SetToggle
                0x080096b4       0x66 Src\usbh_conf.o
                0x080096b4                USBH_LL_SetToggle
 .text.USBH_Delay
                0x0800971a       0x16 Src\usbh_conf.o
                0x0800971a                USBH_Delay
 .text.USBH_Get_USB_Status
                0x08009730       0x58 Src\usbh_conf.o
                0x08009730                USBH_Get_USB_Status
 .text.MX_DriverVbusFS
                0x08009788       0x38 Src\usbh_platform.o
                0x08009788                MX_DriverVbusFS
 .text.Reset_Handler
                0x080097c0       0x50 startup\startup_stm32f407xx.o
                0x080097c0                Reset_Handler
 .text.Default_Handler
                0x08009810        0x2 startup\startup_stm32f407xx.o
                0x08009810                RTC_Alarm_IRQHandler
                0x08009810                HASH_RNG_IRQHandler
                0x08009810                EXTI2_IRQHandler
                0x08009810                TIM8_CC_IRQHandler
                0x08009810                TIM1_CC_IRQHandler
                0x08009810                DMA2_Stream5_IRQHandler
                0x08009810                DMA1_Stream5_IRQHandler
                0x08009810                PVD_IRQHandler
                0x08009810                SDIO_IRQHandler
                0x08009810                TAMP_STAMP_IRQHandler
                0x08009810                CAN2_RX1_IRQHandler
                0x08009810                EXTI3_IRQHandler
                0x08009810                TIM8_TRG_COM_TIM14_IRQHandler
                0x08009810                TIM1_UP_TIM10_IRQHandler
                0x08009810                TIM8_UP_TIM13_IRQHandler
                0x08009810                I2C3_ER_IRQHandler
                0x08009810                EXTI0_IRQHandler
                0x08009810                I2C2_EV_IRQHandler
                0x08009810                DMA1_Stream2_IRQHandler
                0x08009810                CAN1_RX0_IRQHandler
                0x08009810                FPU_IRQHandler
                0x08009810                OTG_HS_WKUP_IRQHandler
                0x08009810                CAN2_SCE_IRQHandler
                0x08009810                DMA2_Stream2_IRQHandler
                0x08009810                SPI1_IRQHandler
                0x08009810                TIM6_DAC_IRQHandler
                0x08009810                TIM1_BRK_TIM9_IRQHandler
                0x08009810                DCMI_IRQHandler
                0x08009810                CAN2_RX0_IRQHandler
                0x08009810                DMA2_Stream3_IRQHandler
                0x08009810                USART6_IRQHandler
                0x08009810                CAN1_RX1_IRQHandler
                0x08009810                UART5_IRQHandler
                0x08009810                DMA2_Stream0_IRQHandler
                0x08009810                TIM4_IRQHandler
                0x08009810                I2C1_EV_IRQHandler
                0x08009810                DMA1_Stream6_IRQHandler
                0x08009810                DMA1_Stream1_IRQHandler
                0x08009810                UART4_IRQHandler
                0x08009810                TIM3_IRQHandler
                0x08009810                RCC_IRQHandler
                0x08009810                TIM8_BRK_TIM12_IRQHandler
                0x08009810                Default_Handler
                0x08009810                EXTI15_10_IRQHandler
                0x08009810                ADC_IRQHandler
                0x08009810                DMA1_Stream7_IRQHandler
                0x08009810                TIM7_IRQHandler
                0x08009810                CAN2_TX_IRQHandler
                0x08009810                TIM5_IRQHandler
                0x08009810                DMA2_Stream7_IRQHandler
                0x08009810                I2C3_EV_IRQHandler
                0x08009810                EXTI9_5_IRQHandler
                0x08009810                RTC_WKUP_IRQHandler
                0x08009810                ETH_WKUP_IRQHandler
                0x08009810                SPI2_IRQHandler
                0x08009810                OTG_HS_EP1_IN_IRQHandler
                0x08009810                DMA1_Stream0_IRQHandler
                0x08009810                CAN1_TX_IRQHandler
                0x08009810                EXTI4_IRQHandler
                0x08009810                FSMC_IRQHandler
                0x08009810                ETH_IRQHandler
                0x08009810                OTG_HS_EP1_OUT_IRQHandler
                0x08009810                WWDG_IRQHandler
                0x08009810                TIM2_IRQHandler
                0x08009810                OTG_FS_WKUP_IRQHandler
                0x08009810                TIM1_TRG_COM_TIM11_IRQHandler
                0x08009810                OTG_HS_IRQHandler
                0x08009810                USART2_IRQHandler
                0x08009810                I2C2_ER_IRQHandler
                0x08009810                DMA2_Stream1_IRQHandler
                0x08009810                CAN1_SCE_IRQHandler
                0x08009810                FLASH_IRQHandler
                0x08009810                DMA2_Stream4_IRQHandler
                0x08009810                USART1_IRQHandler
                0x08009810                SPI3_IRQHandler
                0x08009810                DMA1_Stream4_IRQHandler
                0x08009810                I2C1_ER_IRQHandler
                0x08009810                DMA2_Stream6_IRQHandler
                0x08009810                DMA1_Stream3_IRQHandler
 *fill*         0x08009812        0x2 
 .text.__errno  0x08009814        0xc c:/program files (x86)/atollic/truestudio for stm32 9.3.0/armtools/bin/../lib/gcc/arm-atollic-eabi/6.3.1/../../../../arm-atollic-eabi/lib/armv7e-m/fpu\libc_nano.a(lib_a-errno.o)
                0x08009814                __errno
 .text.__libc_init_array
                0x08009820       0x48 c:/program files (x86)/atollic/truestudio for stm32 9.3.0/armtools/bin/../lib/gcc/arm-atollic-eabi/6.3.1/../../../../arm-atollic-eabi/lib/armv7e-m/fpu\libc_nano.a(lib_a-init.o)
                0x08009820                __libc_init_array
 .text.malloc   0x08009868       0x10 c:/program files (x86)/atollic/truestudio for stm32 9.3.0/armtools/bin/../lib/gcc/arm-atollic-eabi/6.3.1/../../../../arm-atollic-eabi/lib/armv7e-m/fpu\libc_nano.a(lib_a-malloc.o)
                0x08009868                malloc
 .text.free     0x08009878       0x10 c:/program files (x86)/atollic/truestudio for stm32 9.3.0/armtools/bin/../lib/gcc/arm-atollic-eabi/6.3.1/../../../../arm-atollic-eabi/lib/armv7e-m/fpu\libc_nano.a(lib_a-malloc.o)
                0x08009878                free
 .text.memset   0x08009888       0x10 c:/program files (x86)/atollic/truestudio for stm32 9.3.0/armtools/bin/../lib/gcc/arm-atollic-eabi/6.3.1/../../../../arm-atollic-eabi/lib/armv7e-m/fpu\libc_nano.a(lib_a-memset.o)
                0x08009888                memset
 .text._free_r  0x08009898       0x9c c:/program files (x86)/atollic/truestudio for stm32 9.3.0/armtools/bin/../lib/gcc/arm-atollic-eabi/6.3.1/../../../../arm-atollic-eabi/lib/armv7e-m/fpu\libc_nano.a(lib_a-nano-freer.o)
                0x08009898                _free_r
 .text._malloc_r
                0x08009934       0xbc c:/program files (x86)/atollic/truestudio for stm32 9.3.0/armtools/bin/../lib/gcc/arm-atollic-eabi/6.3.1/../../../../arm-atollic-eabi/lib/armv7e-m/fpu\libc_nano.a(lib_a-nano-mallocr.o)
                0x08009934                _malloc_r
 .text._sbrk_r  0x080099f0       0x20 c:/program files (x86)/atollic/truestudio for stm32 9.3.0/armtools/bin/../lib/gcc/arm-atollic-eabi/6.3.1/../../../../arm-atollic-eabi/lib/armv7e-m/fpu\libc_nano.a(lib_a-sbrkr.o)
                0x080099f0                _sbrk_r
 .text.__malloc_lock
                0x08009a10        0x2 c:/program files (x86)/atollic/truestudio for stm32 9.3.0/armtools/bin/../lib/gcc/arm-atollic-eabi/6.3.1/../../../../arm-atollic-eabi/lib/armv7e-m/fpu\libc_nano.a(lib_a-mlock.o)
                0x08009a10                __malloc_lock
 .text.__malloc_unlock
                0x08009a12        0x2 c:/program files (x86)/atollic/truestudio for stm32 9.3.0/armtools/bin/../lib/gcc/arm-atollic-eabi/6.3.1/../../../../arm-atollic-eabi/lib/armv7e-m/fpu\libc_nano.a(lib_a-mlock.o)
                0x08009a12                __malloc_unlock
 *(.glue_7)
 .glue_7        0x08009a14        0x0 linker stubs
 *(.glue_7t)
 .glue_7t       0x08009a14        0x0 linker stubs
 *(.eh_frame)
 .eh_frame      0x08009a14        0x0 c:/program files (x86)/atollic/truestudio for stm32 9.3.0/armtools/bin/../lib/gcc/arm-atollic-eabi/6.3.1/armv7e-m/fpu/crtbegin.o
 *(.init)
 .init          0x08009a14        0x4 c:/program files (x86)/atollic/truestudio for stm32 9.3.0/armtools/bin/../lib/gcc/arm-atollic-eabi/6.3.1/armv7e-m/fpu/crti.o
                0x08009a14                _init
 .init          0x08009a18        0x8 c:/program files (x86)/atollic/truestudio for stm32 9.3.0/armtools/bin/../lib/gcc/arm-atollic-eabi/6.3.1/armv7e-m/fpu/crtn.o
 *(.fini)
 .fini          0x08009a20        0x4 c:/program files (x86)/atollic/truestudio for stm32 9.3.0/armtools/bin/../lib/gcc/arm-atollic-eabi/6.3.1/armv7e-m/fpu/crti.o
                0x08009a20                _fini
 .fini          0x08009a24        0x8 c:/program files (x86)/atollic/truestudio for stm32 9.3.0/armtools/bin/../lib/gcc/arm-atollic-eabi/6.3.1/armv7e-m/fpu/crtn.o
                0x08009a2c                . = ALIGN (0x4)
                0x08009a2c                _etext = .

.vfp11_veneer   0x08009a2c        0x0
 .vfp11_veneer  0x08009a2c        0x0 linker stubs

.v4_bx          0x08009a2c        0x0
 .v4_bx         0x08009a2c        0x0 linker stubs

.iplt           0x08009a2c        0x0
 .iplt          0x08009a2c        0x0 c:/program files (x86)/atollic/truestudio for stm32 9.3.0/armtools/bin/../lib/gcc/arm-atollic-eabi/6.3.1/armv7e-m/fpu/crtbegin.o

.rodata         0x08009a2c       0x1c
                0x08009a2c                . = ALIGN (0x4)
 *(.rodata)
 .rodata        0x08009a2c        0x4 Middlewares\ST\STM32_USB_Host_Library\Class\CDC\Src\usbh_cdc.o
 *(.rodata*)
 .rodata.AHBPrescTable
                0x08009a30       0x10 Src\system_stm32f4xx.o
                0x08009a30                AHBPrescTable
 .rodata.APBPrescTable
                0x08009a40        0x8 Src\system_stm32f4xx.o
                0x08009a40                APBPrescTable
                0x08009a48                . = ALIGN (0x4)

.ARM.extab
 *(.ARM.extab* .gnu.linkonce.armextab.*)

.ARM            0x08009a48        0x8
                0x08009a48                __exidx_start = .
 *(.ARM.exidx*)
 .ARM.exidx     0x08009a48        0x8 c:/program files (x86)/atollic/truestudio for stm32 9.3.0/armtools/bin/../lib/gcc/arm-atollic-eabi/6.3.1/armv7e-m/fpu\libgcc.a(_udivmoddi4.o)
                0x08009a50                __exidx_end = .

.rel.dyn        0x08009a50        0x0
 .rel.iplt      0x08009a50        0x0 c:/program files (x86)/atollic/truestudio for stm32 9.3.0/armtools/bin/../lib/gcc/arm-atollic-eabi/6.3.1/armv7e-m/fpu/crtbegin.o

.preinit_array  0x08009a50        0x0
                0x08009a50                PROVIDE (__preinit_array_start, .)
 *(.preinit_array*)
                0x08009a50                PROVIDE (__preinit_array_end, .)

.init_array     0x08009a50        0x4
                0x08009a50                PROVIDE (__init_array_start, .)
 *(SORT(.init_array.*))
 *(.init_array*)
 .init_array    0x08009a50        0x4 c:/program files (x86)/atollic/truestudio for stm32 9.3.0/armtools/bin/../lib/gcc/arm-atollic-eabi/6.3.1/armv7e-m/fpu/crtbegin.o
                0x08009a54                PROVIDE (__init_array_end, .)

.fini_array     0x08009a54        0x4
                [!provide]                PROVIDE (__fini_array_start, .)
 *(SORT(.fini_array.*))
 *(.fini_array*)
 .fini_array    0x08009a54        0x4 c:/program files (x86)/atollic/truestudio for stm32 9.3.0/armtools/bin/../lib/gcc/arm-atollic-eabi/6.3.1/armv7e-m/fpu/crtbegin.o
                [!provide]                PROVIDE (__fini_array_end, .)
                0x08009a58                _sidata = LOADADDR (.data)

.data           0x20000000       0x94 load address 0x08009a58
                0x20000000                . = ALIGN (0x4)
                0x20000000                _sdata = .
 *(.data)
 *(.data*)
 .data.uwTickPrio
                0x20000000        0x4 Drivers\STM32F4xx_HAL_Driver\Src\stm32f4xx_hal.o
                0x20000000                uwTickPrio
 .data.uwTickFreq
                0x20000004        0x1 Drivers\STM32F4xx_HAL_Driver\Src\stm32f4xx_hal.o
                0x20000004                uwTickFreq
 *fill*         0x20000005        0x3 
 .data.CDC_Class
                0x20000008       0x20 Middlewares\ST\STM32_USB_Host_Library\Class\CDC\Src\usbh_cdc.o
                0x20000008                CDC_Class
 .data.tmp_stop
                0x20000028        0x1 Src\main.o
                0x20000028                tmp_stop
 .data.tmp_speed1
                0x20000029        0x1 Src\main.o
                0x20000029                tmp_speed1
 *fill*         0x2000002a        0x2 
 .data.SystemCoreClock
                0x2000002c        0x4 Src\system_stm32f4xx.o
                0x2000002c                SystemCoreClock
 .data._impure_ptr
                0x20000030        0x4 c:/program files (x86)/atollic/truestudio for stm32 9.3.0/armtools/bin/../lib/gcc/arm-atollic-eabi/6.3.1/../../../../arm-atollic-eabi/lib/armv7e-m/fpu\libc_nano.a(lib_a-impure.o)
                0x20000030                _impure_ptr
 .data.impure_data
                0x20000034       0x60 c:/program files (x86)/atollic/truestudio for stm32 9.3.0/armtools/bin/../lib/gcc/arm-atollic-eabi/6.3.1/../../../../arm-atollic-eabi/lib/armv7e-m/fpu\libc_nano.a(lib_a-impure.o)
                0x20000094                . = ALIGN (0x4)
                0x20000094                _edata = .
                0x08009aec                _siccmram = LOADADDR (.ccmram)

.igot.plt       0x20000094        0x0 load address 0x08009aec
 .igot.plt      0x20000094        0x0 c:/program files (x86)/atollic/truestudio for stm32 9.3.0/armtools/bin/../lib/gcc/arm-atollic-eabi/6.3.1/armv7e-m/fpu/crtbegin.o

.ccmram         0x10000000        0x0 load address 0x08009aec
                0x10000000                . = ALIGN (0x4)
                0x10000000                _sccmram = .
 *(.ccmram)
 *(.ccmram*)
                0x10000000                . = ALIGN (0x4)
                0x10000000                _eccmram = .
                0x10000000                . = ALIGN (0x4)

.bss            0x20000094      0x960
                0x20000094                _sbss = .
                0x20000094                __bss_start__ = _sbss
 *(.bss)
 .bss           0x20000094       0x1c c:/program files (x86)/atollic/truestudio for stm32 9.3.0/armtools/bin/../lib/gcc/arm-atollic-eabi/6.3.1/armv7e-m/fpu/crtbegin.o
 *(.bss*)
 .bss.tmpreg.8918
                0x200000b0        0x4 Drivers\STM32F4xx_HAL_Driver\Src\stm32f4xx_ll_usb.o
 .bss.distance_flag
                0x200000b4        0x1 Src\main.o
                0x200000b4                distance_flag
 .bss.rx3_data  0x200000b5        0x1 Src\main.o
                0x200000b5                rx3_data
 *fill*         0x200000b6        0x2 
 .bss.uwTick    0x200000b8        0x4 Src\main.o
                0x200000b8                uwTick
 .bss.ss.8717   0x200000bc        0x4 Src\main.o
 .bss.heap_end.7010
                0x200000c0        0x4 Src\syscalls.o
 .bss.Appli_state
                0x200000c4        0x1 Src\usb_host.o
                0x200000c4                Appli_state
 *fill*         0x200000c5        0x3 
 .bss.__malloc_free_list
                0x200000c8        0x4 c:/program files (x86)/atollic/truestudio for stm32 9.3.0/armtools/bin/../lib/gcc/arm-atollic-eabi/6.3.1/../../../../arm-atollic-eabi/lib/armv7e-m/fpu\libc_nano.a(lib_a-nano-mallocr.o)
                0x200000c8                __malloc_free_list
 .bss.__malloc_sbrk_start
                0x200000cc        0x4 c:/program files (x86)/atollic/truestudio for stm32 9.3.0/armtools/bin/../lib/gcc/arm-atollic-eabi/6.3.1/../../../../arm-atollic-eabi/lib/armv7e-m/fpu\libc_nano.a(lib_a-nano-mallocr.o)
                0x200000cc                __malloc_sbrk_start
 *(COMMON)
 COMMON         0x200000d0       0x54 Src\i2c.o
                0x200000d0                hi2c1
 COMMON         0x20000124       0x48 Src\i2s.o
                0x20000124                hi2s3
 COMMON         0x2000016c       0x5c Src\main.o
                0x2000016c                MOTOR_PWM
                0x20000180                response
                0x20000184                distance
                0x20000188                direction
                0x2000018c                MOTOR_PWM_MAX
                0x200001a0                MOTOR_PWM_MIN
                0x200001b4                MOTOR_PWM_MEAN
 COMMON         0x200001c8       0x58 Src\spi.o
                0x200001c8                hspi1
 COMMON         0x20000220       0xc0 Src\tim.o
                0x20000220                htim3
                0x20000260                htim1
                0x200002a0                htim12
 COMMON         0x200002e0       0x80 Src\usart.o
                0x200002e0                huart3
                0x20000320                huart2
 COMMON         0x20000360      0x3cc Src\usb_host.o
                0x20000360                hUsbHostFS
 COMMON         0x2000072c      0x2c4 Src\usbh_conf.o
                0x2000072c                hhcd_USB_OTG_FS
 COMMON         0x200009f0        0x4 c:/program files (x86)/atollic/truestudio for stm32 9.3.0/armtools/bin/../lib/gcc/arm-atollic-eabi/6.3.1/../../../../arm-atollic-eabi/lib/armv7e-m/fpu\libc_nano.a(lib_a-reent.o)
                0x200009f0                errno
                0x200009f4                . = ALIGN (0x4)
                0x200009f4                _ebss = .
                0x200009f4                __bss_end__ = _ebss

._user_heap_stack
                0x200009f4      0x600
                0x200009f4                . = ALIGN (0x4)
                0x200009f4                PROVIDE (end, .)
                [!provide]                PROVIDE (_end, .)
                0x20000bf4                . = (. + _Min_Heap_Size)
 *fill*         0x200009f4      0x200 
                0x20000ff4                . = (. + _Min_Stack_Size)
 *fill*         0x20000bf4      0x400 
                0x20000ff4                . = ALIGN (0x4)

/DISCARD/
 libc.a(*)
 libm.a(*)
 libgcc.a(*)

.ARM.attributes
                0x00000000       0x30
 *(.ARM.attributes)
 .ARM.attributes
                0x00000000       0x22 c:/program files (x86)/atollic/truestudio for stm32 9.3.0/armtools/bin/../lib/gcc/arm-atollic-eabi/6.3.1/armv7e-m/fpu/crti.o
 .ARM.attributes
                0x00000022       0x34 c:/program files (x86)/atollic/truestudio for stm32 9.3.0/armtools/bin/../lib/gcc/arm-atollic-eabi/6.3.1/armv7e-m/fpu/crtbegin.o
 .ARM.attributes
                0x00000056       0x39 Drivers\STM32F4xx_HAL_Driver\Src\stm32f4xx_hal.o
 .ARM.attributes
                0x0000008f       0x39 Drivers\STM32F4xx_HAL_Driver\Src\stm32f4xx_hal_cortex.o
 .ARM.attributes
                0x000000c8       0x39 Drivers\STM32F4xx_HAL_Driver\Src\stm32f4xx_hal_dma.o
 .ARM.attributes
                0x00000101       0x39 Drivers\STM32F4xx_HAL_Driver\Src\stm32f4xx_hal_gpio.o
 .ARM.attributes
                0x0000013a       0x39 Drivers\STM32F4xx_HAL_Driver\Src\stm32f4xx_hal_hcd.o
 .ARM.attributes
                0x00000173       0x39 Drivers\STM32F4xx_HAL_Driver\Src\stm32f4xx_hal_i2c.o
 .ARM.attributes
                0x000001ac       0x39 Drivers\STM32F4xx_HAL_Driver\Src\stm32f4xx_hal_i2s.o
 .ARM.attributes
                0x000001e5       0x39 Drivers\STM32F4xx_HAL_Driver\Src\stm32f4xx_hal_i2s_ex.o
 .ARM.attributes
                0x0000021e       0x39 Drivers\STM32F4xx_HAL_Driver\Src\stm32f4xx_hal_rcc.o
 .ARM.attributes
                0x00000257       0x39 Drivers\STM32F4xx_HAL_Driver\Src\stm32f4xx_hal_rcc_ex.o
 .ARM.attributes
                0x00000290       0x39 Drivers\STM32F4xx_HAL_Driver\Src\stm32f4xx_hal_spi.o
 .ARM.attributes
                0x000002c9       0x39 Drivers\STM32F4xx_HAL_Driver\Src\stm32f4xx_hal_tim.o
 .ARM.attributes
                0x00000302       0x39 Drivers\STM32F4xx_HAL_Driver\Src\stm32f4xx_hal_tim_ex.o
 .ARM.attributes
                0x0000033b       0x39 Drivers\STM32F4xx_HAL_Driver\Src\stm32f4xx_hal_uart.o
 .ARM.attributes
                0x00000374       0x39 Drivers\STM32F4xx_HAL_Driver\Src\stm32f4xx_ll_usb.o
 .ARM.attributes
                0x000003ad       0x39 Middlewares\ST\STM32_USB_Host_Library\Class\CDC\Src\usbh_cdc.o
 .ARM.attributes
                0x000003e6       0x39 Middlewares\ST\STM32_USB_Host_Library\Core\Src\usbh_core.o
 .ARM.attributes
                0x0000041f       0x39 Middlewares\ST\STM32_USB_Host_Library\Core\Src\usbh_ctlreq.o
 .ARM.attributes
                0x00000458       0x39 Middlewares\ST\STM32_USB_Host_Library\Core\Src\usbh_ioreq.o
 .ARM.attributes
                0x00000491       0x39 Middlewares\ST\STM32_USB_Host_Library\Core\Src\usbh_pipes.o
 .ARM.attributes
                0x000004ca       0x39 Src\gpio.o
 .ARM.attributes
                0x00000503       0x39 Src\i2c.o
 .ARM.attributes
                0x0000053c       0x39 Src\i2s.o
 .ARM.attributes
                0x00000575       0x39 Src\main.o
 .ARM.attributes
                0x000005ae       0x39 Src\spi.o
 .ARM.attributes
                0x000005e7       0x39 Src\stm32f4xx_hal_msp.o
 .ARM.attributes
                0x00000620       0x39 Src\stm32f4xx_it.o
 .ARM.attributes
                0x00000659       0x39 Src\syscalls.o
 .ARM.attributes
                0x00000692       0x39 Src\system_stm32f4xx.o
 .ARM.attributes
                0x000006cb       0x39 Src\tim.o
 .ARM.attributes
                0x00000704       0x39 Src\usart.o
 .ARM.attributes
                0x0000073d       0x39 Src\usb_host.o
 .ARM.attributes
                0x00000776       0x39 Src\usbh_conf.o
 .ARM.attributes
                0x000007af       0x39 Src\usbh_platform.o
 .ARM.attributes
                0x000007e8       0x21 startup\startup_stm32f407xx.o
 .ARM.attributes
                0x00000809       0x34 c:/program files (x86)/atollic/truestudio for stm32 9.3.0/armtools/bin/../lib/gcc/arm-atollic-eabi/6.3.1/../../../../arm-atollic-eabi/lib/armv7e-m/fpu\libc_nano.a(lib_a-errno.o)
 .ARM.attributes
                0x0000083d       0x34 c:/program files (x86)/atollic/truestudio for stm32 9.3.0/armtools/bin/../lib/gcc/arm-atollic-eabi/6.3.1/../../../../arm-atollic-eabi/lib/armv7e-m/fpu\libc_nano.a(lib_a-impure.o)
 .ARM.attributes
                0x00000871       0x34 c:/program files (x86)/atollic/truestudio for stm32 9.3.0/armtools/bin/../lib/gcc/arm-atollic-eabi/6.3.1/../../../../arm-atollic-eabi/lib/armv7e-m/fpu\libc_nano.a(lib_a-init.o)
 .ARM.attributes
                0x000008a5       0x34 c:/program files (x86)/atollic/truestudio for stm32 9.3.0/armtools/bin/../lib/gcc/arm-atollic-eabi/6.3.1/../../../../arm-atollic-eabi/lib/armv7e-m/fpu\libc_nano.a(lib_a-malloc.o)
 .ARM.attributes
                0x000008d9       0x34 c:/program files (x86)/atollic/truestudio for stm32 9.3.0/armtools/bin/../lib/gcc/arm-atollic-eabi/6.3.1/../../../../arm-atollic-eabi/lib/armv7e-m/fpu\libc_nano.a(lib_a-memset.o)
 .ARM.attributes
                0x0000090d       0x34 c:/program files (x86)/atollic/truestudio for stm32 9.3.0/armtools/bin/../lib/gcc/arm-atollic-eabi/6.3.1/../../../../arm-atollic-eabi/lib/armv7e-m/fpu\libc_nano.a(lib_a-nano-freer.o)
 .ARM.attributes
                0x00000941       0x34 c:/program files (x86)/atollic/truestudio for stm32 9.3.0/armtools/bin/../lib/gcc/arm-atollic-eabi/6.3.1/../../../../arm-atollic-eabi/lib/armv7e-m/fpu\libc_nano.a(lib_a-nano-mallocr.o)
 .ARM.attributes
                0x00000975       0x34 c:/program files (x86)/atollic/truestudio for stm32 9.3.0/armtools/bin/../lib/gcc/arm-atollic-eabi/6.3.1/../../../../arm-atollic-eabi/lib/armv7e-m/fpu\libc_nano.a(lib_a-sbrkr.o)
 .ARM.attributes
                0x000009a9       0x34 c:/program files (x86)/atollic/truestudio for stm32 9.3.0/armtools/bin/../lib/gcc/arm-atollic-eabi/6.3.1/../../../../arm-atollic-eabi/lib/armv7e-m/fpu\libc_nano.a(lib_a-mlock.o)
 .ARM.attributes
                0x000009dd       0x34 c:/program files (x86)/atollic/truestudio for stm32 9.3.0/armtools/bin/../lib/gcc/arm-atollic-eabi/6.3.1/../../../../arm-atollic-eabi/lib/armv7e-m/fpu\libc_nano.a(lib_a-reent.o)
 .ARM.attributes
                0x00000a11       0x22 c:/program files (x86)/atollic/truestudio for stm32 9.3.0/armtools/bin/../lib/gcc/arm-atollic-eabi/6.3.1/armv7e-m/fpu\libgcc.a(_aeabi_uldivmod.o)
 .ARM.attributes
                0x00000a33       0x34 c:/program files (x86)/atollic/truestudio for stm32 9.3.0/armtools/bin/../lib/gcc/arm-atollic-eabi/6.3.1/armv7e-m/fpu\libgcc.a(_udivmoddi4.o)
 .ARM.attributes
                0x00000a67       0x22 c:/program files (x86)/atollic/truestudio for stm32 9.3.0/armtools/bin/../lib/gcc/arm-atollic-eabi/6.3.1/armv7e-m/fpu\libgcc.a(_dvmd_tls.o)
 .ARM.attributes
                0x00000a89       0x22 c:/program files (x86)/atollic/truestudio for stm32 9.3.0/armtools/bin/../lib/gcc/arm-atollic-eabi/6.3.1/armv7e-m/fpu/crtn.o
OUTPUT(robot_arm_basic.elf elf32-littlearm)

.debug_info     0x00000000    0x2159e
 .debug_info    0x00000000      0x944 Drivers\STM32F4xx_HAL_Driver\Src\stm32f4xx_hal.o
 .debug_info    0x00000944      0xe28 Drivers\STM32F4xx_HAL_Driver\Src\stm32f4xx_hal_cortex.o
 .debug_info    0x0000176c      0x964 Drivers\STM32F4xx_HAL_Driver\Src\stm32f4xx_hal_dma.o
 .debug_info    0x000020d0      0x7b4 Drivers\STM32F4xx_HAL_Driver\Src\stm32f4xx_hal_gpio.o
 .debug_info    0x00002884      0xe35 Drivers\STM32F4xx_HAL_Driver\Src\stm32f4xx_hal_hcd.o
 .debug_info    0x000036b9     0x23b1 Drivers\STM32F4xx_HAL_Driver\Src\stm32f4xx_hal_i2c.o
 .debug_info    0x00005a6a      0xddc Drivers\STM32F4xx_HAL_Driver\Src\stm32f4xx_hal_i2s.o
 .debug_info    0x00006846      0xb72 Drivers\STM32F4xx_HAL_Driver\Src\stm32f4xx_hal_i2s_ex.o
 .debug_info    0x000073b8      0x903 Drivers\STM32F4xx_HAL_Driver\Src\stm32f4xx_hal_rcc.o
 .debug_info    0x00007cbb      0x5ad Drivers\STM32F4xx_HAL_Driver\Src\stm32f4xx_hal_rcc_ex.o
 .debug_info    0x00008268     0x1637 Drivers\STM32F4xx_HAL_Driver\Src\stm32f4xx_hal_spi.o
 .debug_info    0x0000989f     0x24a4 Drivers\STM32F4xx_HAL_Driver\Src\stm32f4xx_hal_tim.o
 .debug_info    0x0000bd43     0x1153 Drivers\STM32F4xx_HAL_Driver\Src\stm32f4xx_hal_tim_ex.o
 .debug_info    0x0000ce96     0x1249 Drivers\STM32F4xx_HAL_Driver\Src\stm32f4xx_hal_uart.o
 .debug_info    0x0000e0df     0x18d9 Drivers\STM32F4xx_HAL_Driver\Src\stm32f4xx_ll_usb.o
 .debug_info    0x0000f9b8     0x1a85 Middlewares\ST\STM32_USB_Host_Library\Class\CDC\Src\usbh_cdc.o
 .debug_info    0x0001143d     0x1657 Middlewares\ST\STM32_USB_Host_Library\Core\Src\usbh_core.o
 .debug_info    0x00012a94     0x1726 Middlewares\ST\STM32_USB_Host_Library\Core\Src\usbh_ctlreq.o
 .debug_info    0x000141ba     0x1493 Middlewares\ST\STM32_USB_Host_Library\Core\Src\usbh_ioreq.o
 .debug_info    0x0001564d     0x12d6 Middlewares\ST\STM32_USB_Host_Library\Core\Src\usbh_pipes.o
 .debug_info    0x00016923      0x501 Src\gpio.o
 .debug_info    0x00016e24      0x9da Src\i2c.o
 .debug_info    0x000177fe      0x9a6 Src\i2s.o
 .debug_info    0x000181a4     0x1828 Src\main.o
 .debug_info    0x000199cc      0x9b5 Src\spi.o
 .debug_info    0x0001a381      0x364 Src\stm32f4xx_hal_msp.o
 .debug_info    0x0001a6e5      0xaf9 Src\stm32f4xx_it.o
 .debug_info    0x0001b1de      0xf16 Src\syscalls.o
 .debug_info    0x0001c0f4      0x556 Src\system_stm32f4xx.o
 .debug_info    0x0001c64a      0xca4 Src\tim.o
 .debug_info    0x0001d2ee      0xbe8 Src\usart.o
 .debug_info    0x0001ded6     0x1229 Src\usb_host.o
 .debug_info    0x0001f0ff     0x21ac Src\usbh_conf.o
 .debug_info    0x000212ab      0x27b Src\usbh_platform.o
 .debug_info    0x00021526       0x78 startup\startup_stm32f407xx.o

.debug_abbrev   0x00000000     0x478f
 .debug_abbrev  0x00000000      0x1c2 Drivers\STM32F4xx_HAL_Driver\Src\stm32f4xx_hal.o
 .debug_abbrev  0x000001c2      0x2f5 Drivers\STM32F4xx_HAL_Driver\Src\stm32f4xx_hal_cortex.o
 .debug_abbrev  0x000004b7      0x224 Drivers\STM32F4xx_HAL_Driver\Src\stm32f4xx_hal_dma.o
 .debug_abbrev  0x000006db      0x1c4 Drivers\STM32F4xx_HAL_Driver\Src\stm32f4xx_hal_gpio.o
 .debug_abbrev  0x0000089f      0x250 Drivers\STM32F4xx_HAL_Driver\Src\stm32f4xx_hal_hcd.o
 .debug_abbrev  0x00000aef      0x24f Drivers\STM32F4xx_HAL_Driver\Src\stm32f4xx_hal_i2c.o
 .debug_abbrev  0x00000d3e      0x216 Drivers\STM32F4xx_HAL_Driver\Src\stm32f4xx_hal_i2s.o
 .debug_abbrev  0x00000f54      0x241 Drivers\STM32F4xx_HAL_Driver\Src\stm32f4xx_hal_i2s_ex.o
 .debug_abbrev  0x00001195      0x240 Drivers\STM32F4xx_HAL_Driver\Src\stm32f4xx_hal_rcc.o
 .debug_abbrev  0x000013d5      0x16e Drivers\STM32F4xx_HAL_Driver\Src\stm32f4xx_hal_rcc_ex.o
 .debug_abbrev  0x00001543      0x23b Drivers\STM32F4xx_HAL_Driver\Src\stm32f4xx_hal_spi.o
 .debug_abbrev  0x0000177e      0x229 Drivers\STM32F4xx_HAL_Driver\Src\stm32f4xx_hal_tim.o
 .debug_abbrev  0x000019a7      0x217 Drivers\STM32F4xx_HAL_Driver\Src\stm32f4xx_hal_tim_ex.o
 .debug_abbrev  0x00001bbe      0x23d Drivers\STM32F4xx_HAL_Driver\Src\stm32f4xx_hal_uart.o
 .debug_abbrev  0x00001dfb      0x265 Drivers\STM32F4xx_HAL_Driver\Src\stm32f4xx_ll_usb.o
 .debug_abbrev  0x00002060      0x301 Middlewares\ST\STM32_USB_Host_Library\Class\CDC\Src\usbh_cdc.o
 .debug_abbrev  0x00002361      0x35b Middlewares\ST\STM32_USB_Host_Library\Core\Src\usbh_core.o
 .debug_abbrev  0x000026bc      0x314 Middlewares\ST\STM32_USB_Host_Library\Core\Src\usbh_ctlreq.o
 .debug_abbrev  0x000029d0      0x272 Middlewares\ST\STM32_USB_Host_Library\Core\Src\usbh_ioreq.o
 .debug_abbrev  0x00002c42      0x2aa Middlewares\ST\STM32_USB_Host_Library\Core\Src\usbh_pipes.o
 .debug_abbrev  0x00002eec      0x12f Src\gpio.o
 .debug_abbrev  0x0000301b      0x194 Src\i2c.o
 .debug_abbrev  0x000031af      0x194 Src\i2s.o
 .debug_abbrev  0x00003343      0x24c Src\main.o
 .debug_abbrev  0x0000358f      0x194 Src\spi.o
 .debug_abbrev  0x00003723      0x104 Src\stm32f4xx_hal_msp.o
 .debug_abbrev  0x00003827      0x18b Src\stm32f4xx_it.o
 .debug_abbrev  0x000039b2      0x271 Src\syscalls.o
 .debug_abbrev  0x00003c23      0x126 Src\system_stm32f4xx.o
 .debug_abbrev  0x00003d49      0x1f5 Src\tim.o
 .debug_abbrev  0x00003f3e      0x19d Src\usart.o
 .debug_abbrev  0x000040db      0x261 Src\usb_host.o
 .debug_abbrev  0x0000433c      0x342 Src\usbh_conf.o
 .debug_abbrev  0x0000467e       0xff Src\usbh_platform.o
 .debug_abbrev  0x0000477d       0x12 startup\startup_stm32f407xx.o

.debug_aranges  0x00000000     0x19f8
 .debug_aranges
                0x00000000       0xf0 Drivers\STM32F4xx_HAL_Driver\Src\stm32f4xx_hal.o
 .debug_aranges
                0x000000f0      0x118 Drivers\STM32F4xx_HAL_Driver\Src\stm32f4xx_hal_cortex.o
 .debug_aranges
                0x00000208       0x90 Drivers\STM32F4xx_HAL_Driver\Src\stm32f4xx_hal_dma.o
 .debug_aranges
                0x00000298       0x58 Drivers\STM32F4xx_HAL_Driver\Src\stm32f4xx_hal_gpio.o
 .debug_aranges
                0x000002f0       0xf0 Drivers\STM32F4xx_HAL_Driver\Src\stm32f4xx_hal_hcd.o
 .debug_aranges
                0x000003e0      0x298 Drivers\STM32F4xx_HAL_Driver\Src\stm32f4xx_hal_i2c.o
 .debug_aranges
                0x00000678      0x108 Drivers\STM32F4xx_HAL_Driver\Src\stm32f4xx_hal_i2s.o
 .debug_aranges
                0x00000780       0x88 Drivers\STM32F4xx_HAL_Driver\Src\stm32f4xx_hal_i2s_ex.o
 .debug_aranges
                0x00000808       0x88 Drivers\STM32F4xx_HAL_Driver\Src\stm32f4xx_hal_rcc.o
 .debug_aranges
                0x00000890       0x48 Drivers\STM32F4xx_HAL_Driver\Src\stm32f4xx_hal_rcc_ex.o
 .debug_aranges
                0x000008d8      0x1d0 Drivers\STM32F4xx_HAL_Driver\Src\stm32f4xx_hal_spi.o
 .debug_aranges
                0x00000aa8      0x3a8 Drivers\STM32F4xx_HAL_Driver\Src\stm32f4xx_hal_tim.o
 .debug_aranges
                0x00000e50      0x150 Drivers\STM32F4xx_HAL_Driver\Src\stm32f4xx_hal_tim_ex.o
 .debug_aranges
                0x00000fa0      0x1d0 Drivers\STM32F4xx_HAL_Driver\Src\stm32f4xx_hal_uart.o
 .debug_aranges
                0x00001170      0x198 Drivers\STM32F4xx_HAL_Driver\Src\stm32f4xx_ll_usb.o
 .debug_aranges
                0x00001308       0xa8 Middlewares\ST\STM32_USB_Host_Library\Class\CDC\Src\usbh_cdc.o
 .debug_aranges
                0x000013b0       0xc0 Middlewares\ST\STM32_USB_Host_Library\Core\Src\usbh_core.o
 .debug_aranges
                0x00001470       0xa0 Middlewares\ST\STM32_USB_Host_Library\Core\Src\usbh_ctlreq.o
 .debug_aranges
                0x00001510       0x60 Middlewares\ST\STM32_USB_Host_Library\Core\Src\usbh_ioreq.o
 .debug_aranges
                0x00001570       0x40 Middlewares\ST\STM32_USB_Host_Library\Core\Src\usbh_pipes.o
 .debug_aranges
                0x000015b0       0x20 Src\gpio.o
 .debug_aranges
                0x000015d0       0x30 Src\i2c.o
 .debug_aranges
                0x00001600       0x30 Src\i2s.o
 .debug_aranges
                0x00001630       0x58 Src\main.o
 .debug_aranges
                0x00001688       0x30 Src\spi.o
 .debug_aranges
                0x000016b8       0x20 Src\stm32f4xx_hal_msp.o
 .debug_aranges
                0x000016d8       0x78 Src\stm32f4xx_it.o
 .debug_aranges
                0x00001750       0xb0 Src\syscalls.o
 .debug_aranges
                0x00001800       0x28 Src\system_stm32f4xx.o
 .debug_aranges
                0x00001828       0x48 Src\tim.o
 .debug_aranges
                0x00001870       0x38 Src\usart.o
 .debug_aranges
                0x000018a8       0x30 Src\usb_host.o
 .debug_aranges
                0x000018d8       0xd8 Src\usbh_conf.o
 .debug_aranges
                0x000019b0       0x20 Src\usbh_platform.o
 .debug_aranges
                0x000019d0       0x28 startup\startup_stm32f407xx.o

.debug_ranges   0x00000000     0x17f0
 .debug_ranges  0x00000000       0xe0 Drivers\STM32F4xx_HAL_Driver\Src\stm32f4xx_hal.o
 .debug_ranges  0x000000e0      0x108 Drivers\STM32F4xx_HAL_Driver\Src\stm32f4xx_hal_cortex.o
 .debug_ranges  0x000001e8       0x80 Drivers\STM32F4xx_HAL_Driver\Src\stm32f4xx_hal_dma.o
 .debug_ranges  0x00000268       0x48 Drivers\STM32F4xx_HAL_Driver\Src\stm32f4xx_hal_gpio.o
 .debug_ranges  0x000002b0       0xe0 Drivers\STM32F4xx_HAL_Driver\Src\stm32f4xx_hal_hcd.o
 .debug_ranges  0x00000390      0x2a8 Drivers\STM32F4xx_HAL_Driver\Src\stm32f4xx_hal_i2c.o
 .debug_ranges  0x00000638       0xf8 Drivers\STM32F4xx_HAL_Driver\Src\stm32f4xx_hal_i2s.o
 .debug_ranges  0x00000730       0x78 Drivers\STM32F4xx_HAL_Driver\Src\stm32f4xx_hal_i2s_ex.o
 .debug_ranges  0x000007a8       0x78 Drivers\STM32F4xx_HAL_Driver\Src\stm32f4xx_hal_rcc.o
 .debug_ranges  0x00000820       0x38 Drivers\STM32F4xx_HAL_Driver\Src\stm32f4xx_hal_rcc_ex.o
 .debug_ranges  0x00000858      0x1c0 Drivers\STM32F4xx_HAL_Driver\Src\stm32f4xx_hal_spi.o
 .debug_ranges  0x00000a18      0x398 Drivers\STM32F4xx_HAL_Driver\Src\stm32f4xx_hal_tim.o
 .debug_ranges  0x00000db0      0x140 Drivers\STM32F4xx_HAL_Driver\Src\stm32f4xx_hal_tim_ex.o
 .debug_ranges  0x00000ef0      0x1c0 Drivers\STM32F4xx_HAL_Driver\Src\stm32f4xx_hal_uart.o
 .debug_ranges  0x000010b0      0x188 Drivers\STM32F4xx_HAL_Driver\Src\stm32f4xx_ll_usb.o
 .debug_ranges  0x00001238       0x98 Middlewares\ST\STM32_USB_Host_Library\Class\CDC\Src\usbh_cdc.o
 .debug_ranges  0x000012d0       0xb0 Middlewares\ST\STM32_USB_Host_Library\Core\Src\usbh_core.o
 .debug_ranges  0x00001380       0x90 Middlewares\ST\STM32_USB_Host_Library\Core\Src\usbh_ctlreq.o
 .debug_ranges  0x00001410       0x50 Middlewares\ST\STM32_USB_Host_Library\Core\Src\usbh_ioreq.o
 .debug_ranges  0x00001460       0x30 Middlewares\ST\STM32_USB_Host_Library\Core\Src\usbh_pipes.o
 .debug_ranges  0x00001490       0x10 Src\gpio.o
 .debug_ranges  0x000014a0       0x20 Src\i2c.o
 .debug_ranges  0x000014c0       0x20 Src\i2s.o
 .debug_ranges  0x000014e0       0x48 Src\main.o
 .debug_ranges  0x00001528       0x20 Src\spi.o
 .debug_ranges  0x00001548       0x10 Src\stm32f4xx_hal_msp.o
 .debug_ranges  0x00001558       0x68 Src\stm32f4xx_it.o
 .debug_ranges  0x000015c0       0xa0 Src\syscalls.o
 .debug_ranges  0x00001660       0x18 Src\system_stm32f4xx.o
 .debug_ranges  0x00001678       0x38 Src\tim.o
 .debug_ranges  0x000016b0       0x28 Src\usart.o
 .debug_ranges  0x000016d8       0x20 Src\usb_host.o
 .debug_ranges  0x000016f8       0xc8 Src\usbh_conf.o
 .debug_ranges  0x000017c0       0x10 Src\usbh_platform.o
 .debug_ranges  0x000017d0       0x20 startup\startup_stm32f407xx.o

.debug_line     0x00000000     0xcbce
 .debug_line    0x00000000      0x41f Drivers\STM32F4xx_HAL_Driver\Src\stm32f4xx_hal.o
 .debug_line    0x0000041f      0x553 Drivers\STM32F4xx_HAL_Driver\Src\stm32f4xx_hal_cortex.o
 .debug_line    0x00000972      0x504 Drivers\STM32F4xx_HAL_Driver\Src\stm32f4xx_hal_dma.o
 .debug_line    0x00000e76      0x416 Drivers\STM32F4xx_HAL_Driver\Src\stm32f4xx_hal_gpio.o
 .debug_line    0x0000128c      0x6ce Drivers\STM32F4xx_HAL_Driver\Src\stm32f4xx_hal_hcd.o
 .debug_line    0x0000195a     0x1687 Drivers\STM32F4xx_HAL_Driver\Src\stm32f4xx_hal_i2c.o
 .debug_line    0x00002fe1      0x805 Drivers\STM32F4xx_HAL_Driver\Src\stm32f4xx_hal_i2s.o
 .debug_line    0x000037e6      0xa15 Drivers\STM32F4xx_HAL_Driver\Src\stm32f4xx_hal_i2s_ex.o
 .debug_line    0x000041fb      0x4c0 Drivers\STM32F4xx_HAL_Driver\Src\stm32f4xx_hal_rcc.o
 .debug_line    0x000046bb      0x35a Drivers\STM32F4xx_HAL_Driver\Src\stm32f4xx_hal_rcc_ex.o
 .debug_line    0x00004a15      0xbfa Drivers\STM32F4xx_HAL_Driver\Src\stm32f4xx_hal_spi.o
 .debug_line    0x0000560f     0x14c6 Drivers\STM32F4xx_HAL_Driver\Src\stm32f4xx_hal_tim.o
 .debug_line    0x00006ad5      0x87d Drivers\STM32F4xx_HAL_Driver\Src\stm32f4xx_hal_tim_ex.o
 .debug_line    0x00007352      0xb5c Drivers\STM32F4xx_HAL_Driver\Src\stm32f4xx_hal_uart.o
 .debug_line    0x00007eae      0x981 Drivers\STM32F4xx_HAL_Driver\Src\stm32f4xx_ll_usb.o
 .debug_line    0x0000882f      0x5c2 Middlewares\ST\STM32_USB_Host_Library\Class\CDC\Src\usbh_cdc.o
 .debug_line    0x00008df1      0x673 Middlewares\ST\STM32_USB_Host_Library\Core\Src\usbh_core.o
 .debug_line    0x00009464      0x5e7 Middlewares\ST\STM32_USB_Host_Library\Core\Src\usbh_ctlreq.o
 .debug_line    0x00009a4b      0x3ee Middlewares\ST\STM32_USB_Host_Library\Core\Src\usbh_ioreq.o
 .debug_line    0x00009e39      0x3a6 Middlewares\ST\STM32_USB_Host_Library\Core\Src\usbh_pipes.o
 .debug_line    0x0000a1df      0x21d Src\gpio.o
 .debug_line    0x0000a3fc      0x27b Src\i2c.o
 .debug_line    0x0000a677      0x282 Src\i2s.o
 .debug_line    0x0000a8f9      0x3c5 Src\main.o
 .debug_line    0x0000acbe      0x27d Src\spi.o
 .debug_line    0x0000af3b      0x1e6 Src\stm32f4xx_hal_msp.o
 .debug_line    0x0000b121      0x320 Src\stm32f4xx_it.o
 .debug_line    0x0000b441      0x3d8 Src\syscalls.o
 .debug_line    0x0000b819      0x20a Src\system_stm32f4xx.o
 .debug_line    0x0000ba23      0x343 Src\tim.o
 .debug_line    0x0000bd66      0x2b7 Src\usart.o
 .debug_line    0x0000c01d      0x3a5 Src\usb_host.o
 .debug_line    0x0000c3c2      0x592 Src\usbh_conf.o
 .debug_line    0x0000c954      0x1fb Src\usbh_platform.o
 .debug_line    0x0000cb4f       0x7f startup\startup_stm32f407xx.o

.debug_str      0x00000000     0x7aa9
 .debug_str     0x00000000      0xb0b Drivers\STM32F4xx_HAL_Driver\Src\stm32f4xx_hal.o
                                0xb79 (size before relaxing)
 .debug_str     0x00000b0b      0x4e6 Drivers\STM32F4xx_HAL_Driver\Src\stm32f4xx_hal_cortex.o
                                0xcfd (size before relaxing)
 .debug_str     0x00000ff1      0x517 Drivers\STM32F4xx_HAL_Driver\Src\stm32f4xx_hal_dma.o
                                0x83d (size before relaxing)
 .debug_str     0x00001508      0x1d8 Drivers\STM32F4xx_HAL_Driver\Src\stm32f4xx_hal_gpio.o
                                0x5c3 (size before relaxing)
 .debug_str     0x000016e0      0x720 Drivers\STM32F4xx_HAL_Driver\Src\stm32f4xx_hal_hcd.o
                                0xa9b (size before relaxing)
 .debug_str     0x00001e00      0xaef Drivers\STM32F4xx_HAL_Driver\Src\stm32f4xx_hal_i2c.o
                               0x1093 (size before relaxing)
 .debug_str     0x000028ef      0x419 Drivers\STM32F4xx_HAL_Driver\Src\stm32f4xx_hal_i2s.o
                                0x9df (size before relaxing)
 .debug_str     0x00002d08      0x1f1 Drivers\STM32F4xx_HAL_Driver\Src\stm32f4xx_hal_i2s_ex.o
                                0x933 (size before relaxing)
 .debug_str     0x00002ef9      0x2e9 Drivers\STM32F4xx_HAL_Driver\Src\stm32f4xx_hal_rcc.o
                                0x77a (size before relaxing)
 .debug_str     0x000031e2      0x179 Drivers\STM32F4xx_HAL_Driver\Src\stm32f4xx_hal_rcc_ex.o
                                0x576 (size before relaxing)
 .debug_str     0x0000335b      0x649 Drivers\STM32F4xx_HAL_Driver\Src\stm32f4xx_hal_spi.o
                                0xc70 (size before relaxing)
 .debug_str     0x000039a4      0xfb5 Drivers\STM32F4xx_HAL_Driver\Src\stm32f4xx_hal_tim.o
                               0x154d (size before relaxing)
 .debug_str     0x00004959      0x579 Drivers\STM32F4xx_HAL_Driver\Src\stm32f4xx_hal_tim_ex.o
                                0xd4d (size before relaxing)
 .debug_str     0x00004ed2      0x67c Drivers\STM32F4xx_HAL_Driver\Src\stm32f4xx_hal_uart.o
                                0xc8d (size before relaxing)
 .debug_str     0x0000554e      0x626 Drivers\STM32F4xx_HAL_Driver\Src\stm32f4xx_ll_usb.o
                                0xd15 (size before relaxing)
 .debug_str     0x00005b74     0x1162 Middlewares\ST\STM32_USB_Host_Library\Class\CDC\Src\usbh_cdc.o
                               0x153e (size before relaxing)
 .debug_str     0x00006cd6      0x209 Middlewares\ST\STM32_USB_Host_Library\Core\Src\usbh_core.o
                               0x10c9 (size before relaxing)
 .debug_str     0x00006edf      0x222 Middlewares\ST\STM32_USB_Host_Library\Core\Src\usbh_ctlreq.o
                               0x1145 (size before relaxing)
 .debug_str     0x00007101       0xfe Middlewares\ST\STM32_USB_Host_Library\Core\Src\usbh_ioreq.o
                                0xfc0 (size before relaxing)
 .debug_str     0x000071ff       0x97 Middlewares\ST\STM32_USB_Host_Library\Core\Src\usbh_pipes.o
                                0xf45 (size before relaxing)
 .debug_str     0x00007296       0x1b Src\gpio.o
                                0x43c (size before relaxing)
 .debug_str     0x000072b1       0x2a Src\i2c.o
                                0x951 (size before relaxing)
 .debug_str     0x000072db       0x2a Src\i2s.o
                                0x88a (size before relaxing)
 .debug_str     0x00007305      0x113 Src\main.o
                               0x1727 (size before relaxing)
 .debug_str     0x00007418       0x24 Src\spi.o
                                0x89a (size before relaxing)
 .debug_str     0x0000743c       0x1b Src\stm32f4xx_hal_msp.o
                                0x3ab (size before relaxing)
 .debug_str     0x00007457       0xeb Src\stm32f4xx_it.o
                                0xb2a (size before relaxing)
 .debug_str     0x00007542      0x22a Src\syscalls.o
                                0x854 (size before relaxing)
 .debug_str     0x0000776c       0x45 Src\system_stm32f4xx.o
                                0x427 (size before relaxing)
 .debug_str     0x000077b1       0x6c Src\tim.o
                                0xa91 (size before relaxing)
 .debug_str     0x0000781d       0x42 Src\usart.o
                                0xd84 (size before relaxing)
 .debug_str     0x0000785f       0xbe Src\usb_host.o
                                0xf53 (size before relaxing)
 .debug_str     0x0000791d      0x165 Src\usbh_conf.o
                               0x1c44 (size before relaxing)
 .debug_str     0x00007a82       0x27 Src\usbh_platform.o
                                0x323 (size before relaxing)

.comment        0x00000000       0x7c
 .comment       0x00000000       0x7c Drivers\STM32F4xx_HAL_Driver\Src\stm32f4xx_hal.o
                                 0x7d (size before relaxing)
 .comment       0x0000007c       0x7d Drivers\STM32F4xx_HAL_Driver\Src\stm32f4xx_hal_cortex.o
 .comment       0x0000007c       0x7d Drivers\STM32F4xx_HAL_Driver\Src\stm32f4xx_hal_dma.o
 .comment       0x0000007c       0x7d Drivers\STM32F4xx_HAL_Driver\Src\stm32f4xx_hal_gpio.o
 .comment       0x0000007c       0x7d Drivers\STM32F4xx_HAL_Driver\Src\stm32f4xx_hal_hcd.o
 .comment       0x0000007c       0x7d Drivers\STM32F4xx_HAL_Driver\Src\stm32f4xx_hal_i2c.o
 .comment       0x0000007c       0x7d Drivers\STM32F4xx_HAL_Driver\Src\stm32f4xx_hal_i2s.o
 .comment       0x0000007c       0x7d Drivers\STM32F4xx_HAL_Driver\Src\stm32f4xx_hal_i2s_ex.o
 .comment       0x0000007c       0x7d Drivers\STM32F4xx_HAL_Driver\Src\stm32f4xx_hal_rcc.o
 .comment       0x0000007c       0x7d Drivers\STM32F4xx_HAL_Driver\Src\stm32f4xx_hal_rcc_ex.o
 .comment       0x0000007c       0x7d Drivers\STM32F4xx_HAL_Driver\Src\stm32f4xx_hal_spi.o
 .comment       0x0000007c       0x7d Drivers\STM32F4xx_HAL_Driver\Src\stm32f4xx_hal_tim.o
 .comment       0x0000007c       0x7d Drivers\STM32F4xx_HAL_Driver\Src\stm32f4xx_hal_tim_ex.o
 .comment       0x0000007c       0x7d Drivers\STM32F4xx_HAL_Driver\Src\stm32f4xx_hal_uart.o
 .comment       0x0000007c       0x7d Drivers\STM32F4xx_HAL_Driver\Src\stm32f4xx_ll_usb.o
 .comment       0x0000007c       0x7d Middlewares\ST\STM32_USB_Host_Library\Class\CDC\Src\usbh_cdc.o
 .comment       0x0000007c       0x7d Middlewares\ST\STM32_USB_Host_Library\Core\Src\usbh_core.o
 .comment       0x0000007c       0x7d Middlewares\ST\STM32_USB_Host_Library\Core\Src\usbh_ctlreq.o
 .comment       0x0000007c       0x7d Middlewares\ST\STM32_USB_Host_Library\Core\Src\usbh_ioreq.o
 .comment       0x0000007c       0x7d Middlewares\ST\STM32_USB_Host_Library\Core\Src\usbh_pipes.o
 .comment       0x0000007c       0x7d Src\gpio.o
 .comment       0x0000007c       0x7d Src\i2c.o
 .comment       0x0000007c       0x7d Src\i2s.o
 .comment       0x0000007c       0x7d Src\main.o
 .comment       0x0000007c       0x7d Src\spi.o
 .comment       0x0000007c       0x7d Src\stm32f4xx_hal_msp.o
 .comment       0x0000007c       0x7d Src\stm32f4xx_it.o
 .comment       0x0000007c       0x7d Src\syscalls.o
 .comment       0x0000007c       0x7d Src\system_stm32f4xx.o
 .comment       0x0000007c       0x7d Src\tim.o
 .comment       0x0000007c       0x7d Src\usart.o
 .comment       0x0000007c       0x7d Src\usb_host.o
 .comment       0x0000007c       0x7d Src\usbh_conf.o
 .comment       0x0000007c       0x7d Src\usbh_platform.o

.debug_frame    0x00000000     0x6e04
 .debug_frame   0x00000000      0x374 Drivers\STM32F4xx_HAL_Driver\Src\stm32f4xx_hal.o
 .debug_frame   0x00000374      0x498 Drivers\STM32F4xx_HAL_Driver\Src\stm32f4xx_hal_cortex.o
 .debug_frame   0x0000080c      0x250 Drivers\STM32F4xx_HAL_Driver\Src\stm32f4xx_hal_dma.o
 .debug_frame   0x00000a5c      0x14c Drivers\STM32F4xx_HAL_Driver\Src\stm32f4xx_hal_gpio.o
 .debug_frame   0x00000ba8      0x428 Drivers\STM32F4xx_HAL_Driver\Src\stm32f4xx_hal_hcd.o
 .debug_frame   0x00000fd0      0xc38 Drivers\STM32F4xx_HAL_Driver\Src\stm32f4xx_hal_i2c.o
 .debug_frame   0x00001c08      0x480 Drivers\STM32F4xx_HAL_Driver\Src\stm32f4xx_hal_i2s.o
 .debug_frame   0x00002088      0x220 Drivers\STM32F4xx_HAL_Driver\Src\stm32f4xx_hal_i2s_ex.o
 .debug_frame   0x000022a8      0x1f8 Drivers\STM32F4xx_HAL_Driver\Src\stm32f4xx_hal_rcc.o
 .debug_frame   0x000024a0       0xf0 Drivers\STM32F4xx_HAL_Driver\Src\stm32f4xx_hal_rcc_ex.o
 .debug_frame   0x00002590      0x824 Drivers\STM32F4xx_HAL_Driver\Src\stm32f4xx_hal_spi.o
 .debug_frame   0x00002db4     0x10f0 Drivers\STM32F4xx_HAL_Driver\Src\stm32f4xx_hal_tim.o
 .debug_frame   0x00003ea4      0x5c0 Drivers\STM32F4xx_HAL_Driver\Src\stm32f4xx_hal_tim_ex.o
 .debug_frame   0x00004464      0x844 Drivers\STM32F4xx_HAL_Driver\Src\stm32f4xx_hal_uart.o
 .debug_frame   0x00004ca8      0x790 Drivers\STM32F4xx_HAL_Driver\Src\stm32f4xx_ll_usb.o
 .debug_frame   0x00005438      0x2c0 Middlewares\ST\STM32_USB_Host_Library\Class\CDC\Src\usbh_cdc.o
 .debug_frame   0x000056f8      0x334 Middlewares\ST\STM32_USB_Host_Library\Core\Src\usbh_core.o
 .debug_frame   0x00005a2c      0x28c Middlewares\ST\STM32_USB_Host_Library\Core\Src\usbh_ctlreq.o
 .debug_frame   0x00005cb8      0x154 Middlewares\ST\STM32_USB_Host_Library\Core\Src\usbh_ioreq.o
 .debug_frame   0x00005e0c       0xcc Middlewares\ST\STM32_USB_Host_Library\Core\Src\usbh_pipes.o
 .debug_frame   0x00005ed8       0x34 Src\gpio.o
 .debug_frame   0x00005f0c       0x74 Src\i2c.o
 .debug_frame   0x00005f80       0x74 Src\i2s.o
 .debug_frame   0x00005ff4      0x118 Src\main.o
 .debug_frame   0x0000610c       0x74 Src\spi.o
 .debug_frame   0x00006180       0x34 Src\stm32f4xx_hal_msp.o
 .debug_frame   0x000061b4      0x160 Src\stm32f4xx_it.o
 .debug_frame   0x00006314      0x2d4 Src\syscalls.o
 .debug_frame   0x000065e8       0x58 Src\system_stm32f4xx.o
 .debug_frame   0x00006640       0xf0 Src\tim.o
 .debug_frame   0x00006730       0x90 Src\usart.o
 .debug_frame   0x000067c0       0x70 Src\usb_host.o
 .debug_frame   0x00006830      0x388 Src\usbh_conf.o
 .debug_frame   0x00006bb8       0x34 Src\usbh_platform.o
 .debug_frame   0x00006bec       0x20 c:/program files (x86)/atollic/truestudio for stm32 9.3.0/armtools/bin/../lib/gcc/arm-atollic-eabi/6.3.1/../../../../arm-atollic-eabi/lib/armv7e-m/fpu\libc_nano.a(lib_a-errno.o)
 .debug_frame   0x00006c0c       0x2c c:/program files (x86)/atollic/truestudio for stm32 9.3.0/armtools/bin/../lib/gcc/arm-atollic-eabi/6.3.1/../../../../arm-atollic-eabi/lib/armv7e-m/fpu\libc_nano.a(lib_a-init.o)
 .debug_frame   0x00006c38       0x30 c:/program files (x86)/atollic/truestudio for stm32 9.3.0/armtools/bin/../lib/gcc/arm-atollic-eabi/6.3.1/../../../../arm-atollic-eabi/lib/armv7e-m/fpu\libc_nano.a(lib_a-malloc.o)
 .debug_frame   0x00006c68       0x20 c:/program files (x86)/atollic/truestudio for stm32 9.3.0/armtools/bin/../lib/gcc/arm-atollic-eabi/6.3.1/../../../../arm-atollic-eabi/lib/armv7e-m/fpu\libc_nano.a(lib_a-memset.o)
 .debug_frame   0x00006c88       0x38 c:/program files (x86)/atollic/truestudio for stm32 9.3.0/armtools/bin/../lib/gcc/arm-atollic-eabi/6.3.1/../../../../arm-atollic-eabi/lib/armv7e-m/fpu\libc_nano.a(lib_a-nano-freer.o)
 .debug_frame   0x00006cc0       0x2c c:/program files (x86)/atollic/truestudio for stm32 9.3.0/armtools/bin/../lib/gcc/arm-atollic-eabi/6.3.1/../../../../arm-atollic-eabi/lib/armv7e-m/fpu\libc_nano.a(lib_a-nano-mallocr.o)
 .debug_frame   0x00006cec       0x2c c:/program files (x86)/atollic/truestudio for stm32 9.3.0/armtools/bin/../lib/gcc/arm-atollic-eabi/6.3.1/../../../../arm-atollic-eabi/lib/armv7e-m/fpu\libc_nano.a(lib_a-sbrkr.o)
 .debug_frame   0x00006d18       0x30 c:/program files (x86)/atollic/truestudio for stm32 9.3.0/armtools/bin/../lib/gcc/arm-atollic-eabi/6.3.1/../../../../arm-atollic-eabi/lib/armv7e-m/fpu\libc_nano.a(lib_a-mlock.o)
 .debug_frame   0x00006d48       0x5c c:/program files (x86)/atollic/truestudio for stm32 9.3.0/armtools/bin/../lib/gcc/arm-atollic-eabi/6.3.1/../../../../arm-atollic-eabi/lib/armv7e-m/fpu\libc_nano.a(lib_a-reent.o)
 .debug_frame   0x00006da4       0x2c c:/program files (x86)/atollic/truestudio for stm32 9.3.0/armtools/bin/../lib/gcc/arm-atollic-eabi/6.3.1/armv7e-m/fpu\libgcc.a(_aeabi_uldivmod.o)
 .debug_frame   0x00006dd0       0x34 c:/program files (x86)/atollic/truestudio for stm32 9.3.0/armtools/bin/../lib/gcc/arm-atollic-eabi/6.3.1/armv7e-m/fpu\libgcc.a(_udivmoddi4.o)